Wed Dec 25 00:42:49 CST 2024
hgpn08
              total        used        free      shared  buff/cache   available
Mem:          2.0Ti        28Gi       1.7Ti       5.0Gi       217Gi       1.9Ti
Swap:            0B          0B          0B
Namespace(d=36)
16 0.01 36 8
Start 0: 2.200 0 ForkPoolWorker-1

Start 4: 2.206 1 ForkPoolWorker-2

Start 8: 2.212 4 ForkPoolWorker-5

Start 12: 2.218 2 ForkPoolWorker-3

Start 16: 2.224 3 ForkPoolWorker-4

Start 20: 2.230 5 ForkPoolWorker-6

Start 24: 2.236 6 ForkPoolWorker-7

Start 28: 2.242 7 ForkPoolWorker-8

/home/u3518384/CompPhys/11020PHYS401200-Ising-Model/torch-V4/Cv_1.py:170: DeprecationWarning: __array__ implementation doesn't accept a copy keyword, so passing copy=False failed. __array__ must implement 'dtype' and 'copy' keyword arguments.
  W[j, :] = eigvals[-2:]
/home/u3518384/CompPhys/11020PHYS401200-Ising-Model/torch-V4/Cv_1.py:170: DeprecationWarning: __array__ implementation doesn't accept a copy keyword, so passing copy=False failed. __array__ must implement 'dtype' and 'copy' keyword arguments.
  W[j, :] = eigvals[-2:]
/home/u3518384/CompPhys/11020PHYS401200-Ising-Model/torch-V4/Cv_1.py:170: DeprecationWarning: __array__ implementation doesn't accept a copy keyword, so passing copy=False failed. __array__ must implement 'dtype' and 'copy' keyword arguments.
  W[j, :] = eigvals[-2:]
/home/u3518384/CompPhys/11020PHYS401200-Ising-Model/torch-V4/Cv_1.py:170: DeprecationWarning: __array__ implementation doesn't accept a copy keyword, so passing copy=False failed. __array__ must implement 'dtype' and 'copy' keyword arguments.
  W[j, :] = eigvals[-2:]
/home/u3518384/CompPhys/11020PHYS401200-Ising-Model/torch-V4/Cv_1.py:170: DeprecationWarning: __array__ implementation doesn't accept a copy keyword, so passing copy=False failed. __array__ must implement 'dtype' and 'copy' keyword arguments.
  W[j, :] = eigvals[-2:]
/home/u3518384/CompPhys/11020PHYS401200-Ising-Model/torch-V4/Cv_1.py:170: DeprecationWarning: __array__ implementation doesn't accept a copy keyword, so passing copy=False failed. __array__ must implement 'dtype' and 'copy' keyword arguments.
  W[j, :] = eigvals[-2:]
/home/u3518384/CompPhys/11020PHYS401200-Ising-Model/torch-V4/Cv_1.py:170: DeprecationWarning: __array__ implementation doesn't accept a copy keyword, so passing copy=False failed. __array__ must implement 'dtype' and 'copy' keyword arguments.
  W[j, :] = eigvals[-2:]
/home/u3518384/CompPhys/11020PHYS401200-Ising-Model/torch-V4/Cv_1.py:170: DeprecationWarning: __array__ implementation doesn't accept a copy keyword, so passing copy=False failed. __array__ must implement 'dtype' and 'copy' keyword arguments.
  W[j, :] = eigvals[-2:]
/home/u3518384/CompPhys/11020PHYS401200-Ising-Model/torch-V4/Cv_1.py:190: RuntimeWarning: divide by zero encountered in log
  E = -np.log(W)
/home/u3518384/CompPhys/11020PHYS401200-Ising-Model/torch-V4/Cv_1.py:191: RuntimeWarning: invalid value encountered in subtract
  Corr_len = 1 / (E[:, -2] - E[:, -1])
/home/u3518384/CompPhys/11020PHYS401200-Ising-Model/torch-V4/Cv_1.py:191: RuntimeWarning: divide by zero encountered in divide
  Corr_len = 1 / (E[:, -2] - E[:, -1])
End 16: 2.224 Use time: 40.63
Start 17: 2.226 3 ForkPoolWorker-4

/home/u3518384/CompPhys/11020PHYS401200-Ising-Model/torch-V4/Cv_1.py:190: RuntimeWarning: divide by zero encountered in log
  E = -np.log(W)
/home/u3518384/CompPhys/11020PHYS401200-Ising-Model/torch-V4/Cv_1.py:191: RuntimeWarning: invalid value encountered in subtract
  Corr_len = 1 / (E[:, -2] - E[:, -1])
/home/u3518384/CompPhys/11020PHYS401200-Ising-Model/torch-V4/Cv_1.py:191: RuntimeWarning: divide by zero encountered in divide
  Corr_len = 1 / (E[:, -2] - E[:, -1])
End 20: 2.230 Use time: 40.73
Start 21: 2.232 5 ForkPoolWorker-6

/home/u3518384/CompPhys/11020PHYS401200-Ising-Model/torch-V4/Cv_1.py:190: RuntimeWarning: divide by zero encountered in log
  E = -np.log(W)
/home/u3518384/CompPhys/11020PHYS401200-Ising-Model/torch-V4/Cv_1.py:191: RuntimeWarning: invalid value encountered in subtract
  Corr_len = 1 / (E[:, -2] - E[:, -1])
/home/u3518384/CompPhys/11020PHYS401200-Ising-Model/torch-V4/Cv_1.py:191: RuntimeWarning: divide by zero encountered in divide
  Corr_len = 1 / (E[:, -2] - E[:, -1])
End 0: 2.200 Use time: 40.81
Start 1: 2.202 0 ForkPoolWorker-1

/home/u3518384/CompPhys/11020PHYS401200-Ising-Model/torch-V4/Cv_1.py:190: RuntimeWarning: divide by zero encountered in log
  E = -np.log(W)
/home/u3518384/CompPhys/11020PHYS401200-Ising-Model/torch-V4/Cv_1.py:191: RuntimeWarning: invalid value encountered in subtract
  Corr_len = 1 / (E[:, -2] - E[:, -1])
/home/u3518384/CompPhys/11020PHYS401200-Ising-Model/torch-V4/Cv_1.py:191: RuntimeWarning: divide by zero encountered in divide
  Corr_len = 1 / (E[:, -2] - E[:, -1])
End 28: 2.242 Use time: 40.86
Start 29: 2.244 7 ForkPoolWorker-8

/home/u3518384/CompPhys/11020PHYS401200-Ising-Model/torch-V4/Cv_1.py:190: RuntimeWarning: divide by zero encountered in log
  E = -np.log(W)
/home/u3518384/CompPhys/11020PHYS401200-Ising-Model/torch-V4/Cv_1.py:191: RuntimeWarning: invalid value encountered in subtract
  Corr_len = 1 / (E[:, -2] - E[:, -1])
/home/u3518384/CompPhys/11020PHYS401200-Ising-Model/torch-V4/Cv_1.py:191: RuntimeWarning: divide by zero encountered in divide
  Corr_len = 1 / (E[:, -2] - E[:, -1])
End 4: 2.206 Use time: 41.02
Start 5: 2.208 1 ForkPoolWorker-2

/home/u3518384/CompPhys/11020PHYS401200-Ising-Model/torch-V4/Cv_1.py:190: RuntimeWarning: divide by zero encountered in log
  E = -np.log(W)
/home/u3518384/CompPhys/11020PHYS401200-Ising-Model/torch-V4/Cv_1.py:191: RuntimeWarning: invalid value encountered in subtract
  Corr_len = 1 / (E[:, -2] - E[:, -1])
/home/u3518384/CompPhys/11020PHYS401200-Ising-Model/torch-V4/Cv_1.py:191: RuntimeWarning: divide by zero encountered in divide
  Corr_len = 1 / (E[:, -2] - E[:, -1])
End 24: 2.236 Use time: 41.04
Start 25: 2.238 6 ForkPoolWorker-7

/home/u3518384/CompPhys/11020PHYS401200-Ising-Model/torch-V4/Cv_1.py:190: RuntimeWarning: divide by zero encountered in log
  E = -np.log(W)
/home/u3518384/CompPhys/11020PHYS401200-Ising-Model/torch-V4/Cv_1.py:191: RuntimeWarning: invalid value encountered in subtract
  Corr_len = 1 / (E[:, -2] - E[:, -1])
/home/u3518384/CompPhys/11020PHYS401200-Ising-Model/torch-V4/Cv_1.py:191: RuntimeWarning: divide by zero encountered in divide
  Corr_len = 1 / (E[:, -2] - E[:, -1])
End 8: 2.212 Use time: 41.28
Start 9: 2.214 4 ForkPoolWorker-5

/home/u3518384/CompPhys/11020PHYS401200-Ising-Model/torch-V4/Cv_1.py:190: RuntimeWarning: divide by zero encountered in log
  E = -np.log(W)
/home/u3518384/CompPhys/11020PHYS401200-Ising-Model/torch-V4/Cv_1.py:191: RuntimeWarning: invalid value encountered in subtract
  Corr_len = 1 / (E[:, -2] - E[:, -1])
/home/u3518384/CompPhys/11020PHYS401200-Ising-Model/torch-V4/Cv_1.py:191: RuntimeWarning: divide by zero encountered in divide
  Corr_len = 1 / (E[:, -2] - E[:, -1])
End 12: 2.218 Use time: 42.43
Start 13: 2.220 2 ForkPoolWorker-3

End 17: 2.226 Use time: 33.64
Start 18: 2.227 3 ForkPoolWorker-4

End 21: 2.232 Use time: 33.67
Start 22: 2.233 5 ForkPoolWorker-6

End 1: 2.202 Use time: 33.62
Start 2: 2.203 0 ForkPoolWorker-1

End 29: 2.244 Use time: 33.79
Start 30: 2.245 7 ForkPoolWorker-8

End 25: 2.238 Use time: 33.66
Start 26: 2.239 6 ForkPoolWorker-7

End 5: 2.208 Use time: 33.93
Start 6: 2.209 1 ForkPoolWorker-2

End 9: 2.214 Use time: 34.15
Start 10: 2.215 4 ForkPoolWorker-5

End 13: 2.220 Use time: 34.95
Start 14: 2.221 2 ForkPoolWorker-3

End 18: 2.227 Use time: 33.39
Start 19: 2.229 3 ForkPoolWorker-4

End 30: 2.245 Use time: 33.41
Start 31: 2.247 7 ForkPoolWorker-8

End 22: 2.233 Use time: 33.73
Start 23: 2.235 5 ForkPoolWorker-6

End 2: 2.203 Use time: 33.95
Start 3: 2.205 0 ForkPoolWorker-1

End 26: 2.239 Use time: 33.87
Start 27: 2.241 6 ForkPoolWorker-7

End 6: 2.209 Use time: 34.17
Start 7: 2.211 1 ForkPoolWorker-2

End 10: 2.215 Use time: 34.55
Start 11: 2.217 4 ForkPoolWorker-5

End 14: 2.221 Use time: 34.31
Start 15: 2.223 2 ForkPoolWorker-3

/home/u3518384/CompPhys/11020PHYS401200-Ising-Model/torch-V4/Cv_1.py:122: UserWarning: torch.linalg.svd: During SVD computation with the selected cusolver driver, batches 0 failed to converge. A more accurate method will be used to compute the SVD as a fallback. Check doc at https://pytorch.org/docs/stable/generated/torch.linalg.svd.html (Triggered internally at /opt/conda/conda-bld/pytorch_1729647378361/work/aten/src/ATen/native/cuda/linalg/BatchLinearAlgebraLib.cpp:697.)
  U, S, V = torch.svd(Tmerge_pure)
End 19: 2.229 Use time: 33.38
Start 32: 2.248 3 ForkPoolWorker-4

End 23: 2.235 Use time: 33.70
Start 36: 2.255 5 ForkPoolWorker-6

End 31: 2.247 Use time: 34.02
Start 40: 2.261 7 ForkPoolWorker-8

End 27: 2.241 Use time: 33.72
Start 44: 2.267 6 ForkPoolWorker-7

End 3: 2.205 Use time: 34.18
Start 48: 2.273 0 ForkPoolWorker-1

End 7: 2.211 Use time: 34.30
Start 52: 2.279 1 ForkPoolWorker-2

End 11: 2.217 Use time: 34.56
Start 56: 2.285 4 ForkPoolWorker-5

End 15: 2.223 Use time: 34.16
Start 60: 2.291 2 ForkPoolWorker-3

End 32: 2.248 Use time: 33.24
Start 33: 2.250 3 ForkPoolWorker-4

End 36: 2.255 Use time: 33.74
Start 37: 2.256 5 ForkPoolWorker-6

End 40: 2.261 Use time: 33.96
Start 41: 2.262 7 ForkPoolWorker-8

End 48: 2.273 Use time: 33.60
Start 49: 2.274 0 ForkPoolWorker-1

End 52: 2.279 Use time: 32.89
Start 53: 2.280 1 ForkPoolWorker-2

End 44: 2.267 Use time: 34.60
Start 45: 2.268 6 ForkPoolWorker-7

End 56: 2.285 Use time: 32.90
Start 57: 2.286 4 ForkPoolWorker-5

End 60: 2.291 Use time: 32.40
Start 61: 2.292 2 ForkPoolWorker-3

End 33: 2.250 Use time: 33.40
Start 34: 2.252 3 ForkPoolWorker-4

End 53: 2.280 Use time: 32.88
Start 54: 2.282 1 ForkPoolWorker-2

End 37: 2.256 Use time: 33.65
Start 38: 2.258 5 ForkPoolWorker-6

End 49: 2.274 Use time: 33.47
Start 50: 2.276 0 ForkPoolWorker-1

End 41: 2.262 Use time: 34.01
Start 42: 2.264 7 ForkPoolWorker-8

End 57: 2.286 Use time: 32.85
Start 58: 2.288 4 ForkPoolWorker-5

End 61: 2.292 Use time: 32.59
Start 62: 2.294 2 ForkPoolWorker-3

End 45: 2.268 Use time: 35.32
Start 46: 2.270 6 ForkPoolWorker-7

End 34: 2.252 Use time: 33.74
Start 35: 2.253 3 ForkPoolWorker-4

End 54: 2.282 Use time: 33.17
Start 55: 2.283 1 ForkPoolWorker-2

End 38: 2.258 Use time: 33.34
Start 39: 2.259 5 ForkPoolWorker-6

End 58: 2.288 Use time: 32.75
Start 59: 2.289 4 ForkPoolWorker-5

End 50: 2.276 Use time: 33.43
Start 51: 2.277 0 ForkPoolWorker-1

End 62: 2.294 Use time: 32.47
Start 63: 2.295 2 ForkPoolWorker-3

End 42: 2.264 Use time: 33.90
Start 43: 2.265 7 ForkPoolWorker-8

End 46: 2.270 Use time: 34.64
Start 47: 2.271 6 ForkPoolWorker-7

End 35: 2.253 Use time: 33.99
Start 64: 2.297 3 ForkPoolWorker-4

End 55: 2.283 Use time: 33.19
Start 68: 2.303 1 ForkPoolWorker-2

End 59: 2.289 Use time: 32.67
Start 72: 2.309 4 ForkPoolWorker-5

End 63: 2.295 Use time: 32.54
Start 76: 2.315 2 ForkPoolWorker-3

End 39: 2.259 Use time: 33.40
Start 80: 2.321 5 ForkPoolWorker-6

End 51: 2.277 Use time: 33.27
Start 84: 2.327 0 ForkPoolWorker-1

End 43: 2.265 Use time: 34.49
Start 88: 2.333 7 ForkPoolWorker-8

End 47: 2.271 Use time: 34.30
Start 92: 2.339 6 ForkPoolWorker-7

End 64: 2.297 Use time: 32.31
Start 65: 2.298 3 ForkPoolWorker-4

End 72: 2.309 Use time: 32.46
Start 73: 2.311 4 ForkPoolWorker-5

End 68: 2.303 Use time: 32.66
Start 69: 2.305 1 ForkPoolWorker-2

End 84: 2.327 Use time: 32.59
Start 85: 2.329 0 ForkPoolWorker-1

End 76: 2.315 Use time: 33.28
Start 77: 2.317 2 ForkPoolWorker-3

End 80: 2.321 Use time: 34.06
Start 81: 2.323 5 ForkPoolWorker-6

End 88: 2.333 Use time: 32.35
Start 89: 2.335 7 ForkPoolWorker-8

End 92: 2.339 Use time: 32.26
Start 93: 2.341 6 ForkPoolWorker-7

End 65: 2.298 Use time: 32.32
Start 66: 2.300 3 ForkPoolWorker-4

End 73: 2.311 Use time: 32.43
Start 74: 2.312 4 ForkPoolWorker-5

End 69: 2.305 Use time: 32.71
Start 70: 2.306 1 ForkPoolWorker-2

End 85: 2.329 Use time: 32.64
Start 86: 2.330 0 ForkPoolWorker-1

End 77: 2.317 Use time: 33.08
Start 78: 2.318 2 ForkPoolWorker-3

End 89: 2.335 Use time: 32.32
Start 90: 2.336 7 ForkPoolWorker-8

End 81: 2.323 Use time: 33.76
Start 82: 2.324 5 ForkPoolWorker-6

End 93: 2.341 Use time: 32.10
Start 94: 2.342 6 ForkPoolWorker-7

End 66: 2.300 Use time: 32.31
Start 67: 2.302 3 ForkPoolWorker-4

End 74: 2.312 Use time: 32.61
Start 75: 2.314 4 ForkPoolWorker-5

End 70: 2.306 Use time: 32.90
Start 71: 2.308 1 ForkPoolWorker-2

End 86: 2.330 Use time: 32.54
Start 87: 2.332 0 ForkPoolWorker-1

End 90: 2.336 Use time: 32.45
Start 91: 2.338 7 ForkPoolWorker-8

End 78: 2.318 Use time: 33.72
Start 79: 2.320 2 ForkPoolWorker-3

End 82: 2.324 Use time: 33.36
Start 83: 2.326 5 ForkPoolWorker-6

End 94: 2.342 Use time: 31.99
Start 95: 2.344 6 ForkPoolWorker-7

End 67: 2.302 Use time: 32.28
Start 96: 2.345 3 ForkPoolWorker-4

End 75: 2.314 Use time: 32.91
End 87: 2.332 Use time: 32.47
End 71: 2.308 Use time: 32.77
End 91: 2.338 Use time: 32.19
End 95: 2.344 Use time: 31.80
End 79: 2.320 Use time: 33.86
End 83: 2.326 Use time: 33.06
End 96: 2.345 Use time: 31.75
Start 97: 2.347 3 ForkPoolWorker-4

End 97: 2.347 Use time: 31.41
Start 98: 2.348 3 ForkPoolWorker-4

End 98: 2.348 Use time: 31.52
Start 99: 2.350 3 ForkPoolWorker-4

End 99: 2.350 Use time: 31.42
Results saved to Cv_results.pkl
Wed Dec 25 00:51:43 CST 2024
534
