Wed Dec 25 00:39:06 CST 2024
hgpn08
              total        used        free      shared  buff/cache   available
Mem:          2.0Ti        28Gi       1.7Ti       5.0Gi       217Gi       1.9Ti
Swap:            0B          0B          0B
Namespace(d=16)
15 0.01 16 8
Start 0: 2.269 0 ForkPoolWorker-1

Start 4: 2.269 1 ForkPoolWorker-2

Start 8: 2.269 2 ForkPoolWorker-3

Start 12: 2.269 5 ForkPoolWorker-6

Start 16: 2.269 3 ForkPoolWorker-4

Start 20: 2.269 4 ForkPoolWorker-5

Start 24: 2.269 6 ForkPoolWorker-7

Start 28: 2.269 7 ForkPoolWorker-8

/home/u3518384/CompPhys/11020PHYS401200-Ising-Model/torch-V4/Corr_len.py:156: DeprecationWarning: __array__ implementation doesn't accept a copy keyword, so passing copy=False failed. __array__ must implement 'dtype' and 'copy' keyword arguments.
  W[j, :] = eigvals[-2:]
/home/u3518384/CompPhys/11020PHYS401200-Ising-Model/torch-V4/Corr_len.py:156: DeprecationWarning: __array__ implementation doesn't accept a copy keyword, so passing copy=False failed. __array__ must implement 'dtype' and 'copy' keyword arguments.
  W[j, :] = eigvals[-2:]
/home/u3518384/CompPhys/11020PHYS401200-Ising-Model/torch-V4/Corr_len.py:156: DeprecationWarning: __array__ implementation doesn't accept a copy keyword, so passing copy=False failed. __array__ must implement 'dtype' and 'copy' keyword arguments.
  W[j, :] = eigvals[-2:]
/home/u3518384/CompPhys/11020PHYS401200-Ising-Model/torch-V4/Corr_len.py:156: DeprecationWarning: __array__ implementation doesn't accept a copy keyword, so passing copy=False failed. __array__ must implement 'dtype' and 'copy' keyword arguments.
  W[j, :] = eigvals[-2:]
/home/u3518384/CompPhys/11020PHYS401200-Ising-Model/torch-V4/Corr_len.py:156: DeprecationWarning: __array__ implementation doesn't accept a copy keyword, so passing copy=False failed. __array__ must implement 'dtype' and 'copy' keyword arguments.
  W[j, :] = eigvals[-2:]
/home/u3518384/CompPhys/11020PHYS401200-Ising-Model/torch-V4/Corr_len.py:156: DeprecationWarning: __array__ implementation doesn't accept a copy keyword, so passing copy=False failed. __array__ must implement 'dtype' and 'copy' keyword arguments.
  W[j, :] = eigvals[-2:]
/home/u3518384/CompPhys/11020PHYS401200-Ising-Model/torch-V4/Corr_len.py:156: DeprecationWarning: __array__ implementation doesn't accept a copy keyword, so passing copy=False failed. __array__ must implement 'dtype' and 'copy' keyword arguments.
  W[j, :] = eigvals[-2:]
/home/u3518384/CompPhys/11020PHYS401200-Ising-Model/torch-V4/Corr_len.py:156: DeprecationWarning: __array__ implementation doesn't accept a copy keyword, so passing copy=False failed. __array__ must implement 'dtype' and 'copy' keyword arguments.
  W[j, :] = eigvals[-2:]
/home/u3518384/CompPhys/11020PHYS401200-Ising-Model/torch-V4/Corr_len.py:160: RuntimeWarning: divide by zero encountered in log
  E = -np.log(W)
/home/u3518384/CompPhys/11020PHYS401200-Ising-Model/torch-V4/Corr_len.py:161: RuntimeWarning: invalid value encountered in subtract
  Corr_len = 1 / (E[:, -2] - E[:, -1])
End 24: 2.269 Use time: 7.33
Start 25: 2.269 6 ForkPoolWorker-7

/home/u3518384/CompPhys/11020PHYS401200-Ising-Model/torch-V4/Corr_len.py:160: RuntimeWarning: divide by zero encountered in log
  E = -np.log(W)
/home/u3518384/CompPhys/11020PHYS401200-Ising-Model/torch-V4/Corr_len.py:161: RuntimeWarning: invalid value encountered in subtract
  Corr_len = 1 / (E[:, -2] - E[:, -1])
End 12: 2.269 Use time: 7.38
Start 13: 2.269 5 ForkPoolWorker-6

/home/u3518384/CompPhys/11020PHYS401200-Ising-Model/torch-V4/Corr_len.py:160: RuntimeWarning: divide by zero encountered in log
  E = -np.log(W)
/home/u3518384/CompPhys/11020PHYS401200-Ising-Model/torch-V4/Corr_len.py:161: RuntimeWarning: invalid value encountered in subtract
  Corr_len = 1 / (E[:, -2] - E[:, -1])
End 8: 2.269 Use time: 7.44
Start 9: 2.269 2 ForkPoolWorker-3

/home/u3518384/CompPhys/11020PHYS401200-Ising-Model/torch-V4/Corr_len.py:160: RuntimeWarning: divide by zero encountered in log
  E = -np.log(W)
/home/u3518384/CompPhys/11020PHYS401200-Ising-Model/torch-V4/Corr_len.py:161: RuntimeWarning: invalid value encountered in subtract
  Corr_len = 1 / (E[:, -2] - E[:, -1])
End 16: 2.269 Use time: 7.48
Start 17: 2.269 3 ForkPoolWorker-4

/home/u3518384/CompPhys/11020PHYS401200-Ising-Model/torch-V4/Corr_len.py:160: RuntimeWarning: divide by zero encountered in log
  E = -np.log(W)
/home/u3518384/CompPhys/11020PHYS401200-Ising-Model/torch-V4/Corr_len.py:161: RuntimeWarning: invalid value encountered in subtract
  Corr_len = 1 / (E[:, -2] - E[:, -1])
End 20: 2.269 Use time: 7.50
Start 21: 2.269 4 ForkPoolWorker-5

/home/u3518384/CompPhys/11020PHYS401200-Ising-Model/torch-V4/Corr_len.py:160: RuntimeWarning: divide by zero encountered in log
  E = -np.log(W)
/home/u3518384/CompPhys/11020PHYS401200-Ising-Model/torch-V4/Corr_len.py:161: RuntimeWarning: invalid value encountered in subtract
  Corr_len = 1 / (E[:, -2] - E[:, -1])
End 28: 2.269 Use time: 7.50
Start 29: 2.269 7 ForkPoolWorker-8

/home/u3518384/CompPhys/11020PHYS401200-Ising-Model/torch-V4/Corr_len.py:160: RuntimeWarning: divide by zero encountered in log
  E = -np.log(W)
/home/u3518384/CompPhys/11020PHYS401200-Ising-Model/torch-V4/Corr_len.py:161: RuntimeWarning: invalid value encountered in subtract
  Corr_len = 1 / (E[:, -2] - E[:, -1])
End 0: 2.269 Use time: 7.51
Start 1: 2.269 0 ForkPoolWorker-1

/home/u3518384/CompPhys/11020PHYS401200-Ising-Model/torch-V4/Corr_len.py:160: RuntimeWarning: divide by zero encountered in log
  E = -np.log(W)
/home/u3518384/CompPhys/11020PHYS401200-Ising-Model/torch-V4/Corr_len.py:161: RuntimeWarning: invalid value encountered in subtract
  Corr_len = 1 / (E[:, -2] - E[:, -1])
End 4: 2.269 Use time: 7.54
Start 5: 2.269 1 ForkPoolWorker-2

End 25: 2.269 Use time: 0.36
Start 26: 2.269 6 ForkPoolWorker-7

End 13: 2.269 Use time: 0.37
Start 14: 2.269 5 ForkPoolWorker-6

End 9: 2.269 Use time: 0.37
Start 10: 2.269 2 ForkPoolWorker-3

End 17: 2.269 Use time: 0.36
Start 18: 2.269 3 ForkPoolWorker-4

End 21: 2.269 Use time: 0.36
Start 22: 2.269 4 ForkPoolWorker-5

End 29: 2.269 Use time: 0.36
Start 30: 2.269 7 ForkPoolWorker-8

End 1: 2.269 Use time: 0.37
Start 2: 2.269 0 ForkPoolWorker-1

End 5: 2.269 Use time: 0.37
Start 6: 2.269 1 ForkPoolWorker-2

End 26: 2.269 Use time: 0.36
Start 27: 2.269 6 ForkPoolWorker-7

End 14: 2.269 Use time: 0.36
Start 15: 2.269 5 ForkPoolWorker-6

End 10: 2.269 Use time: 0.37
Start 11: 2.269 2 ForkPoolWorker-3

End 18: 2.269 Use time: 0.36
Start 19: 2.269 3 ForkPoolWorker-4

End 30: 2.269 Use time: 0.36
Start 31: 2.269 7 ForkPoolWorker-8

End 22: 2.269 Use time: 0.36
Start 23: 2.269 4 ForkPoolWorker-5

End 2: 2.269 Use time: 0.37
Start 3: 2.269 0 ForkPoolWorker-1

End 6: 2.269 Use time: 0.37
Start 7: 2.269 1 ForkPoolWorker-2

End 27: 2.269 Use time: 0.36
Start 32: 2.269 6 ForkPoolWorker-7

End 15: 2.269 Use time: 0.36
Start 36: 2.269 5 ForkPoolWorker-6

End 11: 2.269 Use time: 0.37
Start 40: 2.269 2 ForkPoolWorker-3

End 19: 2.269 Use time: 0.36
Start 44: 2.269 3 ForkPoolWorker-4

End 31: 2.269 Use time: 0.36
Start 48: 2.269 7 ForkPoolWorker-8

End 23: 2.269 Use time: 0.36
Start 52: 2.269 4 ForkPoolWorker-5

End 3: 2.269 Use time: 0.37
Start 56: 2.269 0 ForkPoolWorker-1

End 7: 2.269 Use time: 0.37
Start 60: 2.269 1 ForkPoolWorker-2

End 32: 2.269 Use time: 0.36
Start 33: 2.269 6 ForkPoolWorker-7

End 36: 2.269 Use time: 0.35
Start 37: 2.269 5 ForkPoolWorker-6

End 40: 2.269 Use time: 0.36
Start 41: 2.269 2 ForkPoolWorker-3

End 44: 2.269 Use time: 0.36
Start 45: 2.269 3 ForkPoolWorker-4

End 48: 2.269 Use time: 0.35
Start 49: 2.269 7 ForkPoolWorker-8

End 52: 2.269 Use time: 0.35
Start 53: 2.269 4 ForkPoolWorker-5

End 56: 2.269 Use time: 0.35
Start 57: 2.269 0 ForkPoolWorker-1

End 60: 2.269 Use time: 0.35
Start 61: 2.269 1 ForkPoolWorker-2

End 33: 2.269 Use time: 0.36
Start 34: 2.269 6 ForkPoolWorker-7

End 37: 2.269 Use time: 0.36
Start 38: 2.269 5 ForkPoolWorker-6

End 41: 2.269 Use time: 0.36
Start 42: 2.269 2 ForkPoolWorker-3

End 45: 2.269 Use time: 0.35
Start 46: 2.269 3 ForkPoolWorker-4

End 53: 2.269 Use time: 0.35
End 49: 2.269 Use time: 0.35
Start 54: 2.269 4 ForkPoolWorker-5

Start 50: 2.269 7 ForkPoolWorker-8

End 57: 2.269 Use time: 0.36
Start 58: 2.269 0 ForkPoolWorker-1

End 61: 2.269 Use time: 0.35
Start 62: 2.269 1 ForkPoolWorker-2

End 34: 2.269 Use time: 0.36
Start 35: 2.269 6 ForkPoolWorker-7

End 38: 2.269 Use time: 0.36
Start 39: 2.269 5 ForkPoolWorker-6

End 42: 2.269 Use time: 0.36
Start 43: 2.269 2 ForkPoolWorker-3

End 46: 2.269 Use time: 0.35
Start 47: 2.269 3 ForkPoolWorker-4

End 54: 2.269 Use time: 0.35
Start 55: 2.269 4 ForkPoolWorker-5

End 50: 2.269 Use time: 0.36
Start 51: 2.269 7 ForkPoolWorker-8

End 58: 2.269 Use time: 0.35
Start 59: 2.269 0 ForkPoolWorker-1

End 62: 2.269 Use time: 0.35
Start 63: 2.269 1 ForkPoolWorker-2

End 35: 2.269 Use time: 0.36
Start 64: 2.269 6 ForkPoolWorker-7

End 39: 2.269 Use time: 0.36
Start 68: 2.269 5 ForkPoolWorker-6

End 43: 2.269 Use time: 0.36
Start 72: 2.269 2 ForkPoolWorker-3

End 47: 2.269 Use time: 0.35
Start 76: 2.269 3 ForkPoolWorker-4

End 55: 2.269 Use time: 0.35
Start 80: 2.270 4 ForkPoolWorker-5

End 51: 2.269 Use time: 0.35
Start 84: 2.270 7 ForkPoolWorker-8

End 59: 2.269 Use time: 0.35
Start 88: 2.270 0 ForkPoolWorker-1

End 63: 2.269 Use time: 0.35
Start 92: 2.270 1 ForkPoolWorker-2

End 64: 2.269 Use time: 0.35
Start 65: 2.269 6 ForkPoolWorker-7

End 68: 2.269 Use time: 0.35
Start 69: 2.269 5 ForkPoolWorker-6

End 72: 2.269 Use time: 0.36
Start 73: 2.269 2 ForkPoolWorker-3

End 76: 2.269 Use time: 0.35
Start 77: 2.269 3 ForkPoolWorker-4

End 80: 2.270 Use time: 0.35
Start 81: 2.270 4 ForkPoolWorker-5

End 84: 2.270 Use time: 0.36
Start 85: 2.270 7 ForkPoolWorker-8

End 88: 2.270 Use time: 0.36
Start 89: 2.270 0 ForkPoolWorker-1

End 92: 2.270 Use time: 0.36
Start 93: 2.270 1 ForkPoolWorker-2

End 65: 2.269 Use time: 0.35
Start 66: 2.269 6 ForkPoolWorker-7

End 69: 2.269 Use time: 0.35
Start 70: 2.269 5 ForkPoolWorker-6

End 77: 2.269 Use time: 0.35
Start 78: 2.269 3 ForkPoolWorker-4

End 73: 2.269 Use time: 0.36
Start 74: 2.269 2 ForkPoolWorker-3

End 81: 2.270 Use time: 0.35
Start 82: 2.270 4 ForkPoolWorker-5

End 85: 2.270 Use time: 0.35
Start 86: 2.270 7 ForkPoolWorker-8

End 89: 2.270 Use time: 0.36
Start 90: 2.270 0 ForkPoolWorker-1

End 93: 2.270 Use time: 0.36
Start 94: 2.270 1 ForkPoolWorker-2

End 66: 2.269 Use time: 0.35
Start 67: 2.269 6 ForkPoolWorker-7

End 70: 2.269 Use time: 0.35
Start 71: 2.269 5 ForkPoolWorker-6

End 78: 2.269 Use time: 0.35
Start 79: 2.269 3 ForkPoolWorker-4

End 74: 2.269 Use time: 0.36
Start 75: 2.269 2 ForkPoolWorker-3

End 82: 2.270 Use time: 0.36
Start 83: 2.270 4 ForkPoolWorker-5

End 86: 2.270 Use time: 0.35
Start 87: 2.270 7 ForkPoolWorker-8

End 90: 2.270 Use time: 0.35
Start 91: 2.270 0 ForkPoolWorker-1

End 94: 2.270 Use time: 0.36
Start 95: 2.270 1 ForkPoolWorker-2

End 67: 2.269 Use time: 0.35
Start 96: 2.270 6 ForkPoolWorker-7

End 71: 2.269 Use time: 0.35
End 79: 2.269 Use time: 0.35
End 75: 2.269 Use time: 0.36
End 83: 2.270 Use time: 0.36
End 87: 2.270 Use time: 0.36
End 91: 2.270 Use time: 0.36
End 95: 2.270 Use time: 0.36
End 96: 2.270 Use time: 0.36
Start 97: 2.270 6 ForkPoolWorker-7

End 97: 2.270 Use time: 0.36
Start 98: 2.270 6 ForkPoolWorker-7

End 98: 2.270 Use time: 0.35
Start 99: 2.270 6 ForkPoolWorker-7

End 99: 2.270 Use time: 0.35
Results saved to Corr_len_results.pkl
Wed Dec 25 00:39:21 CST 2024
15
