Wed Dec 25 00:39:05 CST 2024
hgpn09
              total        used        free      shared  buff/cache   available
Mem:          2.0Ti        28Gi       1.6Ti       5.0Gi       316Gi       1.9Ti
Swap:            0B          0B          0B
Namespace(d=12)
15 0.01 12 8
Start 0: 2.269 0 ForkPoolWorker-1

Start 4: 2.269 1 ForkPoolWorker-2

Start 8: 2.269 4 ForkPoolWorker-5

Start 12: 2.269 2 ForkPoolWorker-3

Start 16: 2.269 3 ForkPoolWorker-4

Start 20: 2.269 5 ForkPoolWorker-6

Start 24: 2.269 6 ForkPoolWorker-7

Start 28: 2.269 7 ForkPoolWorker-8

/home/u3518384/CompPhys/11020PHYS401200-Ising-Model/torch-V4/Corr_len.py:156: DeprecationWarning: __array__ implementation doesn't accept a copy keyword, so passing copy=False failed. __array__ must implement 'dtype' and 'copy' keyword arguments.
  W[j, :] = eigvals[-2:]
/home/u3518384/CompPhys/11020PHYS401200-Ising-Model/torch-V4/Corr_len.py:156: DeprecationWarning: __array__ implementation doesn't accept a copy keyword, so passing copy=False failed. __array__ must implement 'dtype' and 'copy' keyword arguments.
  W[j, :] = eigvals[-2:]
/home/u3518384/CompPhys/11020PHYS401200-Ising-Model/torch-V4/Corr_len.py:156: DeprecationWarning: __array__ implementation doesn't accept a copy keyword, so passing copy=False failed. __array__ must implement 'dtype' and 'copy' keyword arguments.
  W[j, :] = eigvals[-2:]
/home/u3518384/CompPhys/11020PHYS401200-Ising-Model/torch-V4/Corr_len.py:156: DeprecationWarning: __array__ implementation doesn't accept a copy keyword, so passing copy=False failed. __array__ must implement 'dtype' and 'copy' keyword arguments.
  W[j, :] = eigvals[-2:]
/home/u3518384/CompPhys/11020PHYS401200-Ising-Model/torch-V4/Corr_len.py:156: DeprecationWarning: __array__ implementation doesn't accept a copy keyword, so passing copy=False failed. __array__ must implement 'dtype' and 'copy' keyword arguments.
  W[j, :] = eigvals[-2:]
/home/u3518384/CompPhys/11020PHYS401200-Ising-Model/torch-V4/Corr_len.py:156: DeprecationWarning: __array__ implementation doesn't accept a copy keyword, so passing copy=False failed. __array__ must implement 'dtype' and 'copy' keyword arguments.
  W[j, :] = eigvals[-2:]
/home/u3518384/CompPhys/11020PHYS401200-Ising-Model/torch-V4/Corr_len.py:156: DeprecationWarning: __array__ implementation doesn't accept a copy keyword, so passing copy=False failed. __array__ must implement 'dtype' and 'copy' keyword arguments.
  W[j, :] = eigvals[-2:]
/home/u3518384/CompPhys/11020PHYS401200-Ising-Model/torch-V4/Corr_len.py:156: DeprecationWarning: __array__ implementation doesn't accept a copy keyword, so passing copy=False failed. __array__ must implement 'dtype' and 'copy' keyword arguments.
  W[j, :] = eigvals[-2:]
/home/u3518384/CompPhys/11020PHYS401200-Ising-Model/torch-V4/Corr_len.py:160: RuntimeWarning: divide by zero encountered in log
  E = -np.log(W)
/home/u3518384/CompPhys/11020PHYS401200-Ising-Model/torch-V4/Corr_len.py:161: RuntimeWarning: invalid value encountered in subtract
  Corr_len = 1 / (E[:, -2] - E[:, -1])
End 8: 2.269 Use time: 5.76
Start 9: 2.269 4 ForkPoolWorker-5

/home/u3518384/CompPhys/11020PHYS401200-Ising-Model/torch-V4/Corr_len.py:160: RuntimeWarning: divide by zero encountered in log
  E = -np.log(W)
/home/u3518384/CompPhys/11020PHYS401200-Ising-Model/torch-V4/Corr_len.py:161: RuntimeWarning: invalid value encountered in subtract
  Corr_len = 1 / (E[:, -2] - E[:, -1])
End 28: 2.269 Use time: 5.84
Start 29: 2.269 7 ForkPoolWorker-8

/home/u3518384/CompPhys/11020PHYS401200-Ising-Model/torch-V4/Corr_len.py:160: RuntimeWarning: divide by zero encountered in log
  E = -np.log(W)
/home/u3518384/CompPhys/11020PHYS401200-Ising-Model/torch-V4/Corr_len.py:161: RuntimeWarning: invalid value encountered in subtract
  Corr_len = 1 / (E[:, -2] - E[:, -1])
End 12: 2.269 Use time: 5.88
Start 13: 2.269 2 ForkPoolWorker-3

/home/u3518384/CompPhys/11020PHYS401200-Ising-Model/torch-V4/Corr_len.py:160: RuntimeWarning: divide by zero encountered in log
  E = -np.log(W)
/home/u3518384/CompPhys/11020PHYS401200-Ising-Model/torch-V4/Corr_len.py:161: RuntimeWarning: invalid value encountered in subtract
  Corr_len = 1 / (E[:, -2] - E[:, -1])
End 20: 2.269 Use time: 5.88
Start 21: 2.269 5 ForkPoolWorker-6

/home/u3518384/CompPhys/11020PHYS401200-Ising-Model/torch-V4/Corr_len.py:160: RuntimeWarning: divide by zero encountered in log
  E = -np.log(W)
/home/u3518384/CompPhys/11020PHYS401200-Ising-Model/torch-V4/Corr_len.py:161: RuntimeWarning: invalid value encountered in subtract
  Corr_len = 1 / (E[:, -2] - E[:, -1])
End 0: 2.269 Use time: 5.91
Start 1: 2.269 0 ForkPoolWorker-1

/home/u3518384/CompPhys/11020PHYS401200-Ising-Model/torch-V4/Corr_len.py:160: RuntimeWarning: divide by zero encountered in log
  E = -np.log(W)
/home/u3518384/CompPhys/11020PHYS401200-Ising-Model/torch-V4/Corr_len.py:161: RuntimeWarning: invalid value encountered in subtract
  Corr_len = 1 / (E[:, -2] - E[:, -1])
End 24: 2.269 Use time: 5.92
Start 25: 2.269 6 ForkPoolWorker-7

/home/u3518384/CompPhys/11020PHYS401200-Ising-Model/torch-V4/Corr_len.py:160: RuntimeWarning: divide by zero encountered in log
  E = -np.log(W)
/home/u3518384/CompPhys/11020PHYS401200-Ising-Model/torch-V4/Corr_len.py:161: RuntimeWarning: invalid value encountered in subtract
  Corr_len = 1 / (E[:, -2] - E[:, -1])
End 16: 2.269 Use time: 5.93
Start 17: 2.269 3 ForkPoolWorker-4

End 9: 2.269 Use time: 0.17
Start 10: 2.269 4 ForkPoolWorker-5

/home/u3518384/CompPhys/11020PHYS401200-Ising-Model/torch-V4/Corr_len.py:160: RuntimeWarning: divide by zero encountered in log
  E = -np.log(W)
/home/u3518384/CompPhys/11020PHYS401200-Ising-Model/torch-V4/Corr_len.py:161: RuntimeWarning: invalid value encountered in subtract
  Corr_len = 1 / (E[:, -2] - E[:, -1])
End 4: 2.269 Use time: 5.94
Start 5: 2.269 1 ForkPoolWorker-2

End 29: 2.269 Use time: 0.17
Start 30: 2.269 7 ForkPoolWorker-8

End 13: 2.269 Use time: 0.18
Start 14: 2.269 2 ForkPoolWorker-3

End 21: 2.269 Use time: 0.18
Start 22: 2.269 5 ForkPoolWorker-6

End 1: 2.269 Use time: 0.18
Start 2: 2.269 0 ForkPoolWorker-1

End 25: 2.269 Use time: 0.17
Start 26: 2.269 6 ForkPoolWorker-7

End 17: 2.269 Use time: 0.18
Start 18: 2.269 3 ForkPoolWorker-4

End 10: 2.269 Use time: 0.17
Start 11: 2.269 4 ForkPoolWorker-5

End 5: 2.269 Use time: 0.18
Start 6: 2.269 1 ForkPoolWorker-2

End 30: 2.269 Use time: 0.18
Start 31: 2.269 7 ForkPoolWorker-8

End 22: 2.269 Use time: 0.17
End 14: 2.269 Use time: 0.17Start 23: 2.269 5 ForkPoolWorker-6


Start 15: 2.269 2 ForkPoolWorker-3

End 2: 2.269 Use time: 0.18
Start 3: 2.269 0 ForkPoolWorker-1

End 26: 2.269 Use time: 0.17
Start 27: 2.269 6 ForkPoolWorker-7

End 18: 2.269 Use time: 0.18
Start 19: 2.269 3 ForkPoolWorker-4

End 11: 2.269 Use time: 0.17
Start 32: 2.269 4 ForkPoolWorker-5

End 6: 2.269 Use time: 0.18
Start 7: 2.269 1 ForkPoolWorker-2

End 31: 2.269 Use time: 0.18
Start 36: 2.269 7 ForkPoolWorker-8

End 15: 2.269 Use time: 0.17
End 23: 2.269 Use time: 0.17
Start 40: 2.269 2 ForkPoolWorker-3

Start 44: 2.269 5 ForkPoolWorker-6

End 3: 2.269 Use time: 0.17
Start 48: 2.269 0 ForkPoolWorker-1

End 27: 2.269 Use time: 0.17
Start 52: 2.269 6 ForkPoolWorker-7

End 19: 2.269 Use time: 0.18
Start 56: 2.269 3 ForkPoolWorker-4

End 32: 2.269 Use time: 0.17
Start 33: 2.269 4 ForkPoolWorker-5

End 7: 2.269 Use time: 0.18
Start 60: 2.269 1 ForkPoolWorker-2

End 36: 2.269 Use time: 0.17
Start 37: 2.269 7 ForkPoolWorker-8

End 40: 2.269 Use time: 0.17
Start 41: 2.269 2 ForkPoolWorker-3

End 44: 2.269 Use time: 0.17
Start 45: 2.269 5 ForkPoolWorker-6

End 48: 2.269 Use time: 0.17
Start 49: 2.269 0 ForkPoolWorker-1

End 52: 2.269 Use time: 0.17
Start 53: 2.269 6 ForkPoolWorker-7

End 56: 2.269 Use time: 0.17
Start 57: 2.269 3 ForkPoolWorker-4

End 33: 2.269 Use time: 0.17
Start 34: 2.269 4 ForkPoolWorker-5

End 60: 2.269 Use time: 0.17
Start 61: 2.269 1 ForkPoolWorker-2

End 37: 2.269 Use time: 0.17
Start 38: 2.269 7 ForkPoolWorker-8

End 41: 2.269 Use time: 0.17
Start 42: 2.269 2 ForkPoolWorker-3

End 45: 2.269 Use time: 0.17
Start 46: 2.269 5 ForkPoolWorker-6

End 49: 2.269 Use time: 0.17
Start 50: 2.269 0 ForkPoolWorker-1

End 53: 2.269 Use time: 0.17
Start 54: 2.269 6 ForkPoolWorker-7

End 34: 2.269 Use time: 0.17
Start 35: 2.269 4 ForkPoolWorker-5

End 57: 2.269 Use time: 0.18
Start 58: 2.269 3 ForkPoolWorker-4

End 61: 2.269 Use time: 0.17
Start 62: 2.269 1 ForkPoolWorker-2

End 38: 2.269 Use time: 0.17
Start 39: 2.269 7 ForkPoolWorker-8

End 42: 2.269 Use time: 0.17
Start 43: 2.269 2 ForkPoolWorker-3

End 46: 2.269 Use time: 0.17
Start 47: 2.269 5 ForkPoolWorker-6

End 50: 2.269 Use time: 0.17
Start 51: 2.269 0 ForkPoolWorker-1

End 54: 2.269 Use time: 0.17
Start 55: 2.269 6 ForkPoolWorker-7

End 35: 2.269 Use time: 0.17
Start 64: 2.269 4 ForkPoolWorker-5

End 58: 2.269 Use time: 0.18
Start 59: 2.269 3 ForkPoolWorker-4

End 62: 2.269 Use time: 0.17
Start 63: 2.269 1 ForkPoolWorker-2

End 39: 2.269 Use time: 0.17
Start 68: 2.269 7 ForkPoolWorker-8

End 43: 2.269 Use time: 0.17
Start 72: 2.269 2 ForkPoolWorker-3

End 47: 2.269 Use time: 0.17
Start 76: 2.269 5 ForkPoolWorker-6

End 51: 2.269 Use time: 0.17
End 55: 2.269 Use time: 0.17
Start 80: 2.270 0 ForkPoolWorker-1

Start 84: 2.270 6 ForkPoolWorker-7

End 64: 2.269 Use time: 0.17
Start 65: 2.269 4 ForkPoolWorker-5

End 59: 2.269 Use time: 0.18
Start 88: 2.270 3 ForkPoolWorker-4

End 63: 2.269 Use time: 0.17
Start 92: 2.270 1 ForkPoolWorker-2

End 68: 2.269 Use time: 0.17
Start 69: 2.269 7 ForkPoolWorker-8

End 72: 2.269 Use time: 0.17
Start 73: 2.269 2 ForkPoolWorker-3

End 76: 2.269 Use time: 0.18
Start 77: 2.269 5 ForkPoolWorker-6

End 84: 2.270 Use time: 0.17
Start 85: 2.270 6 ForkPoolWorker-7

End 80: 2.270 Use time: 0.18
Start 81: 2.270 0 ForkPoolWorker-1

End 65: 2.269 Use time: 0.17
Start 66: 2.269 4 ForkPoolWorker-5

End 88: 2.270 Use time: 0.18
Start 89: 2.270 3 ForkPoolWorker-4

End 92: 2.270 Use time: 0.18
Start 93: 2.270 1 ForkPoolWorker-2

End 69: 2.269 Use time: 0.17
Start 70: 2.269 7 ForkPoolWorker-8

End 73: 2.269 Use time: 0.18
Start 74: 2.269 2 ForkPoolWorker-3

End 77: 2.269 Use time: 0.18
Start 78: 2.269 5 ForkPoolWorker-6

End 85: 2.270 Use time: 0.17
Start 86: 2.270 6 ForkPoolWorker-7

End 81: 2.270 Use time: 0.18
Start 82: 2.270 0 ForkPoolWorker-1

End 66: 2.269 Use time: 0.17
Start 67: 2.269 4 ForkPoolWorker-5

End 89: 2.270 Use time: 0.18
Start 90: 2.270 3 ForkPoolWorker-4

End 93: 2.270 Use time: 0.18
Start 94: 2.270 1 ForkPoolWorker-2

End 70: 2.269 Use time: 0.18
Start 71: 2.269 7 ForkPoolWorker-8

End 74: 2.269 Use time: 0.18
Start 75: 2.269 2 ForkPoolWorker-3

End 78: 2.269 Use time: 0.18
Start 79: 2.269 5 ForkPoolWorker-6

End 86: 2.270 Use time: 0.17
Start 87: 2.270 6 ForkPoolWorker-7

End 82: 2.270 Use time: 0.18
Start 83: 2.270 0 ForkPoolWorker-1

End 67: 2.269 Use time: 0.17
Start 96: 2.270 4 ForkPoolWorker-5

End 90: 2.270 Use time: 0.18
Start 91: 2.270 3 ForkPoolWorker-4

End 94: 2.270 Use time: 0.18
Start 95: 2.270 1 ForkPoolWorker-2

End 71: 2.269 Use time: 0.18
End 75: 2.269 Use time: 0.18
End 79: 2.269 Use time: 0.18
End 87: 2.270 Use time: 0.17
End 83: 2.270 Use time: 0.18
End 96: 2.270 Use time: 0.18
Start 97: 2.270 4 ForkPoolWorker-5

End 91: 2.270 Use time: 0.18
End 95: 2.270 Use time: 0.18
End 97: 2.270 Use time: 0.17
Start 98: 2.270 4 ForkPoolWorker-5

End 98: 2.270 Use time: 0.18
Start 99: 2.270 4 ForkPoolWorker-5

End 99: 2.270 Use time: 0.17
Results saved to Corr_len_results.pkl
Wed Dec 25 00:39:16 CST 2024
11
