Wed Dec 25 00:38:20 CST 2024
hgpn09
              total        used        free      shared  buff/cache   available
Mem:          2.0Ti        28Gi       1.6Ti       5.0Gi       316Gi       1.9Ti
Swap:            0B          0B          0B
Namespace(d=38)
15 0.01 38 8
Start 0: 2.269 0 ForkPoolWorker-1

Start 4: 2.269 1 ForkPoolWorker-2

Start 8: 2.269 4 ForkPoolWorker-5

Start 12: 2.269 2 ForkPoolWorker-3

Start 16: 2.269 3 ForkPoolWorker-4

Start 20: 2.269 5 ForkPoolWorker-6

Start 24: 2.269 6 ForkPoolWorker-7

Start 28: 2.269 7 ForkPoolWorker-8

/home/u3518384/CompPhys/11020PHYS401200-Ising-Model/torch-V4/Corr_len.py:156: DeprecationWarning: __array__ implementation doesn't accept a copy keyword, so passing copy=False failed. __array__ must implement 'dtype' and 'copy' keyword arguments.
  W[j, :] = eigvals[-2:]
/home/u3518384/CompPhys/11020PHYS401200-Ising-Model/torch-V4/Corr_len.py:156: DeprecationWarning: __array__ implementation doesn't accept a copy keyword, so passing copy=False failed. __array__ must implement 'dtype' and 'copy' keyword arguments.
  W[j, :] = eigvals[-2:]
/home/u3518384/CompPhys/11020PHYS401200-Ising-Model/torch-V4/Corr_len.py:156: DeprecationWarning: __array__ implementation doesn't accept a copy keyword, so passing copy=False failed. __array__ must implement 'dtype' and 'copy' keyword arguments.
  W[j, :] = eigvals[-2:]
/home/u3518384/CompPhys/11020PHYS401200-Ising-Model/torch-V4/Corr_len.py:156: DeprecationWarning: __array__ implementation doesn't accept a copy keyword, so passing copy=False failed. __array__ must implement 'dtype' and 'copy' keyword arguments.
  W[j, :] = eigvals[-2:]
/home/u3518384/CompPhys/11020PHYS401200-Ising-Model/torch-V4/Corr_len.py:156: DeprecationWarning: __array__ implementation doesn't accept a copy keyword, so passing copy=False failed. __array__ must implement 'dtype' and 'copy' keyword arguments.
  W[j, :] = eigvals[-2:]
/home/u3518384/CompPhys/11020PHYS401200-Ising-Model/torch-V4/Corr_len.py:156: DeprecationWarning: __array__ implementation doesn't accept a copy keyword, so passing copy=False failed. __array__ must implement 'dtype' and 'copy' keyword arguments.
  W[j, :] = eigvals[-2:]
/home/u3518384/CompPhys/11020PHYS401200-Ising-Model/torch-V4/Corr_len.py:156: DeprecationWarning: __array__ implementation doesn't accept a copy keyword, so passing copy=False failed. __array__ must implement 'dtype' and 'copy' keyword arguments.
  W[j, :] = eigvals[-2:]
/home/u3518384/CompPhys/11020PHYS401200-Ising-Model/torch-V4/Corr_len.py:156: DeprecationWarning: __array__ implementation doesn't accept a copy keyword, so passing copy=False failed. __array__ must implement 'dtype' and 'copy' keyword arguments.
  W[j, :] = eigvals[-2:]
/home/u3518384/CompPhys/11020PHYS401200-Ising-Model/torch-V4/Corr_len.py:160: RuntimeWarning: divide by zero encountered in log
  E = -np.log(W)
/home/u3518384/CompPhys/11020PHYS401200-Ising-Model/torch-V4/Corr_len.py:161: RuntimeWarning: invalid value encountered in subtract
  Corr_len = 1 / (E[:, -2] - E[:, -1])
End 28: 2.269 Use time: 20.40
Start 29: 2.269 7 ForkPoolWorker-8

/home/u3518384/CompPhys/11020PHYS401200-Ising-Model/torch-V4/Corr_len.py:160: RuntimeWarning: divide by zero encountered in log
  E = -np.log(W)
/home/u3518384/CompPhys/11020PHYS401200-Ising-Model/torch-V4/Corr_len.py:161: RuntimeWarning: invalid value encountered in subtract
  Corr_len = 1 / (E[:, -2] - E[:, -1])
End 24: 2.269 Use time: 20.49
Start 25: 2.269 6 ForkPoolWorker-7

/home/u3518384/CompPhys/11020PHYS401200-Ising-Model/torch-V4/Corr_len.py:160: RuntimeWarning: divide by zero encountered in log
  E = -np.log(W)
/home/u3518384/CompPhys/11020PHYS401200-Ising-Model/torch-V4/Corr_len.py:161: RuntimeWarning: invalid value encountered in subtract
  Corr_len = 1 / (E[:, -2] - E[:, -1])
End 16: 2.269 Use time: 20.53
Start 17: 2.269 3 ForkPoolWorker-4

/home/u3518384/CompPhys/11020PHYS401200-Ising-Model/torch-V4/Corr_len.py:160: RuntimeWarning: divide by zero encountered in log
  E = -np.log(W)
/home/u3518384/CompPhys/11020PHYS401200-Ising-Model/torch-V4/Corr_len.py:161: RuntimeWarning: invalid value encountered in subtract
  Corr_len = 1 / (E[:, -2] - E[:, -1])
End 20: 2.269 Use time: 20.58
Start 21: 2.269 5 ForkPoolWorker-6

/home/u3518384/CompPhys/11020PHYS401200-Ising-Model/torch-V4/Corr_len.py:160: RuntimeWarning: divide by zero encountered in log
  E = -np.log(W)
/home/u3518384/CompPhys/11020PHYS401200-Ising-Model/torch-V4/Corr_len.py:161: RuntimeWarning: invalid value encountered in subtract
  Corr_len = 1 / (E[:, -2] - E[:, -1])
End 0: 2.269 Use time: 20.59
Start 1: 2.269 0 ForkPoolWorker-1

/home/u3518384/CompPhys/11020PHYS401200-Ising-Model/torch-V4/Corr_len.py:160: RuntimeWarning: divide by zero encountered in log
  E = -np.log(W)
/home/u3518384/CompPhys/11020PHYS401200-Ising-Model/torch-V4/Corr_len.py:161: RuntimeWarning: invalid value encountered in subtract
  Corr_len = 1 / (E[:, -2] - E[:, -1])
End 12: 2.269 Use time: 20.62
Start 13: 2.269 2 ForkPoolWorker-3

/home/u3518384/CompPhys/11020PHYS401200-Ising-Model/torch-V4/Corr_len.py:160: RuntimeWarning: divide by zero encountered in log
  E = -np.log(W)
/home/u3518384/CompPhys/11020PHYS401200-Ising-Model/torch-V4/Corr_len.py:161: RuntimeWarning: invalid value encountered in subtract
  Corr_len = 1 / (E[:, -2] - E[:, -1])
End 8: 2.269 Use time: 20.71
Start 9: 2.269 4 ForkPoolWorker-5

/home/u3518384/CompPhys/11020PHYS401200-Ising-Model/torch-V4/Corr_len.py:160: RuntimeWarning: divide by zero encountered in log
  E = -np.log(W)
/home/u3518384/CompPhys/11020PHYS401200-Ising-Model/torch-V4/Corr_len.py:161: RuntimeWarning: invalid value encountered in subtract
  Corr_len = 1 / (E[:, -2] - E[:, -1])
End 4: 2.269 Use time: 20.80
Start 5: 2.269 1 ForkPoolWorker-2

slurmstepd-hgpn09: error: *** JOB 6155 ON hgpn09 CANCELLED AT 2024-12-25T00:38:45 ***
