Tue Dec 24 21:46:28 CST 2024
hgpn16
              total        used        free      shared  buff/cache   available
Mem:          2.0Ti        28Gi       725Gi       1.9Gi       1.2Ti       1.9Ti
Swap:            0B          0B          0B
11 0.01 24 8
Start 0: 2.269 1 ForkPoolWorker-2

Start 4: 2.269 0 ForkPoolWorker-1

Start 8: 2.269 2 ForkPoolWorker-3

Start 12: 2.269 6 ForkPoolWorker-7

Start 16: 2.269 5 ForkPoolWorker-6

Start 20: 2.269 3 ForkPoolWorker-4

Start 24: 2.269 4 ForkPoolWorker-5

Start 28: 2.269 7 ForkPoolWorker-8

/home/u3518384/CompPhys/11020PHYS401200-Ising-Model/torch-V4/Corr_len.py:150: DeprecationWarning: __array__ implementation doesn't accept a copy keyword, so passing copy=False failed. __array__ must implement 'dtype' and 'copy' keyword arguments.
  W[j, :] = eigvals[-2:]
/home/u3518384/CompPhys/11020PHYS401200-Ising-Model/torch-V4/Corr_len.py:150: DeprecationWarning: __array__ implementation doesn't accept a copy keyword, so passing copy=False failed. __array__ must implement 'dtype' and 'copy' keyword arguments.
  W[j, :] = eigvals[-2:]
/home/u3518384/CompPhys/11020PHYS401200-Ising-Model/torch-V4/Corr_len.py:150: DeprecationWarning: __array__ implementation doesn't accept a copy keyword, so passing copy=False failed. __array__ must implement 'dtype' and 'copy' keyword arguments.
  W[j, :] = eigvals[-2:]
/home/u3518384/CompPhys/11020PHYS401200-Ising-Model/torch-V4/Corr_len.py:150: DeprecationWarning: __array__ implementation doesn't accept a copy keyword, so passing copy=False failed. __array__ must implement 'dtype' and 'copy' keyword arguments.
  W[j, :] = eigvals[-2:]
/home/u3518384/CompPhys/11020PHYS401200-Ising-Model/torch-V4/Corr_len.py:150: DeprecationWarning: __array__ implementation doesn't accept a copy keyword, so passing copy=False failed. __array__ must implement 'dtype' and 'copy' keyword arguments.
  W[j, :] = eigvals[-2:]
/home/u3518384/CompPhys/11020PHYS401200-Ising-Model/torch-V4/Corr_len.py:150: DeprecationWarning: __array__ implementation doesn't accept a copy keyword, so passing copy=False failed. __array__ must implement 'dtype' and 'copy' keyword arguments.
  W[j, :] = eigvals[-2:]
/home/u3518384/CompPhys/11020PHYS401200-Ising-Model/torch-V4/Corr_len.py:150: DeprecationWarning: __array__ implementation doesn't accept a copy keyword, so passing copy=False failed. __array__ must implement 'dtype' and 'copy' keyword arguments.
  W[j, :] = eigvals[-2:]
/home/u3518384/CompPhys/11020PHYS401200-Ising-Model/torch-V4/Corr_len.py:150: DeprecationWarning: __array__ implementation doesn't accept a copy keyword, so passing copy=False failed. __array__ must implement 'dtype' and 'copy' keyword arguments.
  W[j, :] = eigvals[-2:]
/home/u3518384/CompPhys/11020PHYS401200-Ising-Model/torch-V4/Corr_len.py:154: RuntimeWarning: divide by zero encountered in log
  E = -np.log(W)
/home/u3518384/CompPhys/11020PHYS401200-Ising-Model/torch-V4/Corr_len.py:155: RuntimeWarning: invalid value encountered in subtract
  Corr_len = 1 / (E[:, -2] - E[:, -1])
End 8: 2.269 Use time: 10.33
Start 9: 2.269 2 ForkPoolWorker-3

/home/u3518384/CompPhys/11020PHYS401200-Ising-Model/torch-V4/Corr_len.py:154: RuntimeWarning: divide by zero encountered in log
  E = -np.log(W)
/home/u3518384/CompPhys/11020PHYS401200-Ising-Model/torch-V4/Corr_len.py:155: RuntimeWarning: invalid value encountered in subtract
  Corr_len = 1 / (E[:, -2] - E[:, -1])
End 28: 2.269 Use time: 10.34
Start 29: 2.269 7 ForkPoolWorker-8

/home/u3518384/CompPhys/11020PHYS401200-Ising-Model/torch-V4/Corr_len.py:154: RuntimeWarning: divide by zero encountered in log
  E = -np.log(W)
/home/u3518384/CompPhys/11020PHYS401200-Ising-Model/torch-V4/Corr_len.py:155: RuntimeWarning: invalid value encountered in subtract
  Corr_len = 1 / (E[:, -2] - E[:, -1])
End 12: 2.269 Use time: 10.43
Start 13: 2.269 6 ForkPoolWorker-7

/home/u3518384/CompPhys/11020PHYS401200-Ising-Model/torch-V4/Corr_len.py:154: RuntimeWarning: divide by zero encountered in log
  E = -np.log(W)
/home/u3518384/CompPhys/11020PHYS401200-Ising-Model/torch-V4/Corr_len.py:155: RuntimeWarning: invalid value encountered in subtract
  Corr_len = 1 / (E[:, -2] - E[:, -1])
End 24: 2.269 Use time: 10.44
Start 25: 2.269 4 ForkPoolWorker-5

/home/u3518384/CompPhys/11020PHYS401200-Ising-Model/torch-V4/Corr_len.py:154: RuntimeWarning: divide by zero encountered in log
  E = -np.log(W)
/home/u3518384/CompPhys/11020PHYS401200-Ising-Model/torch-V4/Corr_len.py:155: RuntimeWarning: invalid value encountered in subtract
  Corr_len = 1 / (E[:, -2] - E[:, -1])
End 0: 2.269 Use time: 10.48
Start 1: 2.269 1 ForkPoolWorker-2

/home/u3518384/CompPhys/11020PHYS401200-Ising-Model/torch-V4/Corr_len.py:154: RuntimeWarning: divide by zero encountered in log
  E = -np.log(W)
/home/u3518384/CompPhys/11020PHYS401200-Ising-Model/torch-V4/Corr_len.py:155: RuntimeWarning: invalid value encountered in subtract
  Corr_len = 1 / (E[:, -2] - E[:, -1])
End 4: 2.269 Use time: 10.48
Start 5: 2.269 0 ForkPoolWorker-1

/home/u3518384/CompPhys/11020PHYS401200-Ising-Model/torch-V4/Corr_len.py:154: RuntimeWarning: divide by zero encountered in log
  E = -np.log(W)
/home/u3518384/CompPhys/11020PHYS401200-Ising-Model/torch-V4/Corr_len.py:155: RuntimeWarning: invalid value encountered in subtract
  Corr_len = 1 / (E[:, -2] - E[:, -1])
End 20: 2.269 Use time: 10.48
Start 21: 2.269 3 ForkPoolWorker-4

/home/u3518384/CompPhys/11020PHYS401200-Ising-Model/torch-V4/Corr_len.py:154: RuntimeWarning: divide by zero encountered in log
  E = -np.log(W)
/home/u3518384/CompPhys/11020PHYS401200-Ising-Model/torch-V4/Corr_len.py:155: RuntimeWarning: invalid value encountered in subtract
  Corr_len = 1 / (E[:, -2] - E[:, -1])
End 16: 2.269 Use time: 10.51
Start 17: 2.269 5 ForkPoolWorker-6

End 9: 2.269 Use time: 0.76
Start 10: 2.269 2 ForkPoolWorker-3

End 29: 2.269 Use time: 0.76
Start 30: 2.269 7 ForkPoolWorker-8

End 13: 2.269 Use time: 0.75
Start 14: 2.269 6 ForkPoolWorker-7

End 25: 2.269 Use time: 0.76
Start 26: 2.269 4 ForkPoolWorker-5

End 5: 2.269 Use time: 0.77
Start 6: 2.269 0 ForkPoolWorker-1

End 1: 2.269 Use time: 0.77
Start 2: 2.269 1 ForkPoolWorker-2

End 21: 2.269 Use time: 0.77
Start 22: 2.269 3 ForkPoolWorker-4

End 17: 2.269 Use time: 0.75
Start 18: 2.269 5 ForkPoolWorker-6

End 10: 2.269 Use time: 0.76
Start 11: 2.269 2 ForkPoolWorker-3

End 30: 2.269 Use time: 0.76
Start 31: 2.269 7 ForkPoolWorker-8

End 14: 2.269 Use time: 0.75
Start 15: 2.269 6 ForkPoolWorker-7

End 26: 2.269 Use time: 0.76
Start 27: 2.269 4 ForkPoolWorker-5

End 6: 2.269 Use time: 0.76
Start 7: 2.269 0 ForkPoolWorker-1

End 22: 2.269 Use time: 0.76
Start 23: 2.269 3 ForkPoolWorker-4

End 18: 2.269 Use time: 0.75
Start 19: 2.269 5 ForkPoolWorker-6

End 2: 2.269 Use time: 0.77
Start 3: 2.269 1 ForkPoolWorker-2

End 11: 2.269 Use time: 0.77
Start 32: 2.269 2 ForkPoolWorker-3

End 31: 2.269 Use time: 0.75
Start 36: 2.269 7 ForkPoolWorker-8

End 15: 2.269 Use time: 0.76
Start 40: 2.269 6 ForkPoolWorker-7

End 27: 2.269 Use time: 0.76
Start 44: 2.269 4 ForkPoolWorker-5

End 19: 2.269 Use time: 0.75
Start 48: 2.269 5 ForkPoolWorker-6

End 7: 2.269 Use time: 0.77
Start 52: 2.269 0 ForkPoolWorker-1

End 23: 2.269 Use time: 0.76
Start 56: 2.269 3 ForkPoolWorker-4

End 3: 2.269 Use time: 0.76
Start 60: 2.269 1 ForkPoolWorker-2

End 32: 2.269 Use time: 0.75
Start 33: 2.269 2 ForkPoolWorker-3

End 36: 2.269 Use time: 0.75
Start 37: 2.269 7 ForkPoolWorker-8

End 40: 2.269 Use time: 0.75
Start 41: 2.269 6 ForkPoolWorker-7

End 44: 2.269 Use time: 0.76
Start 45: 2.269 4 ForkPoolWorker-5

End 48: 2.269 Use time: 0.75
Start 49: 2.269 5 ForkPoolWorker-6

End 60: 2.269 Use time: 0.75
Start 61: 2.269 1 ForkPoolWorker-2

End 52: 2.269 Use time: 0.76
Start 53: 2.269 0 ForkPoolWorker-1

End 56: 2.269 Use time: 0.77
Start 57: 2.269 3 ForkPoolWorker-4

End 33: 2.269 Use time: 0.76
Start 34: 2.269 2 ForkPoolWorker-3

End 37: 2.269 Use time: 0.76
Start 38: 2.269 7 ForkPoolWorker-8

End 41: 2.269 Use time: 0.75
Start 42: 2.269 6 ForkPoolWorker-7

End 45: 2.269 Use time: 0.76
Start 46: 2.269 4 ForkPoolWorker-5

End 49: 2.269 Use time: 0.75
Start 50: 2.269 5 ForkPoolWorker-6

End 53: 2.269 Use time: 0.76
Start 54: 2.269 0 ForkPoolWorker-1

End 61: 2.269 Use time: 0.77
Start 62: 2.269 1 ForkPoolWorker-2

End 57: 2.269 Use time: 0.76
Start 58: 2.269 3 ForkPoolWorker-4

End 34: 2.269 Use time: 0.76
Start 35: 2.269 2 ForkPoolWorker-3

End 38: 2.269 Use time: 0.76
Start 39: 2.269 7 ForkPoolWorker-8

End 42: 2.269 Use time: 0.75
Start 43: 2.269 6 ForkPoolWorker-7

End 46: 2.269 Use time: 0.76
Start 47: 2.269 4 ForkPoolWorker-5

End 50: 2.269 Use time: 0.75
Start 51: 2.269 5 ForkPoolWorker-6

End 54: 2.269 Use time: 0.76
Start 55: 2.269 0 ForkPoolWorker-1

End 62: 2.269 Use time: 0.76
Start 63: 2.269 1 ForkPoolWorker-2

End 58: 2.269 Use time: 0.76
Start 59: 2.269 3 ForkPoolWorker-4

End 35: 2.269 Use time: 0.75
Start 64: 2.269 2 ForkPoolWorker-3

End 39: 2.269 Use time: 0.76
Start 68: 2.269 7 ForkPoolWorker-8

End 43: 2.269 Use time: 0.75
Start 72: 2.269 6 ForkPoolWorker-7

End 51: 2.269 Use time: 0.75
Start 76: 2.269 5 ForkPoolWorker-6

End 47: 2.269 Use time: 0.76
Start 80: 2.269 4 ForkPoolWorker-5

End 55: 2.269 Use time: 0.76
Start 84: 2.270 0 ForkPoolWorker-1

End 63: 2.269 Use time: 0.76
Start 88: 2.270 1 ForkPoolWorker-2

End 59: 2.269 Use time: 0.76
Start 92: 2.270 3 ForkPoolWorker-4

End 64: 2.269 Use time: 0.77
Start 65: 2.269 2 ForkPoolWorker-3

End 68: 2.269 Use time: 0.76
Start 69: 2.269 7 ForkPoolWorker-8

End 72: 2.269 Use time: 0.75
Start 73: 2.269 6 ForkPoolWorker-7

End 76: 2.269 Use time: 0.75
Start 77: 2.269 5 ForkPoolWorker-6

End 80: 2.269 Use time: 0.76
Start 81: 2.269 4 ForkPoolWorker-5

End 84: 2.270 Use time: 0.76
Start 85: 2.270 0 ForkPoolWorker-1

End 88: 2.270 Use time: 0.75
Start 89: 2.270 1 ForkPoolWorker-2

End 92: 2.270 Use time: 0.76
Start 93: 2.270 3 ForkPoolWorker-4

End 65: 2.269 Use time: 0.76
Start 66: 2.269 2 ForkPoolWorker-3

End 69: 2.269 Use time: 0.76
Start 70: 2.269 7 ForkPoolWorker-8

End 73: 2.269 Use time: 0.75
Start 74: 2.269 6 ForkPoolWorker-7

End 77: 2.269 Use time: 0.75
Start 78: 2.269 5 ForkPoolWorker-6

End 81: 2.269 Use time: 0.76
Start 82: 2.269 4 ForkPoolWorker-5

End 85: 2.270 Use time: 0.76
Start 86: 2.270 0 ForkPoolWorker-1

End 89: 2.270 Use time: 0.76
Start 90: 2.270 1 ForkPoolWorker-2

End 93: 2.270 Use time: 0.77
Start 94: 2.270 3 ForkPoolWorker-4

End 66: 2.269 Use time: 0.75
Start 67: 2.269 2 ForkPoolWorker-3

End 70: 2.269 Use time: 0.76
Start 71: 2.269 7 ForkPoolWorker-8

End 74: 2.269 Use time: 0.76
Start 75: 2.269 6 ForkPoolWorker-7

End 78: 2.269 Use time: 0.74
Start 79: 2.269 5 ForkPoolWorker-6

End 82: 2.269 Use time: 0.76
Start 83: 2.270 4 ForkPoolWorker-5

End 86: 2.270 Use time: 0.76
Start 87: 2.270 0 ForkPoolWorker-1

End 90: 2.270 Use time: 0.76
Start 91: 2.270 1 ForkPoolWorker-2

End 94: 2.270 Use time: 0.76
Start 95: 2.270 3 ForkPoolWorker-4

End 67: 2.269 Use time: 0.76
Start 96: 2.270 2 ForkPoolWorker-3

End 75: 2.269 Use time: 0.75
End 71: 2.269 Use time: 0.76
End 79: 2.269 Use time: 0.75
End 83: 2.270 Use time: 0.76
End 87: 2.270 Use time: 0.76
End 91: 2.270 Use time: 0.76
End 95: 2.270 Use time: 0.76
End 96: 2.270 Use time: 0.76
Start 97: 2.270 2 ForkPoolWorker-3

End 97: 2.270 Use time: 0.76
Start 98: 2.270 2 ForkPoolWorker-3

End 98: 2.270 Use time: 0.76
Start 99: 2.270 2 ForkPoolWorker-3

End 99: 2.270 Use time: 0.76
Results saved to Corr_len_results.pkl
Tue Dec 24 21:46:53 CST 2024
25
