Wed Dec 25 00:45:34 CST 2024
hgpn13
              total        used        free      shared  buff/cache   available
Mem:          2.0Ti        29Gi       903Gi       5.0Gi       1.1Ti       1.9Ti
Swap:            0B          0B          0B
Namespace(d=38)
16 0.01 38 8
Start 0: 2.200 0 ForkPoolWorker-1

Start 4: 2.206 1 ForkPoolWorker-2

Start 8: 2.212 4 ForkPoolWorker-5

Start 12: 2.218 5 ForkPoolWorker-6

Start 16: 2.224 2 ForkPoolWorker-3

Start 20: 2.230 3 ForkPoolWorker-4

Start 24: 2.236 7 ForkPoolWorker-8

Start 28: 2.242 6 ForkPoolWorker-7

/home/u3518384/CompPhys/11020PHYS401200-Ising-Model/torch-V4/Cv_1.py:170: DeprecationWarning: __array__ implementation doesn't accept a copy keyword, so passing copy=False failed. __array__ must implement 'dtype' and 'copy' keyword arguments.
  W[j, :] = eigvals[-2:]
/home/u3518384/CompPhys/11020PHYS401200-Ising-Model/torch-V4/Cv_1.py:170: DeprecationWarning: __array__ implementation doesn't accept a copy keyword, so passing copy=False failed. __array__ must implement 'dtype' and 'copy' keyword arguments.
  W[j, :] = eigvals[-2:]
/home/u3518384/CompPhys/11020PHYS401200-Ising-Model/torch-V4/Cv_1.py:170: DeprecationWarning: __array__ implementation doesn't accept a copy keyword, so passing copy=False failed. __array__ must implement 'dtype' and 'copy' keyword arguments.
  W[j, :] = eigvals[-2:]
/home/u3518384/CompPhys/11020PHYS401200-Ising-Model/torch-V4/Cv_1.py:170: DeprecationWarning: __array__ implementation doesn't accept a copy keyword, so passing copy=False failed. __array__ must implement 'dtype' and 'copy' keyword arguments.
  W[j, :] = eigvals[-2:]
/home/u3518384/CompPhys/11020PHYS401200-Ising-Model/torch-V4/Cv_1.py:170: DeprecationWarning: __array__ implementation doesn't accept a copy keyword, so passing copy=False failed. __array__ must implement 'dtype' and 'copy' keyword arguments.
  W[j, :] = eigvals[-2:]
/home/u3518384/CompPhys/11020PHYS401200-Ising-Model/torch-V4/Cv_1.py:170: DeprecationWarning: __array__ implementation doesn't accept a copy keyword, so passing copy=False failed. __array__ must implement 'dtype' and 'copy' keyword arguments.
  W[j, :] = eigvals[-2:]
/home/u3518384/CompPhys/11020PHYS401200-Ising-Model/torch-V4/Cv_1.py:170: DeprecationWarning: __array__ implementation doesn't accept a copy keyword, so passing copy=False failed. __array__ must implement 'dtype' and 'copy' keyword arguments.
  W[j, :] = eigvals[-2:]
/home/u3518384/CompPhys/11020PHYS401200-Ising-Model/torch-V4/Cv_1.py:170: DeprecationWarning: __array__ implementation doesn't accept a copy keyword, so passing copy=False failed. __array__ must implement 'dtype' and 'copy' keyword arguments.
  W[j, :] = eigvals[-2:]
/home/u3518384/CompPhys/11020PHYS401200-Ising-Model/torch-V4/Cv_1.py:190: RuntimeWarning: divide by zero encountered in log
  E = -np.log(W)
/home/u3518384/CompPhys/11020PHYS401200-Ising-Model/torch-V4/Cv_1.py:191: RuntimeWarning: invalid value encountered in subtract
  Corr_len = 1 / (E[:, -2] - E[:, -1])
/home/u3518384/CompPhys/11020PHYS401200-Ising-Model/torch-V4/Cv_1.py:191: RuntimeWarning: divide by zero encountered in divide
  Corr_len = 1 / (E[:, -2] - E[:, -1])
End 24: 2.236 Use time: 56.38
Start 25: 2.238 7 ForkPoolWorker-8

/home/u3518384/CompPhys/11020PHYS401200-Ising-Model/torch-V4/Cv_1.py:190: RuntimeWarning: divide by zero encountered in log
  E = -np.log(W)
/home/u3518384/CompPhys/11020PHYS401200-Ising-Model/torch-V4/Cv_1.py:191: RuntimeWarning: invalid value encountered in subtract
  Corr_len = 1 / (E[:, -2] - E[:, -1])
/home/u3518384/CompPhys/11020PHYS401200-Ising-Model/torch-V4/Cv_1.py:191: RuntimeWarning: divide by zero encountered in divide
  Corr_len = 1 / (E[:, -2] - E[:, -1])
End 16: 2.224 Use time: 56.44
Start 17: 2.226 2 ForkPoolWorker-3

/home/u3518384/CompPhys/11020PHYS401200-Ising-Model/torch-V4/Cv_1.py:190: RuntimeWarning: divide by zero encountered in log
  E = -np.log(W)
/home/u3518384/CompPhys/11020PHYS401200-Ising-Model/torch-V4/Cv_1.py:191: RuntimeWarning: invalid value encountered in subtract
  Corr_len = 1 / (E[:, -2] - E[:, -1])
/home/u3518384/CompPhys/11020PHYS401200-Ising-Model/torch-V4/Cv_1.py:191: RuntimeWarning: divide by zero encountered in divide
  Corr_len = 1 / (E[:, -2] - E[:, -1])
End 28: 2.242 Use time: 56.89
Start 29: 2.244 6 ForkPoolWorker-7

/home/u3518384/CompPhys/11020PHYS401200-Ising-Model/torch-V4/Cv_1.py:190: RuntimeWarning: divide by zero encountered in log
  E = -np.log(W)
/home/u3518384/CompPhys/11020PHYS401200-Ising-Model/torch-V4/Cv_1.py:191: RuntimeWarning: invalid value encountered in subtract
  Corr_len = 1 / (E[:, -2] - E[:, -1])
/home/u3518384/CompPhys/11020PHYS401200-Ising-Model/torch-V4/Cv_1.py:191: RuntimeWarning: divide by zero encountered in divide
  Corr_len = 1 / (E[:, -2] - E[:, -1])
End 20: 2.230 Use time: 56.96
Start 21: 2.232 3 ForkPoolWorker-4

/home/u3518384/CompPhys/11020PHYS401200-Ising-Model/torch-V4/Cv_1.py:190: RuntimeWarning: divide by zero encountered in log
  E = -np.log(W)
/home/u3518384/CompPhys/11020PHYS401200-Ising-Model/torch-V4/Cv_1.py:191: RuntimeWarning: invalid value encountered in subtract
  Corr_len = 1 / (E[:, -2] - E[:, -1])
/home/u3518384/CompPhys/11020PHYS401200-Ising-Model/torch-V4/Cv_1.py:191: RuntimeWarning: divide by zero encountered in divide
  Corr_len = 1 / (E[:, -2] - E[:, -1])
End 4: 2.206 Use time: 57.54
Start 5: 2.208 1 ForkPoolWorker-2

/home/u3518384/CompPhys/11020PHYS401200-Ising-Model/torch-V4/Cv_1.py:190: RuntimeWarning: divide by zero encountered in log
  E = -np.log(W)
/home/u3518384/CompPhys/11020PHYS401200-Ising-Model/torch-V4/Cv_1.py:191: RuntimeWarning: invalid value encountered in subtract
  Corr_len = 1 / (E[:, -2] - E[:, -1])
/home/u3518384/CompPhys/11020PHYS401200-Ising-Model/torch-V4/Cv_1.py:191: RuntimeWarning: divide by zero encountered in divide
  Corr_len = 1 / (E[:, -2] - E[:, -1])
End 0: 2.200 Use time: 57.70
Start 1: 2.202 0 ForkPoolWorker-1

/home/u3518384/CompPhys/11020PHYS401200-Ising-Model/torch-V4/Cv_1.py:190: RuntimeWarning: divide by zero encountered in log
  E = -np.log(W)
/home/u3518384/CompPhys/11020PHYS401200-Ising-Model/torch-V4/Cv_1.py:191: RuntimeWarning: invalid value encountered in subtract
  Corr_len = 1 / (E[:, -2] - E[:, -1])
/home/u3518384/CompPhys/11020PHYS401200-Ising-Model/torch-V4/Cv_1.py:191: RuntimeWarning: divide by zero encountered in divide
  Corr_len = 1 / (E[:, -2] - E[:, -1])
End 8: 2.212 Use time: 57.75
Start 9: 2.214 4 ForkPoolWorker-5

/home/u3518384/CompPhys/11020PHYS401200-Ising-Model/torch-V4/Cv_1.py:190: RuntimeWarning: divide by zero encountered in log
  E = -np.log(W)
/home/u3518384/CompPhys/11020PHYS401200-Ising-Model/torch-V4/Cv_1.py:191: RuntimeWarning: invalid value encountered in subtract
  Corr_len = 1 / (E[:, -2] - E[:, -1])
/home/u3518384/CompPhys/11020PHYS401200-Ising-Model/torch-V4/Cv_1.py:191: RuntimeWarning: divide by zero encountered in divide
  Corr_len = 1 / (E[:, -2] - E[:, -1])
End 12: 2.218 Use time: 59.07
Start 13: 2.220 5 ForkPoolWorker-6

End 25: 2.238 Use time: 47.12
Start 26: 2.239 7 ForkPoolWorker-8

End 29: 2.244 Use time: 46.98
Start 30: 2.245 6 ForkPoolWorker-7

End 17: 2.226 Use time: 47.47
Start 18: 2.227 2 ForkPoolWorker-3

End 21: 2.232 Use time: 47.36
Start 22: 2.233 3 ForkPoolWorker-4

End 5: 2.208 Use time: 48.18
Start 6: 2.209 1 ForkPoolWorker-2

End 1: 2.202 Use time: 48.53
Start 2: 2.203 0 ForkPoolWorker-1

End 9: 2.214 Use time: 48.52
Start 10: 2.215 4 ForkPoolWorker-5

End 13: 2.220 Use time: 48.91
Start 14: 2.221 5 ForkPoolWorker-6

End 26: 2.239 Use time: 46.87
Start 27: 2.241 7 ForkPoolWorker-8

End 18: 2.227 Use time: 46.97
Start 19: 2.229 2 ForkPoolWorker-3

End 30: 2.245 Use time: 47.16
Start 31: 2.247 6 ForkPoolWorker-7

End 22: 2.233 Use time: 47.61
Start 23: 2.235 3 ForkPoolWorker-4

End 6: 2.209 Use time: 48.45
Start 7: 2.211 1 ForkPoolWorker-2

End 10: 2.215 Use time: 48.63
Start 11: 2.217 4 ForkPoolWorker-5

End 2: 2.203 Use time: 49.12
Start 3: 2.205 0 ForkPoolWorker-1

End 14: 2.221 Use time: 48.32
Start 15: 2.223 5 ForkPoolWorker-6

End 27: 2.241 Use time: 46.84
Start 32: 2.248 7 ForkPoolWorker-8

End 19: 2.229 Use time: 46.85
Start 36: 2.255 2 ForkPoolWorker-3

End 31: 2.247 Use time: 47.32
Start 40: 2.261 6 ForkPoolWorker-7

End 23: 2.235 Use time: 47.36
Start 44: 2.267 3 ForkPoolWorker-4

End 7: 2.211 Use time: 48.95
Start 48: 2.273 1 ForkPoolWorker-2

End 11: 2.217 Use time: 48.72
Start 52: 2.279 4 ForkPoolWorker-5

End 15: 2.223 Use time: 48.12
Start 56: 2.285 5 ForkPoolWorker-6

End 3: 2.205 Use time: 49.34
Start 60: 2.291 0 ForkPoolWorker-1

End 32: 2.248 Use time: 46.88
Start 33: 2.250 7 ForkPoolWorker-8

End 36: 2.255 Use time: 47.35
Start 37: 2.256 2 ForkPoolWorker-3

End 40: 2.261 Use time: 48.43
Start 41: 2.262 6 ForkPoolWorker-7

End 44: 2.267 Use time: 48.25
Start 45: 2.268 3 ForkPoolWorker-4

End 52: 2.279 Use time: 45.93
Start 53: 2.280 4 ForkPoolWorker-5

End 48: 2.273 Use time: 47.09
Start 49: 2.274 1 ForkPoolWorker-2

End 56: 2.285 Use time: 45.96
Start 57: 2.286 5 ForkPoolWorker-6

End 60: 2.291 Use time: 46.17
Start 61: 2.292 0 ForkPoolWorker-1

End 33: 2.250 Use time: 47.00
Start 34: 2.252 7 ForkPoolWorker-8

End 37: 2.256 Use time: 47.16
Start 38: 2.258 2 ForkPoolWorker-3

End 41: 2.262 Use time: 48.26
Start 42: 2.264 6 ForkPoolWorker-7

End 53: 2.280 Use time: 46.12
Start 54: 2.282 4 ForkPoolWorker-5

End 57: 2.286 Use time: 45.99
Start 58: 2.288 5 ForkPoolWorker-6

End 45: 2.268 Use time: 49.07
Start 46: 2.270 3 ForkPoolWorker-4

End 49: 2.274 Use time: 46.82
Start 50: 2.276 1 ForkPoolWorker-2

End 61: 2.292 Use time: 46.36
Start 62: 2.294 0 ForkPoolWorker-1

End 34: 2.252 Use time: 47.10
Start 35: 2.253 7 ForkPoolWorker-8

End 38: 2.258 Use time: 47.29
Start 39: 2.259 2 ForkPoolWorker-3

End 54: 2.282 Use time: 46.36
Start 55: 2.283 4 ForkPoolWorker-5

End 58: 2.288 Use time: 46.00
Start 59: 2.289 5 ForkPoolWorker-6

End 42: 2.264 Use time: 47.94
Start 43: 2.265 6 ForkPoolWorker-7

End 62: 2.294 Use time: 46.18
Start 63: 2.295 0 ForkPoolWorker-1

End 50: 2.276 Use time: 47.00
Start 51: 2.277 1 ForkPoolWorker-2

End 46: 2.270 Use time: 47.86
Start 47: 2.271 3 ForkPoolWorker-4

End 35: 2.253 Use time: 47.42
Start 64: 2.297 7 ForkPoolWorker-8

End 39: 2.259 Use time: 47.56
Start 68: 2.303 2 ForkPoolWorker-3

End 55: 2.283 Use time: 45.97
Start 72: 2.309 4 ForkPoolWorker-5

End 59: 2.289 Use time: 46.01
Start 76: 2.315 5 ForkPoolWorker-6

End 63: 2.295 Use time: 45.80
Start 80: 2.321 0 ForkPoolWorker-1

End 51: 2.277 Use time: 46.85
Start 84: 2.327 1 ForkPoolWorker-2

End 43: 2.265 Use time: 48.11
Start 88: 2.333 6 ForkPoolWorker-7

End 47: 2.271 Use time: 48.00
Start 92: 2.339 3 ForkPoolWorker-4

End 64: 2.297 Use time: 45.26
Start 65: 2.298 7 ForkPoolWorker-8

End 68: 2.303 Use time: 45.77
Start 69: 2.305 2 ForkPoolWorker-3

End 72: 2.309 Use time: 45.51
Start 73: 2.311 4 ForkPoolWorker-5

End 76: 2.315 Use time: 46.47
Start 77: 2.317 5 ForkPoolWorker-6

End 84: 2.327 Use time: 45.64
Start 85: 2.329 1 ForkPoolWorker-2

End 88: 2.333 Use time: 45.51
Start 89: 2.335 6 ForkPoolWorker-7

End 80: 2.321 Use time: 48.05
Start 81: 2.323 0 ForkPoolWorker-1

End 92: 2.339 Use time: 44.99
Start 93: 2.341 3 ForkPoolWorker-4

End 65: 2.298 Use time: 45.38
Start 66: 2.300 7 ForkPoolWorker-8

End 69: 2.305 Use time: 45.65
Start 70: 2.306 2 ForkPoolWorker-3

End 73: 2.311 Use time: 45.44
Start 74: 2.312 4 ForkPoolWorker-5

End 77: 2.317 Use time: 46.43
Start 78: 2.318 5 ForkPoolWorker-6

End 89: 2.335 Use time: 45.41
Start 90: 2.336 6 ForkPoolWorker-7

End 93: 2.341 Use time: 44.91
Start 94: 2.342 3 ForkPoolWorker-4

End 85: 2.329 Use time: 45.94
Start 86: 2.330 1 ForkPoolWorker-2

End 81: 2.323 Use time: 47.31
Start 82: 2.324 0 ForkPoolWorker-1

End 66: 2.300 Use time: 45.33
Start 67: 2.302 7 ForkPoolWorker-8

End 70: 2.306 Use time: 45.78
Start 71: 2.308 2 ForkPoolWorker-3

End 74: 2.312 Use time: 45.72
Start 75: 2.314 4 ForkPoolWorker-5

End 94: 2.342 Use time: 44.83
Start 95: 2.344 3 ForkPoolWorker-4

End 90: 2.336 Use time: 45.49
Start 91: 2.338 6 ForkPoolWorker-7

End 86: 2.330 Use time: 45.88
Start 87: 2.332 1 ForkPoolWorker-2

End 78: 2.318 Use time: 47.39
Start 79: 2.320 5 ForkPoolWorker-6

End 82: 2.324 Use time: 46.88
Start 83: 2.326 0 ForkPoolWorker-1

End 67: 2.302 Use time: 45.67
Start 96: 2.345 7 ForkPoolWorker-8

End 71: 2.308 Use time: 45.87
End 75: 2.314 Use time: 46.27
End 95: 2.344 Use time: 44.89
End 91: 2.338 Use time: 45.23
End 87: 2.332 Use time: 45.29
End 79: 2.320 Use time: 47.43
End 83: 2.326 Use time: 46.40
End 96: 2.345 Use time: 44.43
Start 97: 2.347 7 ForkPoolWorker-8

End 97: 2.347 Use time: 44.31
Start 98: 2.348 7 ForkPoolWorker-8

End 98: 2.348 Use time: 44.22
Start 99: 2.350 7 ForkPoolWorker-8

End 99: 2.350 Use time: 44.12
Results saved to Cv_results.pkl
Wed Dec 25 00:58:03 CST 2024
749
