Tue Dec 24 21:31:00 CST 2024
hgpn14
              total        used        free      shared  buff/cache   available
Mem:          2.0Ti        28Gi       1.3Ti       1.7Gi       658Gi       1.9Ti
Swap:            0B          0B          0B
11 0.01 38 8
Start 0: 2.265 0 ForkPoolWorker-1

Start 4: 2.266 1 ForkPoolWorker-2

Start 8: 2.267 2 ForkPoolWorker-3

Start 12: 2.267 3 ForkPoolWorker-4

Start 16: 2.268 4 ForkPoolWorker-5

Start 20: 2.269 5 ForkPoolWorker-6

Start 24: 2.270 6 ForkPoolWorker-7

Start 28: 2.271 7 ForkPoolWorker-8

/home/u3518384/CompPhys/11020PHYS401200-Ising-Model/torch-V4/Corr_len.py:150: DeprecationWarning: __array__ implementation doesn't accept a copy keyword, so passing copy=False failed. __array__ must implement 'dtype' and 'copy' keyword arguments.
  W[j, :] = eigvals[-2:]
/home/u3518384/CompPhys/11020PHYS401200-Ising-Model/torch-V4/Corr_len.py:150: DeprecationWarning: __array__ implementation doesn't accept a copy keyword, so passing copy=False failed. __array__ must implement 'dtype' and 'copy' keyword arguments.
  W[j, :] = eigvals[-2:]
/home/u3518384/CompPhys/11020PHYS401200-Ising-Model/torch-V4/Corr_len.py:150: DeprecationWarning: __array__ implementation doesn't accept a copy keyword, so passing copy=False failed. __array__ must implement 'dtype' and 'copy' keyword arguments.
  W[j, :] = eigvals[-2:]
/home/u3518384/CompPhys/11020PHYS401200-Ising-Model/torch-V4/Corr_len.py:150: DeprecationWarning: __array__ implementation doesn't accept a copy keyword, so passing copy=False failed. __array__ must implement 'dtype' and 'copy' keyword arguments.
  W[j, :] = eigvals[-2:]
/home/u3518384/CompPhys/11020PHYS401200-Ising-Model/torch-V4/Corr_len.py:150: DeprecationWarning: __array__ implementation doesn't accept a copy keyword, so passing copy=False failed. __array__ must implement 'dtype' and 'copy' keyword arguments.
  W[j, :] = eigvals[-2:]
/home/u3518384/CompPhys/11020PHYS401200-Ising-Model/torch-V4/Corr_len.py:150: DeprecationWarning: __array__ implementation doesn't accept a copy keyword, so passing copy=False failed. __array__ must implement 'dtype' and 'copy' keyword arguments.
  W[j, :] = eigvals[-2:]
/home/u3518384/CompPhys/11020PHYS401200-Ising-Model/torch-V4/Corr_len.py:150: DeprecationWarning: __array__ implementation doesn't accept a copy keyword, so passing copy=False failed. __array__ must implement 'dtype' and 'copy' keyword arguments.
  W[j, :] = eigvals[-2:]
/home/u3518384/CompPhys/11020PHYS401200-Ising-Model/torch-V4/Corr_len.py:150: DeprecationWarning: __array__ implementation doesn't accept a copy keyword, so passing copy=False failed. __array__ must implement 'dtype' and 'copy' keyword arguments.
  W[j, :] = eigvals[-2:]
/home/u3518384/CompPhys/11020PHYS401200-Ising-Model/torch-V4/Corr_len.py:154: RuntimeWarning: divide by zero encountered in log
  E = -np.log(W)
/home/u3518384/CompPhys/11020PHYS401200-Ising-Model/torch-V4/Corr_len.py:155: RuntimeWarning: invalid value encountered in subtract
  Corr_len = 1 / (E[:, -2] - E[:, -1])
End 0: 2.265 Use time: 16.76
Start 1: 2.265 0 ForkPoolWorker-1

/home/u3518384/CompPhys/11020PHYS401200-Ising-Model/torch-V4/Corr_len.py:154: RuntimeWarning: divide by zero encountered in log
  E = -np.log(W)
/home/u3518384/CompPhys/11020PHYS401200-Ising-Model/torch-V4/Corr_len.py:155: RuntimeWarning: invalid value encountered in subtract
  Corr_len = 1 / (E[:, -2] - E[:, -1])
End 8: 2.267 Use time: 16.76
Start 9: 2.267 2 ForkPoolWorker-3

/home/u3518384/CompPhys/11020PHYS401200-Ising-Model/torch-V4/Corr_len.py:154: RuntimeWarning: divide by zero encountered in log
  E = -np.log(W)
/home/u3518384/CompPhys/11020PHYS401200-Ising-Model/torch-V4/Corr_len.py:155: RuntimeWarning: invalid value encountered in subtract
  Corr_len = 1 / (E[:, -2] - E[:, -1])
End 24: 2.270 Use time: 16.85
Start 25: 2.270 6 ForkPoolWorker-7

/home/u3518384/CompPhys/11020PHYS401200-Ising-Model/torch-V4/Corr_len.py:154: RuntimeWarning: divide by zero encountered in log
  E = -np.log(W)
/home/u3518384/CompPhys/11020PHYS401200-Ising-Model/torch-V4/Corr_len.py:155: RuntimeWarning: invalid value encountered in subtract
  Corr_len = 1 / (E[:, -2] - E[:, -1])
End 28: 2.271 Use time: 16.85
Start 29: 2.271 7 ForkPoolWorker-8

/home/u3518384/CompPhys/11020PHYS401200-Ising-Model/torch-V4/Corr_len.py:154: RuntimeWarning: divide by zero encountered in log
  E = -np.log(W)
/home/u3518384/CompPhys/11020PHYS401200-Ising-Model/torch-V4/Corr_len.py:155: RuntimeWarning: invalid value encountered in subtract
  Corr_len = 1 / (E[:, -2] - E[:, -1])
End 4: 2.266 Use time: 16.93
Start 5: 2.266 1 ForkPoolWorker-2

/home/u3518384/CompPhys/11020PHYS401200-Ising-Model/torch-V4/Corr_len.py:154: RuntimeWarning: divide by zero encountered in log
  E = -np.log(W)
/home/u3518384/CompPhys/11020PHYS401200-Ising-Model/torch-V4/Corr_len.py:155: RuntimeWarning: invalid value encountered in subtract
  Corr_len = 1 / (E[:, -2] - E[:, -1])
End 12: 2.267 Use time: 16.98
Start 13: 2.268 3 ForkPoolWorker-4

/home/u3518384/CompPhys/11020PHYS401200-Ising-Model/torch-V4/Corr_len.py:154: RuntimeWarning: divide by zero encountered in log
  E = -np.log(W)
/home/u3518384/CompPhys/11020PHYS401200-Ising-Model/torch-V4/Corr_len.py:155: RuntimeWarning: invalid value encountered in subtract
  Corr_len = 1 / (E[:, -2] - E[:, -1])
End 20: 2.269 Use time: 16.98
Start 21: 2.269 5 ForkPoolWorker-6

/home/u3518384/CompPhys/11020PHYS401200-Ising-Model/torch-V4/Corr_len.py:154: RuntimeWarning: divide by zero encountered in log
  E = -np.log(W)
/home/u3518384/CompPhys/11020PHYS401200-Ising-Model/torch-V4/Corr_len.py:155: RuntimeWarning: invalid value encountered in subtract
  Corr_len = 1 / (E[:, -2] - E[:, -1])
End 16: 2.268 Use time: 16.99
Start 17: 2.268 4 ForkPoolWorker-5

End 1: 2.265 Use time: 7.94
Start 2: 2.265 0 ForkPoolWorker-1

End 9: 2.267 Use time: 7.96
Start 10: 2.267 2 ForkPoolWorker-3

End 29: 2.271 Use time: 7.93
Start 30: 2.271 7 ForkPoolWorker-8

End 25: 2.270 Use time: 7.95
Start 26: 2.270 6 ForkPoolWorker-7

End 13: 2.268 Use time: 7.89
Start 14: 2.268 3 ForkPoolWorker-4

End 5: 2.266 Use time: 7.96
Start 6: 2.266 1 ForkPoolWorker-2

End 17: 2.268 Use time: 7.99
Start 18: 2.269 4 ForkPoolWorker-5

End 21: 2.269 Use time: 8.03
Start 22: 2.269 5 ForkPoolWorker-6

End 10: 2.267 Use time: 7.91
Start 11: 2.267 2 ForkPoolWorker-3

End 2: 2.265 Use time: 7.96
Start 3: 2.266 0 ForkPoolWorker-1

End 26: 2.270 Use time: 7.91
Start 27: 2.270 6 ForkPoolWorker-7

End 30: 2.271 Use time: 7.92
Start 31: 2.271 7 ForkPoolWorker-8

End 14: 2.268 Use time: 7.96
Start 15: 2.268 3 ForkPoolWorker-4

End 6: 2.266 Use time: 8.00
Start 7: 2.266 1 ForkPoolWorker-2

End 18: 2.269 Use time: 7.98
Start 19: 2.269 4 ForkPoolWorker-5

End 22: 2.269 Use time: 7.99
Start 23: 2.270 5 ForkPoolWorker-6

End 11: 2.267 Use time: 7.94
Start 32: 2.271 2 ForkPoolWorker-3

End 3: 2.266 Use time: 7.95
Start 36: 2.272 0 ForkPoolWorker-1

End 27: 2.270 Use time: 7.96
Start 40: 2.273 6 ForkPoolWorker-7

End 31: 2.271 Use time: 8.00
Start 44: 2.274 7 ForkPoolWorker-8

End 15: 2.268 Use time: 8.00
Start 48: 2.275 3 ForkPoolWorker-4

End 7: 2.266 Use time: 7.98
Start 52: 2.276 1 ForkPoolWorker-2

End 19: 2.269 Use time: 7.95
Start 56: 2.276 4 ForkPoolWorker-5

End 23: 2.270 Use time: 7.96
Start 60: 2.277 5 ForkPoolWorker-6

End 32: 2.271 Use time: 7.92
Start 33: 2.272 2 ForkPoolWorker-3

End 36: 2.272 Use time: 7.90
Start 37: 2.272 0 ForkPoolWorker-1

End 40: 2.273 Use time: 7.91
Start 41: 2.273 6 ForkPoolWorker-7

End 44: 2.274 Use time: 8.05
Start 45: 2.274 7 ForkPoolWorker-8

End 48: 2.275 Use time: 7.99
Start 49: 2.275 3 ForkPoolWorker-4

End 52: 2.276 Use time: 8.02
Start 53: 2.276 1 ForkPoolWorker-2

End 56: 2.276 Use time: 7.98
Start 57: 2.277 4 ForkPoolWorker-5

End 60: 2.277 Use time: 7.93
Start 61: 2.277 5 ForkPoolWorker-6

End 37: 2.272 Use time: 7.92
Start 38: 2.273 0 ForkPoolWorker-1

End 33: 2.272 Use time: 7.94
Start 34: 2.272 2 ForkPoolWorker-3

End 41: 2.273 Use time: 7.92
Start 42: 2.273 6 ForkPoolWorker-7

End 45: 2.274 Use time: 7.99
Start 46: 2.274 7 ForkPoolWorker-8

End 49: 2.275 Use time: 7.99
Start 50: 2.275 3 ForkPoolWorker-4

End 57: 2.277 Use time: 7.95
Start 58: 2.277 4 ForkPoolWorker-5

End 61: 2.277 Use time: 7.96
Start 62: 2.278 5 ForkPoolWorker-6

End 53: 2.276 Use time: 8.02
Start 54: 2.276 1 ForkPoolWorker-2

End 34: 2.272 Use time: 7.88
Start 35: 2.272 2 ForkPoolWorker-3

End 38: 2.273 Use time: 7.95
Start 39: 2.273 0 ForkPoolWorker-1

End 42: 2.273 Use time: 7.97
Start 43: 2.274 6 ForkPoolWorker-7

End 46: 2.274 Use time: 8.00
Start 47: 2.274 7 ForkPoolWorker-8

End 62: 2.278 Use time: 7.93
Start 63: 2.278 5 ForkPoolWorker-6

End 58: 2.277 Use time: 7.98
Start 59: 2.277 4 ForkPoolWorker-5

End 50: 2.275 Use time: 8.01
Start 51: 2.275 3 ForkPoolWorker-4

End 54: 2.276 Use time: 8.05
Start 55: 2.276 1 ForkPoolWorker-2

End 35: 2.272 Use time: 7.92
Start 64: 2.278 2 ForkPoolWorker-3

End 39: 2.273 Use time: 7.95
Start 68: 2.279 0 ForkPoolWorker-1

End 43: 2.274 Use time: 7.97
Start 72: 2.280 6 ForkPoolWorker-7

End 63: 2.278 Use time: 7.96
Start 76: 2.280 5 ForkPoolWorker-6

End 59: 2.277 Use time: 7.95
Start 80: 2.281 4 ForkPoolWorker-5

End 47: 2.274 Use time: 8.03
Start 84: 2.282 7 ForkPoolWorker-8

End 51: 2.275 Use time: 8.03
Start 88: 2.283 3 ForkPoolWorker-4

End 55: 2.276 Use time: 7.99
Start 92: 2.284 1 ForkPoolWorker-2

End 64: 2.278 Use time: 7.93
Start 65: 2.278 2 ForkPoolWorker-3

End 68: 2.279 Use time: 7.99
Start 69: 2.279 0 ForkPoolWorker-1

End 72: 2.280 Use time: 7.89
Start 73: 2.280 6 ForkPoolWorker-7

End 80: 2.281 Use time: 7.90
Start 81: 2.281 4 ForkPoolWorker-5

End 76: 2.280 Use time: 7.92
Start 77: 2.281 5 ForkPoolWorker-6

End 88: 2.283 Use time: 7.83
Start 89: 2.283 3 ForkPoolWorker-4

End 84: 2.282 Use time: 7.96
Start 85: 2.282 7 ForkPoolWorker-8

End 92: 2.284 Use time: 7.82
Start 93: 2.284 1 ForkPoolWorker-2

End 65: 2.278 Use time: 7.99
Start 66: 2.278 2 ForkPoolWorker-3

End 73: 2.280 Use time: 7.93
Start 74: 2.280 6 ForkPoolWorker-7

End 69: 2.279 Use time: 8.04
Start 70: 2.279 0 ForkPoolWorker-1

End 89: 2.283 Use time: 7.77
Start 90: 2.283 3 ForkPoolWorker-4

End 77: 2.281 Use time: 7.91
Start 78: 2.281 5 ForkPoolWorker-6

End 81: 2.281 Use time: 7.94
Start 82: 2.282 4 ForkPoolWorker-5

End 85: 2.282 Use time: 7.88
Start 86: 2.282 7 ForkPoolWorker-8

End 93: 2.284 Use time: 7.88
Start 94: 2.284 1 ForkPoolWorker-2

End 66: 2.278 Use time: 7.91
Start 67: 2.279 2 ForkPoolWorker-3

End 74: 2.280 Use time: 7.92
Start 75: 2.280 6 ForkPoolWorker-7

End 90: 2.283 Use time: 7.80
Start 91: 2.283 3 ForkPoolWorker-4

End 70: 2.279 Use time: 7.94
Start 71: 2.279 0 ForkPoolWorker-1

End 78: 2.281 Use time: 7.91
Start 79: 2.281 5 ForkPoolWorker-6

End 82: 2.282 Use time: 7.88
Start 83: 2.282 4 ForkPoolWorker-5

End 94: 2.284 Use time: 7.87
Start 95: 2.284 1 ForkPoolWorker-2

End 86: 2.282 Use time: 7.93
Start 87: 2.283 7 ForkPoolWorker-8

End 67: 2.279 Use time: 7.97
Start 96: 2.284 2 ForkPoolWorker-3

End 91: 2.283 Use time: 7.81
End 75: 2.280 Use time: 7.91
End 71: 2.279 Use time: 7.91
End 95: 2.284 Use time: 7.79
End 83: 2.282 Use time: 7.90
End 79: 2.281 Use time: 7.95
End 87: 2.283 Use time: 7.90
End 96: 2.284 Use time: 7.82
Start 97: 2.285 2 ForkPoolWorker-3

End 97: 2.285 Use time: 7.69
Start 98: 2.285 2 ForkPoolWorker-3

End 98: 2.285 Use time: 7.68
Start 99: 2.285 2 ForkPoolWorker-3

End 99: 2.285 Use time: 7.74
Results saved to Corr_len_results.pkl
Tue Dec 24 21:33:18 CST 2024
138
