Wed Dec 25 00:46:46 CST 2024
hgpn14
              total        used        free      shared  buff/cache   available
Mem:          2.0Ti        28Gi       1.3Ti       1.7Gi       660Gi       1.9Ti
Swap:            0B          0B          0B
Namespace(d=36)
15 0.01 36 8
Start 0: 2.265 2 ForkPoolWorker-3

Start 4: 2.266 0 ForkPoolWorker-1

Start 8: 2.267 3 ForkPoolWorker-4

Start 12: 2.267 1 ForkPoolWorker-2

Start 16: 2.268 4 ForkPoolWorker-5

Start 20: 2.269 7 ForkPoolWorker-8

Start 24: 2.270 5 ForkPoolWorker-6

Start 28: 2.271 6 ForkPoolWorker-7

/home/u3518384/CompPhys/11020PHYS401200-Ising-Model/torch-V4/Corr_len.py:156: DeprecationWarning: __array__ implementation doesn't accept a copy keyword, so passing copy=False failed. __array__ must implement 'dtype' and 'copy' keyword arguments.
  W[j, :] = eigvals[-2:]
/home/u3518384/CompPhys/11020PHYS401200-Ising-Model/torch-V4/Corr_len.py:156: DeprecationWarning: __array__ implementation doesn't accept a copy keyword, so passing copy=False failed. __array__ must implement 'dtype' and 'copy' keyword arguments.
  W[j, :] = eigvals[-2:]
/home/u3518384/CompPhys/11020PHYS401200-Ising-Model/torch-V4/Corr_len.py:156: DeprecationWarning: __array__ implementation doesn't accept a copy keyword, so passing copy=False failed. __array__ must implement 'dtype' and 'copy' keyword arguments.
  W[j, :] = eigvals[-2:]
/home/u3518384/CompPhys/11020PHYS401200-Ising-Model/torch-V4/Corr_len.py:156: DeprecationWarning: __array__ implementation doesn't accept a copy keyword, so passing copy=False failed. __array__ must implement 'dtype' and 'copy' keyword arguments.
  W[j, :] = eigvals[-2:]
/home/u3518384/CompPhys/11020PHYS401200-Ising-Model/torch-V4/Corr_len.py:156: DeprecationWarning: __array__ implementation doesn't accept a copy keyword, so passing copy=False failed. __array__ must implement 'dtype' and 'copy' keyword arguments.
  W[j, :] = eigvals[-2:]
/home/u3518384/CompPhys/11020PHYS401200-Ising-Model/torch-V4/Corr_len.py:156: DeprecationWarning: __array__ implementation doesn't accept a copy keyword, so passing copy=False failed. __array__ must implement 'dtype' and 'copy' keyword arguments.
  W[j, :] = eigvals[-2:]
/home/u3518384/CompPhys/11020PHYS401200-Ising-Model/torch-V4/Corr_len.py:156: DeprecationWarning: __array__ implementation doesn't accept a copy keyword, so passing copy=False failed. __array__ must implement 'dtype' and 'copy' keyword arguments.
  W[j, :] = eigvals[-2:]
/home/u3518384/CompPhys/11020PHYS401200-Ising-Model/torch-V4/Corr_len.py:156: DeprecationWarning: __array__ implementation doesn't accept a copy keyword, so passing copy=False failed. __array__ must implement 'dtype' and 'copy' keyword arguments.
  W[j, :] = eigvals[-2:]
/home/u3518384/CompPhys/11020PHYS401200-Ising-Model/torch-V4/Corr_len.py:160: RuntimeWarning: divide by zero encountered in log
  E = -np.log(W)
/home/u3518384/CompPhys/11020PHYS401200-Ising-Model/torch-V4/Corr_len.py:161: RuntimeWarning: invalid value encountered in subtract
  Corr_len = 1 / (E[:, -2] - E[:, -1])
End 20: 2.269 Use time: 20.04
Start 21: 2.269 7 ForkPoolWorker-8

/home/u3518384/CompPhys/11020PHYS401200-Ising-Model/torch-V4/Corr_len.py:160: RuntimeWarning: divide by zero encountered in log
  E = -np.log(W)
/home/u3518384/CompPhys/11020PHYS401200-Ising-Model/torch-V4/Corr_len.py:161: RuntimeWarning: invalid value encountered in subtract
  Corr_len = 1 / (E[:, -2] - E[:, -1])
End 24: 2.270 Use time: 20.72
Start 25: 2.270 5 ForkPoolWorker-6

/home/u3518384/CompPhys/11020PHYS401200-Ising-Model/torch-V4/Corr_len.py:160: RuntimeWarning: divide by zero encountered in log
  E = -np.log(W)
/home/u3518384/CompPhys/11020PHYS401200-Ising-Model/torch-V4/Corr_len.py:161: RuntimeWarning: invalid value encountered in subtract
  Corr_len = 1 / (E[:, -2] - E[:, -1])
End 16: 2.268 Use time: 21.22
Start 17: 2.268 4 ForkPoolWorker-5

/home/u3518384/CompPhys/11020PHYS401200-Ising-Model/torch-V4/Corr_len.py:160: RuntimeWarning: divide by zero encountered in log
  E = -np.log(W)
/home/u3518384/CompPhys/11020PHYS401200-Ising-Model/torch-V4/Corr_len.py:161: RuntimeWarning: invalid value encountered in subtract
  Corr_len = 1 / (E[:, -2] - E[:, -1])
End 28: 2.271 Use time: 21.29
Start 29: 2.271 6 ForkPoolWorker-7

/home/u3518384/CompPhys/11020PHYS401200-Ising-Model/torch-V4/Corr_len.py:160: RuntimeWarning: divide by zero encountered in log
  E = -np.log(W)
/home/u3518384/CompPhys/11020PHYS401200-Ising-Model/torch-V4/Corr_len.py:161: RuntimeWarning: invalid value encountered in subtract
  Corr_len = 1 / (E[:, -2] - E[:, -1])
End 0: 2.265 Use time: 21.35
Start 1: 2.265 2 ForkPoolWorker-3

/home/u3518384/CompPhys/11020PHYS401200-Ising-Model/torch-V4/Corr_len.py:160: RuntimeWarning: divide by zero encountered in log
  E = -np.log(W)
/home/u3518384/CompPhys/11020PHYS401200-Ising-Model/torch-V4/Corr_len.py:161: RuntimeWarning: invalid value encountered in subtract
  Corr_len = 1 / (E[:, -2] - E[:, -1])
End 8: 2.267 Use time: 21.48
Start 9: 2.267 3 ForkPoolWorker-4

/home/u3518384/CompPhys/11020PHYS401200-Ising-Model/torch-V4/Corr_len.py:160: RuntimeWarning: divide by zero encountered in log
  E = -np.log(W)
/home/u3518384/CompPhys/11020PHYS401200-Ising-Model/torch-V4/Corr_len.py:161: RuntimeWarning: invalid value encountered in subtract
  Corr_len = 1 / (E[:, -2] - E[:, -1])
End 4: 2.266 Use time: 21.51
Start 5: 2.266 0 ForkPoolWorker-1

/home/u3518384/CompPhys/11020PHYS401200-Ising-Model/torch-V4/Corr_len.py:160: RuntimeWarning: divide by zero encountered in log
  E = -np.log(W)
/home/u3518384/CompPhys/11020PHYS401200-Ising-Model/torch-V4/Corr_len.py:161: RuntimeWarning: invalid value encountered in subtract
  Corr_len = 1 / (E[:, -2] - E[:, -1])
End 12: 2.267 Use time: 21.75
Start 13: 2.268 1 ForkPoolWorker-2

End 21: 2.269 Use time: 10.63
Start 22: 2.269 7 ForkPoolWorker-8

End 25: 2.270 Use time: 11.67
Start 26: 2.270 5 ForkPoolWorker-6

End 17: 2.268 Use time: 11.64
Start 18: 2.269 4 ForkPoolWorker-5

End 29: 2.271 Use time: 11.96
Start 30: 2.271 6 ForkPoolWorker-7

End 1: 2.265 Use time: 12.10
Start 2: 2.265 2 ForkPoolWorker-3

End 5: 2.266 Use time: 12.00
Start 6: 2.266 0 ForkPoolWorker-1

End 9: 2.267 Use time: 12.17
Start 10: 2.267 3 ForkPoolWorker-4

End 13: 2.268 Use time: 12.31
Start 14: 2.268 1 ForkPoolWorker-2

End 22: 2.269 Use time: 10.76
Start 23: 2.270 7 ForkPoolWorker-8

End 18: 2.269 Use time: 11.42
Start 19: 2.269 4 ForkPoolWorker-5

End 26: 2.270 Use time: 11.91
Start 27: 2.270 5 ForkPoolWorker-6

End 30: 2.271 Use time: 12.07
Start 31: 2.271 6 ForkPoolWorker-7

End 6: 2.266 Use time: 12.01
Start 7: 2.266 0 ForkPoolWorker-1

End 2: 2.265 Use time: 12.23
Start 3: 2.266 2 ForkPoolWorker-3

End 10: 2.267 Use time: 12.30
Start 11: 2.267 3 ForkPoolWorker-4

End 14: 2.268 Use time: 12.34
Start 15: 2.268 1 ForkPoolWorker-2

End 23: 2.270 Use time: 11.13
Start 32: 2.271 7 ForkPoolWorker-8

End 19: 2.269 Use time: 10.98
Start 36: 2.272 4 ForkPoolWorker-5

End 27: 2.270 Use time: 11.84
Start 40: 2.273 5 ForkPoolWorker-6

End 31: 2.271 Use time: 12.19
Start 44: 2.274 6 ForkPoolWorker-7

End 7: 2.266 Use time: 12.20
Start 48: 2.275 0 ForkPoolWorker-1

End 3: 2.266 Use time: 12.07
Start 52: 2.276 2 ForkPoolWorker-3

End 11: 2.267 Use time: 12.50
Start 56: 2.276 3 ForkPoolWorker-4

End 15: 2.268 Use time: 12.25
Start 60: 2.277 1 ForkPoolWorker-2

End 32: 2.271 Use time: 11.95
Start 33: 2.272 7 ForkPoolWorker-8

End 36: 2.272 Use time: 11.54
Start 37: 2.272 4 ForkPoolWorker-5

End 40: 2.273 Use time: 11.60
Start 41: 2.273 5 ForkPoolWorker-6

End 48: 2.275 Use time: 11.19
Start 49: 2.275 0 ForkPoolWorker-1

End 44: 2.274 Use time: 11.43
Start 45: 2.274 6 ForkPoolWorker-7

End 52: 2.276 Use time: 11.25
Start 53: 2.276 2 ForkPoolWorker-3

End 56: 2.276 Use time: 11.31
Start 57: 2.277 3 ForkPoolWorker-4

End 60: 2.277 Use time: 11.29
Start 61: 2.277 1 ForkPoolWorker-2

End 33: 2.272 Use time: 11.63
Start 34: 2.272 7 ForkPoolWorker-8

End 37: 2.272 Use time: 11.48
Start 38: 2.273 4 ForkPoolWorker-5

End 41: 2.273 Use time: 11.55
Start 42: 2.273 5 ForkPoolWorker-6

End 49: 2.275 Use time: 11.13
Start 50: 2.275 0 ForkPoolWorker-1

End 53: 2.276 Use time: 11.22
Start 54: 2.276 2 ForkPoolWorker-3

End 45: 2.274 Use time: 11.34
Start 46: 2.274 6 ForkPoolWorker-7

End 57: 2.277 Use time: 11.22
Start 58: 2.277 3 ForkPoolWorker-4

End 61: 2.277 Use time: 11.22
Start 62: 2.278 1 ForkPoolWorker-2

End 34: 2.272 Use time: 11.61
Start 35: 2.272 7 ForkPoolWorker-8

End 38: 2.273 Use time: 11.58
Start 39: 2.273 4 ForkPoolWorker-5

End 42: 2.273 Use time: 11.59
Start 43: 2.274 5 ForkPoolWorker-6

End 50: 2.275 Use time: 11.20
Start 51: 2.275 0 ForkPoolWorker-1

End 54: 2.276 Use time: 11.26
Start 55: 2.276 2 ForkPoolWorker-3

End 46: 2.274 Use time: 11.38
Start 47: 2.274 6 ForkPoolWorker-7

End 58: 2.277 Use time: 11.11
Start 59: 2.277 3 ForkPoolWorker-4

End 62: 2.278 Use time: 11.20
Start 63: 2.278 1 ForkPoolWorker-2

End 35: 2.272 Use time: 11.58
Start 64: 2.278 7 ForkPoolWorker-8

End 39: 2.273 Use time: 11.59
Start 68: 2.279 4 ForkPoolWorker-5

End 43: 2.274 Use time: 11.50
Start 72: 2.280 5 ForkPoolWorker-6

End 51: 2.275 Use time: 11.21
Start 76: 2.280 0 ForkPoolWorker-1

End 55: 2.276 Use time: 11.33
Start 80: 2.281 2 ForkPoolWorker-3

End 47: 2.274 Use time: 11.22
Start 84: 2.282 6 ForkPoolWorker-7

End 59: 2.277 Use time: 11.24
Start 88: 2.283 3 ForkPoolWorker-4

End 63: 2.278 Use time: 11.27
Start 92: 2.284 1 ForkPoolWorker-2

End 64: 2.278 Use time: 11.09
Start 65: 2.278 7 ForkPoolWorker-8

End 68: 2.279 Use time: 10.94
Start 69: 2.279 4 ForkPoolWorker-5

End 72: 2.280 Use time: 10.86
Start 73: 2.280 5 ForkPoolWorker-6

End 76: 2.280 Use time: 10.83
Start 77: 2.281 0 ForkPoolWorker-1

End 80: 2.281 Use time: 10.98
Start 81: 2.281 2 ForkPoolWorker-3

End 84: 2.282 Use time: 11.00
Start 85: 2.282 6 ForkPoolWorker-7

End 88: 2.283 Use time: 11.03
Start 89: 2.283 3 ForkPoolWorker-4

End 92: 2.284 Use time: 10.84
Start 93: 2.284 1 ForkPoolWorker-2

End 65: 2.278 Use time: 11.17
Start 66: 2.278 7 ForkPoolWorker-8

End 69: 2.279 Use time: 10.88
Start 70: 2.279 4 ForkPoolWorker-5

End 77: 2.281 Use time: 10.85
Start 78: 2.281 0 ForkPoolWorker-1

End 73: 2.280 Use time: 10.98
Start 74: 2.280 5 ForkPoolWorker-6

End 85: 2.282 Use time: 10.91
Start 86: 2.282 6 ForkPoolWorker-7

End 81: 2.281 Use time: 11.02
Start 82: 2.282 2 ForkPoolWorker-3

End 89: 2.283 Use time: 10.82
Start 90: 2.283 3 ForkPoolWorker-4

End 93: 2.284 Use time: 10.79
Start 94: 2.284 1 ForkPoolWorker-2

End 66: 2.278 Use time: 10.97
Start 67: 2.279 7 ForkPoolWorker-8

End 70: 2.279 Use time: 10.87
Start 71: 2.279 4 ForkPoolWorker-5

End 78: 2.281 Use time: 10.87
Start 79: 2.281 0 ForkPoolWorker-1

End 74: 2.280 Use time: 10.94
Start 75: 2.280 5 ForkPoolWorker-6

End 86: 2.282 Use time: 10.93
Start 87: 2.283 6 ForkPoolWorker-7

End 82: 2.282 Use time: 10.94
Start 83: 2.282 2 ForkPoolWorker-3

End 90: 2.283 Use time: 10.91
Start 91: 2.283 3 ForkPoolWorker-4

End 94: 2.284 Use time: 10.96
Start 95: 2.284 1 ForkPoolWorker-2

End 67: 2.279 Use time: 11.02
Start 96: 2.284 7 ForkPoolWorker-8

End 71: 2.279 Use time: 10.91
End 79: 2.281 Use time: 10.95
End 75: 2.280 Use time: 10.85
End 87: 2.283 Use time: 10.94
End 83: 2.282 Use time: 10.98
End 91: 2.283 Use time: 10.83
End 95: 2.284 Use time: 10.91
End 96: 2.284 Use time: 10.92
Start 97: 2.285 7 ForkPoolWorker-8

End 97: 2.285 Use time: 10.94
Start 98: 2.285 7 ForkPoolWorker-8

End 98: 2.285 Use time: 10.85
Start 99: 2.285 7 ForkPoolWorker-8

End 99: 2.285 Use time: 10.83
Results saved to Corr_len_results.pkl
Wed Dec 25 00:49:57 CST 2024
191
