Wed Dec 25 02:00:04 CST 2024
hgpn21
              total        used        free      shared  buff/cache   available
Mem:          2.0Ti        28Gi       809Gi       1.9Gi       1.2Ti       1.9Ti
Swap:            0B          0B          0B
dcut = 4
/home/u3518384/CompPhys/11020PHYS401200-Ising-Model/torch-V4/Secant.py:138: DeprecationWarning: __array_wrap__ must accept context and return_scalar arguments (positionally) in the future. (Deprecated NumPy 2.0)
  E1 = -np.log(w1[-2:])
/home/u3518384/CompPhys/11020PHYS401200-Ising-Model/torch-V4/Secant.py:159: DeprecationWarning: __array_wrap__ must accept context and return_scalar arguments (positionally) in the future. (Deprecated NumPy 2.0)
  if np.abs(func_out[-1]) <= 1e-13:
/home/u3518384/CompPhys/11020PHYS401200-Ising-Model/torch-V4/Secant.py:21: DeprecationWarning: __array_wrap__ must accept context and return_scalar arguments (positionally) in the future. (Deprecated NumPy 2.0)
  sq_cosh = np.sqrt(np.cosh(beta * J))
/home/u3518384/CompPhys/11020PHYS401200-Ising-Model/torch-V4/Secant.py:22: DeprecationWarning: __array_wrap__ must accept context and return_scalar arguments (positionally) in the future. (Deprecated NumPy 2.0)
  sq_sinh = np.sqrt(np.sinh(beta * J))
2 2 2.3850858946981037 0.11590058048508167
3 4 2.2868821123754106 0.01769679816238856
4 8 2.261419771082595 -0.007765543130426877
5 16 2.2507999018944886 -0.018385412318533412
6 32 2.2458448192152622 -0.02334049499775981
7 64 2.2436082949919878 -0.02557701922103428
8 128 2.2426586516563605 -0.026526662556661584
9 256 2.4031958063890326 0.13401049217601058
10 512 2.384995151699022 0.11580983748600016
dcut = 8
2 2 2.3462428396840336 0.07705752547101152
3 4 2.2835677421588705 0.01438242794584843
4 8 2.27358407259834 0.00439875838531778
5 16 2.271986440253395 0.002801126040373081
6 32 2.2709269440998527 0.0017416298868306868
7 64 2.2700962621333978 0.0009109479203757154
8 128 2.269535093089763 0.00034977887674081387
9 256 2.269206633062343 2.1318849320994815e-05
10 512 2.2690359688647854 -0.00014934534823662915
dcut = 12
2 2 2.3440155918602854 0.07483027764726335
3 4 2.281971379981269 0.012786065768247035
4 8 2.2713054441705496 0.002120129957527528
5 16 2.270286812095478 0.0011014978824559485
6 32 2.269950374469677 0.0007650602566551257
7 64 2.2697072011056374 0.0005218868926153419
8 128 2.2695332859462267 0.0003479717332046661
9 256 2.269415701266662 0.0002303870536399799
10 512 2.2693411827938155 0.0001558685807934168
dcut = 16
2 2 2.344018282935605 0.07483296872258283
3 4 2.281485233091182 0.012299918878159843
4 8 2.270778617074099 0.0015933028610768396
5 16 2.2698070049090693 0.0006216906960472279
6 32 2.2696743493091738 0.0004890350961517242
7 64 2.2695839708045784 0.0003986565915563567
8 128 2.2695020401600416 0.00031672594701959156
9 256 2.269438487970882 0.0002531737578599369
10 512 2.2694120918448504 0.00022677763182832322
dcut = 24
2 2 2.3440182829356035 0.0748329687225815
3 4 2.2814033375388374 0.012218023325815341
4 8 2.270513423861887 0.0013281096488650945
5 16 2.2694704317887764 0.0002851175757543345
6 32 2.2693589946350166 0.00017368042199450429
7 64 2.269248741357866 6.342714484386391e-05
8 128 2.2692427536485287 5.7439435506623227e-05
9 256 2.2692040818577315 1.87676447094276e-05
10 512 2.269182206504988 -3.107708034022494e-06
Results saved to Secant_results.pkl
Wed Dec 25 02:01:15 CST 2024
71
