Wed Dec 25 00:39:33 CST 2024
hgpn08
              total        used        free      shared  buff/cache   available
Mem:          2.0Ti        28Gi       1.7Ti       5.0Gi       217Gi       1.9Ti
Swap:            0B          0B          0B
Namespace(d=12)
16 0.01 12 8
Start 0: 2.200 0 ForkPoolWorker-1

Start 4: 2.206 1 ForkPoolWorker-2

Start 8: 2.212 4 ForkPoolWorker-5

Start 12: 2.218 2 ForkPoolWorker-3

Start 16: 2.224 3 ForkPoolWorker-4

Start 20: 2.230 5 ForkPoolWorker-6

Start 24: 2.236 6 ForkPoolWorker-7

Start 28: 2.242 7 ForkPoolWorker-8

/home/u3518384/CompPhys/11020PHYS401200-Ising-Model/torch-V4/Cv_1.py:170: DeprecationWarning: __array__ implementation doesn't accept a copy keyword, so passing copy=False failed. __array__ must implement 'dtype' and 'copy' keyword arguments.
  W[j, :] = eigvals[-2:]
/home/u3518384/CompPhys/11020PHYS401200-Ising-Model/torch-V4/Cv_1.py:170: DeprecationWarning: __array__ implementation doesn't accept a copy keyword, so passing copy=False failed. __array__ must implement 'dtype' and 'copy' keyword arguments.
  W[j, :] = eigvals[-2:]
Start 32: 2.248 7 ForkPoolWorker-8

/home/u3518384/CompPhys/11020PHYS401200-Ising-Model/torch-V4/Cv_1.py:170: DeprecationWarning: __array__ implementation doesn't accept a copy keyword, so passing copy=False failed. __array__ must implement 'dtype' and 'copy' keyword arguments.
  W[j, :] = eigvals[-2:]
/home/u3518384/CompPhys/11020PHYS401200-Ising-Model/torch-V4/Cv_1.py:170: DeprecationWarning: __array__ implementation doesn't accept a copy keyword, so passing copy=False failed. __array__ must implement 'dtype' and 'copy' keyword arguments.
  W[j, :] = eigvals[-2:]
/home/u3518384/CompPhys/11020PHYS401200-Ising-Model/torch-V4/Cv_1.py:170: DeprecationWarning: __array__ implementation doesn't accept a copy keyword, so passing copy=False failed. __array__ must implement 'dtype' and 'copy' keyword arguments.
  W[j, :] = eigvals[-2:]
/home/u3518384/CompPhys/11020PHYS401200-Ising-Model/torch-V4/Cv_1.py:170: DeprecationWarning: __array__ implementation doesn't accept a copy keyword, so passing copy=False failed. __array__ must implement 'dtype' and 'copy' keyword arguments.
  W[j, :] = eigvals[-2:]
/home/u3518384/CompPhys/11020PHYS401200-Ising-Model/torch-V4/Cv_1.py:170: DeprecationWarning: __array__ implementation doesn't accept a copy keyword, so passing copy=False failed. __array__ must implement 'dtype' and 'copy' keyword arguments.
  W[j, :] = eigvals[-2:]
/home/u3518384/CompPhys/11020PHYS401200-Ising-Model/torch-V4/Cv_1.py:170: DeprecationWarning: __array__ implementation doesn't accept a copy keyword, so passing copy=False failed. __array__ must implement 'dtype' and 'copy' keyword arguments.
  W[j, :] = eigvals[-2:]
/home/u3518384/CompPhys/11020PHYS401200-Ising-Model/torch-V4/Cv_1.py:190: RuntimeWarning: divide by zero encountered in log
  E = -np.log(W)
/home/u3518384/CompPhys/11020PHYS401200-Ising-Model/torch-V4/Cv_1.py:191: RuntimeWarning: invalid value encountered in subtract
  Corr_len = 1 / (E[:, -2] - E[:, -1])
/home/u3518384/CompPhys/11020PHYS401200-Ising-Model/torch-V4/Cv_1.py:191: RuntimeWarning: divide by zero encountered in divide
  Corr_len = 1 / (E[:, -2] - E[:, -1])
End 8: 2.212 Use time: 7.44
Start 9: 2.214 4 ForkPoolWorker-5

/home/u3518384/CompPhys/11020PHYS401200-Ising-Model/torch-V4/Cv_1.py:190: RuntimeWarning: divide by zero encountered in log
  E = -np.log(W)
/home/u3518384/CompPhys/11020PHYS401200-Ising-Model/torch-V4/Cv_1.py:191: RuntimeWarning: invalid value encountered in subtract
  Corr_len = 1 / (E[:, -2] - E[:, -1])
/home/u3518384/CompPhys/11020PHYS401200-Ising-Model/torch-V4/Cv_1.py:191: RuntimeWarning: divide by zero encountered in divide
  Corr_len = 1 / (E[:, -2] - E[:, -1])
End 24: 2.236 Use time: 7.47
Start 25: 2.238 6 ForkPoolWorker-7

/home/u3518384/CompPhys/11020PHYS401200-Ising-Model/torch-V4/Cv_1.py:190: RuntimeWarning: divide by zero encountered in log
  E = -np.log(W)
/home/u3518384/CompPhys/11020PHYS401200-Ising-Model/torch-V4/Cv_1.py:191: RuntimeWarning: invalid value encountered in subtract
  Corr_len = 1 / (E[:, -2] - E[:, -1])
/home/u3518384/CompPhys/11020PHYS401200-Ising-Model/torch-V4/Cv_1.py:191: RuntimeWarning: divide by zero encountered in divide
  Corr_len = 1 / (E[:, -2] - E[:, -1])
End 16: 2.224 Use time: 7.48
Start 17: 2.226 3 ForkPoolWorker-4

/home/u3518384/CompPhys/11020PHYS401200-Ising-Model/torch-V4/Cv_1.py:190: RuntimeWarning: divide by zero encountered in log
  E = -np.log(W)
/home/u3518384/CompPhys/11020PHYS401200-Ising-Model/torch-V4/Cv_1.py:191: RuntimeWarning: invalid value encountered in subtract
  Corr_len = 1 / (E[:, -2] - E[:, -1])
/home/u3518384/CompPhys/11020PHYS401200-Ising-Model/torch-V4/Cv_1.py:191: RuntimeWarning: divide by zero encountered in divide
  Corr_len = 1 / (E[:, -2] - E[:, -1])
End 4: 2.206 Use time: 7.48
Start 5: 2.208 1 ForkPoolWorker-2

/home/u3518384/CompPhys/11020PHYS401200-Ising-Model/torch-V4/Cv_1.py:190: RuntimeWarning: divide by zero encountered in log
  E = -np.log(W)
/home/u3518384/CompPhys/11020PHYS401200-Ising-Model/torch-V4/Cv_1.py:191: RuntimeWarning: invalid value encountered in subtract
  Corr_len = 1 / (E[:, -2] - E[:, -1])
/home/u3518384/CompPhys/11020PHYS401200-Ising-Model/torch-V4/Cv_1.py:191: RuntimeWarning: divide by zero encountered in divide
  Corr_len = 1 / (E[:, -2] - E[:, -1])
End 0: 2.200 Use time: 7.49
Start 1: 2.202 0 ForkPoolWorker-1

/home/u3518384/CompPhys/11020PHYS401200-Ising-Model/torch-V4/Cv_1.py:190: RuntimeWarning: divide by zero encountered in log
  E = -np.log(W)
/home/u3518384/CompPhys/11020PHYS401200-Ising-Model/torch-V4/Cv_1.py:191: RuntimeWarning: invalid value encountered in subtract
  Corr_len = 1 / (E[:, -2] - E[:, -1])
/home/u3518384/CompPhys/11020PHYS401200-Ising-Model/torch-V4/Cv_1.py:191: RuntimeWarning: divide by zero encountered in divide
  Corr_len = 1 / (E[:, -2] - E[:, -1])
End 12: 2.218 Use time: 7.52
Start 13: 2.220 2 ForkPoolWorker-3

/home/u3518384/CompPhys/11020PHYS401200-Ising-Model/torch-V4/Cv_1.py:190: RuntimeWarning: divide by zero encountered in log
  E = -np.log(W)
/home/u3518384/CompPhys/11020PHYS401200-Ising-Model/torch-V4/Cv_1.py:191: RuntimeWarning: invalid value encountered in subtract
  Corr_len = 1 / (E[:, -2] - E[:, -1])
/home/u3518384/CompPhys/11020PHYS401200-Ising-Model/torch-V4/Cv_1.py:191: RuntimeWarning: divide by zero encountered in divide
  Corr_len = 1 / (E[:, -2] - E[:, -1])
End 20: 2.230 Use time: 7.54
Start 21: 2.232 5 ForkPoolWorker-6

/home/u3518384/CompPhys/11020PHYS401200-Ising-Model/torch-V4/Cv_1.py:190: RuntimeWarning: divide by zero encountered in log
  E = -np.log(W)
/home/u3518384/CompPhys/11020PHYS401200-Ising-Model/torch-V4/Cv_1.py:191: RuntimeWarning: invalid value encountered in subtract
  Corr_len = 1 / (E[:, -2] - E[:, -1])
/home/u3518384/CompPhys/11020PHYS401200-Ising-Model/torch-V4/Cv_1.py:191: RuntimeWarning: divide by zero encountered in divide
  Corr_len = 1 / (E[:, -2] - E[:, -1])
End 32: 2.248 Use time: 0.44
Start 33: 2.250 7 ForkPoolWorker-8

End 9: 2.214 Use time: 0.46
Start 10: 2.215 4 ForkPoolWorker-5

End 1: 2.202 Use time: 0.42
Start 2: 2.203 0 ForkPoolWorker-1

End 25: 2.238 Use time: 0.44
Start 26: 2.239 6 ForkPoolWorker-7

End 5: 2.208 Use time: 0.43
Start 6: 2.209 1 ForkPoolWorker-2

End 17: 2.226 Use time: 0.44
Start 18: 2.227 3 ForkPoolWorker-4

End 21: 2.232 Use time: 0.44
Start 22: 2.233 5 ForkPoolWorker-6

End 13: 2.220 Use time: 0.47
Start 14: 2.221 2 ForkPoolWorker-3

End 33: 2.250 Use time: 0.44
Start 34: 2.252 7 ForkPoolWorker-8

End 2: 2.203 Use time: 0.42
Start 3: 2.205 0 ForkPoolWorker-1

End 26: 2.239 Use time: 0.44
Start 27: 2.241 6 ForkPoolWorker-7

End 10: 2.215 Use time: 0.46
Start 11: 2.217 4 ForkPoolWorker-5

End 6: 2.209 Use time: 0.44
Start 7: 2.211 1 ForkPoolWorker-2

End 18: 2.227 Use time: 0.43
Start 19: 2.229 3 ForkPoolWorker-4

End 22: 2.233 Use time: 0.44
Start 23: 2.235 5 ForkPoolWorker-6

End 14: 2.221 Use time: 0.45
Start 15: 2.223 2 ForkPoolWorker-3

End 34: 2.252 Use time: 0.44
Start 35: 2.253 7 ForkPoolWorker-8

End 3: 2.205 Use time: 0.43
Start 36: 2.255 0 ForkPoolWorker-1

End 27: 2.241 Use time: 0.43
Start 40: 2.261 6 ForkPoolWorker-7

End 7: 2.211 Use time: 0.44
Start 44: 2.267 1 ForkPoolWorker-2

End 19: 2.229 Use time: 0.44
Start 48: 2.273 3 ForkPoolWorker-4

End 11: 2.217 Use time: 0.46
Start 52: 2.279 4 ForkPoolWorker-5

End 23: 2.235 Use time: 0.44
Start 56: 2.285 5 ForkPoolWorker-6

End 15: 2.223 Use time: 0.44
Start 60: 2.291 2 ForkPoolWorker-3

End 35: 2.253 Use time: 0.44
Start 64: 2.297 7 ForkPoolWorker-8

Start 68: 2.303 7 ForkPoolWorker-8

Start 72: 2.309 2 ForkPoolWorker-3

End 36: 2.255 Use time: 0.44
Start 37: 2.256 0 ForkPoolWorker-1

End 40: 2.261 Use time: 0.45
Start 41: 2.262 6 ForkPoolWorker-7

End 48: 2.273 Use time: 0.45
Start 49: 2.274 3 ForkPoolWorker-4

End 52: 2.279 Use time: 0.44
Start 53: 2.280 4 ForkPoolWorker-5

End 44: 2.267 Use time: 0.46
Start 45: 2.268 1 ForkPoolWorker-2

End 56: 2.285 Use time: 0.43
Start 57: 2.286 5 ForkPoolWorker-6

End 68: 2.303 Use time: 0.42
Start 69: 2.305 7 ForkPoolWorker-8

End 72: 2.309 Use time: 0.42
Start 73: 2.311 2 ForkPoolWorker-3

End 37: 2.256 Use time: 0.44
Start 38: 2.258 0 ForkPoolWorker-1

End 41: 2.262 Use time: 0.45
Start 42: 2.264 6 ForkPoolWorker-7

End 49: 2.274 Use time: 0.44
Start 50: 2.276 3 ForkPoolWorker-4

End 53: 2.280 Use time: 0.44
Start 54: 2.282 4 ForkPoolWorker-5

End 57: 2.286 Use time: 0.43
Start 58: 2.288 5 ForkPoolWorker-6

End 45: 2.268 Use time: 0.48
Start 46: 2.270 1 ForkPoolWorker-2

Start 76: 2.315 6 ForkPoolWorker-7

End 69: 2.305 Use time: 0.42
Start 70: 2.306 7 ForkPoolWorker-8

End 73: 2.311 Use time: 0.42
Start 74: 2.312 2 ForkPoolWorker-3

End 38: 2.258 Use time: 0.44
Start 39: 2.259 0 ForkPoolWorker-1

End 54: 2.282 Use time: 0.44
Start 55: 2.283 4 ForkPoolWorker-5

End 50: 2.276 Use time: 0.45
Start 51: 2.277 3 ForkPoolWorker-4

End 58: 2.288 Use time: 0.43
Start 59: 2.289 5 ForkPoolWorker-6

End 46: 2.270 Use time: 0.48
Start 47: 2.271 1 ForkPoolWorker-2

End 76: 2.315 Use time: 0.43
Start 77: 2.317 6 ForkPoolWorker-7

End 70: 2.306 Use time: 0.43
Start 71: 2.308 7 ForkPoolWorker-8

End 74: 2.312 Use time: 0.42
Start 75: 2.314 2 ForkPoolWorker-3

End 39: 2.259 Use time: 0.44
Start 80: 2.321 0 ForkPoolWorker-1

Start 84: 2.327 2 ForkPoolWorker-3

End 55: 2.283 Use time: 0.43
Start 88: 2.333 4 ForkPoolWorker-5

End 51: 2.277 Use time: 0.43
Start 92: 2.339 3 ForkPoolWorker-4

End 59: 2.289 Use time: 0.43
Start 96: 2.345 5 ForkPoolWorker-6

End 47: 2.271 Use time: 0.46
End 77: 2.317 Use time: 0.44
Start 78: 2.318 6 ForkPoolWorker-7

End 71: 2.308 Use time: 0.42
End 84: 2.327 Use time: 0.42
Start 85: 2.329 2 ForkPoolWorker-3

End 92: 2.339 Use time: 0.39
Start 93: 2.341 3 ForkPoolWorker-4

End 80: 2.321 Use time: 0.45
Start 81: 2.323 0 ForkPoolWorker-1

End 96: 2.345 Use time: 0.40
Start 97: 2.347 5 ForkPoolWorker-6

End 78: 2.318 Use time: 0.44
Start 79: 2.320 6 ForkPoolWorker-7

End 93: 2.341 Use time: 0.39
Start 94: 2.342 3 ForkPoolWorker-4

End 85: 2.329 Use time: 0.41
Start 86: 2.330 2 ForkPoolWorker-3

End 97: 2.347 Use time: 0.39
Start 98: 2.348 5 ForkPoolWorker-6

End 81: 2.323 Use time: 0.44
Start 82: 2.324 0 ForkPoolWorker-1

End 79: 2.320 Use time: 0.44
End 98: 2.348 Use time: 0.39
Start 99: 2.350 5 ForkPoolWorker-6

End 86: 2.330 Use time: 0.41
Start 87: 2.332 2 ForkPoolWorker-3

End 82: 2.324 Use time: 0.43
Start 83: 2.326 0 ForkPoolWorker-1

End 99: 2.350 Use time: 0.38
End 87: 2.332 Use time: 0.40
multiprocessing.pool.RemoteTraceback: 
"""
Traceback (most recent call last):
  File "/home/u3518384/anaconda3/envs/py312-torch/lib/python3.12/multiprocessing/pool.py", line 125, in worker
    result = (True, func(*args, **kwds))
                    ^^^^^^^^^^^^^^^^^^^
  File "/home/u3518384/anaconda3/envs/py312-torch/lib/python3.12/multiprocessing/pool.py", line 51, in starmapstar
    return list(itertools.starmap(args[0], args[1]))
           ^^^^^^^^^^^^^^^^^^^^^^^^^^^^^^^^^^^^^^^^^
  File "/home/u3518384/CompPhys/11020PHYS401200-Ising-Model/torch-V4/Cv_1.py", line 156, in compute_Cv_for_temp_cuda
    eigvals = torch.linalg.eigvalsh(TL_Trace).cpu()
              ^^^^^^^^^^^^^^^^^^^^^^^^^^^^^^^
torch._C._LinAlgError: linalg.eigh: The algorithm failed to converge because the input matrix is ill-conditioned or has too many repeated eigenvalues (error code: 1).
"""

The above exception was the direct cause of the following exception:

Traceback (most recent call last):
  File "/home/u3518384/CompPhys/11020PHYS401200-Ising-Model/torch-V4/Cv_1.py", line 200, in <module>
    results = pool.starmap(compute_Cv_for_temp_cuda, [(i, temp) for i, temp in enumerate(Temp)])
              ^^^^^^^^^^^^^^^^^^^^^^^^^^^^^^^^^^^^^^^^^^^^^^^^^^^^^^^^^^^^^^^^^^^^^^^^^^^^^^^^^^
  File "/home/u3518384/anaconda3/envs/py312-torch/lib/python3.12/multiprocessing/pool.py", line 375, in starmap
    return self._map_async(func, iterable, starmapstar, chunksize).get()
           ^^^^^^^^^^^^^^^^^^^^^^^^^^^^^^^^^^^^^^^^^^^^^^^^^^^^^^^^^^^^^
  File "/home/u3518384/anaconda3/envs/py312-torch/lib/python3.12/multiprocessing/pool.py", line 774, in get
    raise self._value
torch._C._LinAlgError: linalg.eigh: The algorithm failed to converge because the input matrix is ill-conditioned or has too many repeated eigenvalues (error code: 1).
Wed Dec 25 00:39:49 CST 2024
16
