Wed Dec 25 00:15:46 CST 2024
hgpn14
              total        used        free      shared  buff/cache   available
Mem:          2.0Ti        28Gi       1.3Ti       1.7Gi       659Gi       1.9Ti
Swap:            0B          0B          0B
11 0.01 38 8
Start 0: 2.200 0 ForkPoolWorker-1

Start 4: 2.206 2 ForkPoolWorker-3

Start 8: 2.212 3 ForkPoolWorker-4

Start 12: 2.218 1 ForkPoolWorker-2

Start 16: 2.224 4 ForkPoolWorker-5

Start 20: 2.230 5 ForkPoolWorker-6

Start 24: 2.236 6 ForkPoolWorker-7

Start 28: 2.242 7 ForkPoolWorker-8

/home/u3518384/CompPhys/11020PHYS401200-Ising-Model/torch-V4/Cv_1.py:168: DeprecationWarning: __array__ implementation doesn't accept a copy keyword, so passing copy=False failed. __array__ must implement 'dtype' and 'copy' keyword arguments.
  W[j, :] = eigvals[-2:]
/home/u3518384/CompPhys/11020PHYS401200-Ising-Model/torch-V4/Cv_1.py:168: DeprecationWarning: __array__ implementation doesn't accept a copy keyword, so passing copy=False failed. __array__ must implement 'dtype' and 'copy' keyword arguments.
  W[j, :] = eigvals[-2:]
/home/u3518384/CompPhys/11020PHYS401200-Ising-Model/torch-V4/Cv_1.py:168: DeprecationWarning: __array__ implementation doesn't accept a copy keyword, so passing copy=False failed. __array__ must implement 'dtype' and 'copy' keyword arguments.
  W[j, :] = eigvals[-2:]
/home/u3518384/CompPhys/11020PHYS401200-Ising-Model/torch-V4/Cv_1.py:168: DeprecationWarning: __array__ implementation doesn't accept a copy keyword, so passing copy=False failed. __array__ must implement 'dtype' and 'copy' keyword arguments.
  W[j, :] = eigvals[-2:]
/home/u3518384/CompPhys/11020PHYS401200-Ising-Model/torch-V4/Cv_1.py:168: DeprecationWarning: __array__ implementation doesn't accept a copy keyword, so passing copy=False failed. __array__ must implement 'dtype' and 'copy' keyword arguments.
  W[j, :] = eigvals[-2:]
/home/u3518384/CompPhys/11020PHYS401200-Ising-Model/torch-V4/Cv_1.py:168: DeprecationWarning: __array__ implementation doesn't accept a copy keyword, so passing copy=False failed. __array__ must implement 'dtype' and 'copy' keyword arguments.
  W[j, :] = eigvals[-2:]
/home/u3518384/CompPhys/11020PHYS401200-Ising-Model/torch-V4/Cv_1.py:168: DeprecationWarning: __array__ implementation doesn't accept a copy keyword, so passing copy=False failed. __array__ must implement 'dtype' and 'copy' keyword arguments.
  W[j, :] = eigvals[-2:]
/home/u3518384/CompPhys/11020PHYS401200-Ising-Model/torch-V4/Cv_1.py:168: DeprecationWarning: __array__ implementation doesn't accept a copy keyword, so passing copy=False failed. __array__ must implement 'dtype' and 'copy' keyword arguments.
  W[j, :] = eigvals[-2:]
/home/u3518384/CompPhys/11020PHYS401200-Ising-Model/torch-V4/Cv_1.py:188: RuntimeWarning: divide by zero encountered in log
  E = -np.log(W)
/home/u3518384/CompPhys/11020PHYS401200-Ising-Model/torch-V4/Cv_1.py:189: RuntimeWarning: invalid value encountered in subtract
  Corr_len = 1 / (E[:, -2] - E[:, -1])
End 16: 2.224 Use time: 43.92
Start 17: 2.226 4 ForkPoolWorker-5

/home/u3518384/CompPhys/11020PHYS401200-Ising-Model/torch-V4/Cv_1.py:188: RuntimeWarning: divide by zero encountered in log
  E = -np.log(W)
/home/u3518384/CompPhys/11020PHYS401200-Ising-Model/torch-V4/Cv_1.py:189: RuntimeWarning: invalid value encountered in subtract
  Corr_len = 1 / (E[:, -2] - E[:, -1])
/home/u3518384/CompPhys/11020PHYS401200-Ising-Model/torch-V4/Cv_1.py:189: RuntimeWarning: divide by zero encountered in divide
  Corr_len = 1 / (E[:, -2] - E[:, -1])
End 12: 2.218 Use time: 44.26
Start 13: 2.220 1 ForkPoolWorker-2

/home/u3518384/CompPhys/11020PHYS401200-Ising-Model/torch-V4/Cv_1.py:188: RuntimeWarning: divide by zero encountered in log
  E = -np.log(W)
/home/u3518384/CompPhys/11020PHYS401200-Ising-Model/torch-V4/Cv_1.py:189: RuntimeWarning: invalid value encountered in subtract
  Corr_len = 1 / (E[:, -2] - E[:, -1])
/home/u3518384/CompPhys/11020PHYS401200-Ising-Model/torch-V4/Cv_1.py:189: RuntimeWarning: divide by zero encountered in divide
  Corr_len = 1 / (E[:, -2] - E[:, -1])
End 8: 2.212 Use time: 44.87
Start 9: 2.214 3 ForkPoolWorker-4

/home/u3518384/CompPhys/11020PHYS401200-Ising-Model/torch-V4/Cv_1.py:188: RuntimeWarning: divide by zero encountered in log
  E = -np.log(W)
/home/u3518384/CompPhys/11020PHYS401200-Ising-Model/torch-V4/Cv_1.py:189: RuntimeWarning: invalid value encountered in subtract
  Corr_len = 1 / (E[:, -2] - E[:, -1])
/home/u3518384/CompPhys/11020PHYS401200-Ising-Model/torch-V4/Cv_1.py:189: RuntimeWarning: divide by zero encountered in divide
  Corr_len = 1 / (E[:, -2] - E[:, -1])
End 20: 2.230 Use time: 45.10
Start 21: 2.232 5 ForkPoolWorker-6

/home/u3518384/CompPhys/11020PHYS401200-Ising-Model/torch-V4/Cv_1.py:188: RuntimeWarning: divide by zero encountered in log
  E = -np.log(W)
/home/u3518384/CompPhys/11020PHYS401200-Ising-Model/torch-V4/Cv_1.py:189: RuntimeWarning: invalid value encountered in subtract
  Corr_len = 1 / (E[:, -2] - E[:, -1])
/home/u3518384/CompPhys/11020PHYS401200-Ising-Model/torch-V4/Cv_1.py:189: RuntimeWarning: divide by zero encountered in divide
  Corr_len = 1 / (E[:, -2] - E[:, -1])
End 4: 2.206 Use time: 45.90
Start 5: 2.208 2 ForkPoolWorker-3

/home/u3518384/CompPhys/11020PHYS401200-Ising-Model/torch-V4/Cv_1.py:188: RuntimeWarning: divide by zero encountered in log
  E = -np.log(W)
/home/u3518384/CompPhys/11020PHYS401200-Ising-Model/torch-V4/Cv_1.py:189: RuntimeWarning: invalid value encountered in subtract
  Corr_len = 1 / (E[:, -2] - E[:, -1])
End 24: 2.236 Use time: 46.24
Start 25: 2.238 6 ForkPoolWorker-7

/home/u3518384/CompPhys/11020PHYS401200-Ising-Model/torch-V4/Cv_1.py:188: RuntimeWarning: divide by zero encountered in log
  E = -np.log(W)
/home/u3518384/CompPhys/11020PHYS401200-Ising-Model/torch-V4/Cv_1.py:189: RuntimeWarning: invalid value encountered in subtract
  Corr_len = 1 / (E[:, -2] - E[:, -1])
End 28: 2.242 Use time: 46.23
Start 29: 2.244 7 ForkPoolWorker-8

/home/u3518384/CompPhys/11020PHYS401200-Ising-Model/torch-V4/Cv_1.py:188: RuntimeWarning: divide by zero encountered in log
  E = -np.log(W)
/home/u3518384/CompPhys/11020PHYS401200-Ising-Model/torch-V4/Cv_1.py:189: RuntimeWarning: invalid value encountered in subtract
  Corr_len = 1 / (E[:, -2] - E[:, -1])
/home/u3518384/CompPhys/11020PHYS401200-Ising-Model/torch-V4/Cv_1.py:189: RuntimeWarning: divide by zero encountered in divide
  Corr_len = 1 / (E[:, -2] - E[:, -1])
End 0: 2.200 Use time: 46.69
Start 1: 2.202 0 ForkPoolWorker-1

/home/u3518384/CompPhys/11020PHYS401200-Ising-Model/torch-V4/Cv_1.py:189: RuntimeWarning: divide by zero encountered in divide
  Corr_len = 1 / (E[:, -2] - E[:, -1])
End 17: 2.226 Use time: 34.44
Start 18: 2.227 4 ForkPoolWorker-5

End 13: 2.220 Use time: 34.74
Start 14: 2.221 1 ForkPoolWorker-2

End 9: 2.214 Use time: 35.34
Start 10: 2.215 3 ForkPoolWorker-4

End 21: 2.232 Use time: 35.56
Start 22: 2.233 5 ForkPoolWorker-6

End 5: 2.208 Use time: 36.15
Start 6: 2.209 2 ForkPoolWorker-3

End 29: 2.244 Use time: 36.40
Start 30: 2.245 7 ForkPoolWorker-8

End 25: 2.238 Use time: 36.85
Start 26: 2.239 6 ForkPoolWorker-7

End 1: 2.202 Use time: 36.88
Start 2: 2.203 0 ForkPoolWorker-1

End 18: 2.227 Use time: 34.64
Start 19: 2.229 4 ForkPoolWorker-5

End 14: 2.221 Use time: 34.84
Start 15: 2.223 1 ForkPoolWorker-2

End 10: 2.215 Use time: 34.87
Start 11: 2.217 3 ForkPoolWorker-4

End 22: 2.233 Use time: 36.08
Start 23: 2.235 5 ForkPoolWorker-6

End 6: 2.209 Use time: 36.10
Start 7: 2.211 2 ForkPoolWorker-3

End 30: 2.245 Use time: 36.56
Start 31: 2.247 7 ForkPoolWorker-8

End 26: 2.239 Use time: 36.78
Start 27: 2.241 6 ForkPoolWorker-7

End 2: 2.203 Use time: 37.24
Start 3: 2.205 0 ForkPoolWorker-1

End 19: 2.229 Use time: 35.17
Start 32: 2.248 4 ForkPoolWorker-5

End 15: 2.223 Use time: 34.65
Start 36: 2.255 1 ForkPoolWorker-2

End 11: 2.217 Use time: 34.73
Start 40: 2.261 3 ForkPoolWorker-4

End 23: 2.235 Use time: 36.35
Start 44: 2.267 5 ForkPoolWorker-6

End 7: 2.211 Use time: 35.94
Start 48: 2.273 2 ForkPoolWorker-3

End 31: 2.247 Use time: 36.64
Start 52: 2.279 7 ForkPoolWorker-8

End 27: 2.241 Use time: 36.78
Start 56: 2.285 6 ForkPoolWorker-7

End 3: 2.205 Use time: 37.32
Start 60: 2.291 0 ForkPoolWorker-1

End 36: 2.255 Use time: 36.01
Start 37: 2.256 1 ForkPoolWorker-2

End 32: 2.248 Use time: 36.51
Start 33: 2.250 4 ForkPoolWorker-5

End 40: 2.261 Use time: 35.05
Start 41: 2.262 3 ForkPoolWorker-4

End 44: 2.267 Use time: 34.03
Start 45: 2.268 5 ForkPoolWorker-6

End 48: 2.273 Use time: 33.68
Start 49: 2.274 2 ForkPoolWorker-3

End 52: 2.279 Use time: 34.18
Start 53: 2.280 7 ForkPoolWorker-8

End 56: 2.285 Use time: 34.93
Start 57: 2.286 6 ForkPoolWorker-7

End 60: 2.291 Use time: 35.43
Start 61: 2.292 0 ForkPoolWorker-1

End 41: 2.262 Use time: 34.64
Start 42: 2.264 3 ForkPoolWorker-4

End 37: 2.256 Use time: 35.68
Start 38: 2.258 1 ForkPoolWorker-2

End 33: 2.250 Use time: 36.34
Start 34: 2.252 4 ForkPoolWorker-5

End 45: 2.268 Use time: 33.93
Start 46: 2.270 5 ForkPoolWorker-6

End 49: 2.274 Use time: 33.97
Start 50: 2.276 2 ForkPoolWorker-3

End 53: 2.280 Use time: 34.61
Start 54: 2.282 7 ForkPoolWorker-8

End 57: 2.286 Use time: 35.21
Start 58: 2.288 6 ForkPoolWorker-7

End 61: 2.292 Use time: 35.63
Start 62: 2.294 0 ForkPoolWorker-1

End 42: 2.264 Use time: 34.35
Start 43: 2.265 3 ForkPoolWorker-4

End 46: 2.270 Use time: 33.63
Start 47: 2.271 5 ForkPoolWorker-6

End 38: 2.258 Use time: 35.49
Start 39: 2.259 1 ForkPoolWorker-2

End 50: 2.276 Use time: 34.08
Start 51: 2.277 2 ForkPoolWorker-3

End 34: 2.252 Use time: 36.03
Start 35: 2.253 4 ForkPoolWorker-5

End 54: 2.282 Use time: 34.84
Start 55: 2.283 7 ForkPoolWorker-8

End 58: 2.288 Use time: 35.48
Start 59: 2.289 6 ForkPoolWorker-7

End 62: 2.294 Use time: 35.47
Start 63: 2.295 0 ForkPoolWorker-1

End 43: 2.265 Use time: 33.96
Start 64: 2.297 3 ForkPoolWorker-4

End 47: 2.271 Use time: 33.87
Start 68: 2.303 5 ForkPoolWorker-6

End 51: 2.277 Use time: 34.33
Start 72: 2.309 2 ForkPoolWorker-3

End 39: 2.259 Use time: 35.32
Start 76: 2.315 1 ForkPoolWorker-2

End 35: 2.253 Use time: 36.12
Start 80: 2.321 4 ForkPoolWorker-5

End 55: 2.283 Use time: 34.69
Start 84: 2.327 7 ForkPoolWorker-8

End 59: 2.289 Use time: 35.64
Start 88: 2.333 6 ForkPoolWorker-7

End 63: 2.295 Use time: 35.09
Start 92: 2.339 0 ForkPoolWorker-1

End 64: 2.297 Use time: 35.20
Start 65: 2.298 3 ForkPoolWorker-4

End 68: 2.303 Use time: 34.98
Start 69: 2.305 5 ForkPoolWorker-6

End 72: 2.309 Use time: 34.04
Start 73: 2.311 2 ForkPoolWorker-3

End 76: 2.315 Use time: 33.39
Start 77: 2.317 1 ForkPoolWorker-2

End 80: 2.321 Use time: 32.85
Start 81: 2.323 4 ForkPoolWorker-5

End 84: 2.327 Use time: 32.80
Start 85: 2.329 7 ForkPoolWorker-8

End 88: 2.333 Use time: 33.78
Start 89: 2.335 6 ForkPoolWorker-7

End 92: 2.339 Use time: 34.13
Start 93: 2.341 0 ForkPoolWorker-1

End 77: 2.317 Use time: 33.15
Start 78: 2.318 1 ForkPoolWorker-2

End 73: 2.311 Use time: 33.63
Start 74: 2.312 2 ForkPoolWorker-3

End 69: 2.305 Use time: 34.56
Start 70: 2.306 5 ForkPoolWorker-6

End 65: 2.298 Use time: 35.23
Start 66: 2.300 3 ForkPoolWorker-4

End 81: 2.323 Use time: 32.74
Start 82: 2.324 4 ForkPoolWorker-5

End 85: 2.329 Use time: 33.04
Start 86: 2.330 7 ForkPoolWorker-8

End 89: 2.335 Use time: 33.83
Start 90: 2.336 6 ForkPoolWorker-7

End 93: 2.341 Use time: 34.34
Start 94: 2.342 0 ForkPoolWorker-1

End 78: 2.318 Use time: 33.31
Start 79: 2.320 1 ForkPoolWorker-2

End 74: 2.312 Use time: 33.40
Start 75: 2.314 2 ForkPoolWorker-3

End 82: 2.324 Use time: 32.77
Start 83: 2.326 4 ForkPoolWorker-5

End 70: 2.306 Use time: 34.51
Start 71: 2.308 5 ForkPoolWorker-6

End 66: 2.300 Use time: 35.04
Start 67: 2.302 3 ForkPoolWorker-4

End 86: 2.330 Use time: 33.34
Start 87: 2.332 7 ForkPoolWorker-8

End 90: 2.336 Use time: 34.00
Start 91: 2.338 6 ForkPoolWorker-7

End 94: 2.342 Use time: 34.44
Start 95: 2.344 0 ForkPoolWorker-1

End 79: 2.320 Use time: 33.04
Start 96: 2.345 1 ForkPoolWorker-2

End 83: 2.326 Use time: 32.66
End 75: 2.314 Use time: 33.52
End 87: 2.332 Use time: 33.31
End 71: 2.308 Use time: 34.31
End 67: 2.302 Use time: 35.18
End 91: 2.338 Use time: 34.05
End 95: 2.344 Use time: 34.66
End 96: 2.345 Use time: 34.66
Start 97: 2.347 1 ForkPoolWorker-2

End 97: 2.347 Use time: 34.62
Start 98: 2.348 1 ForkPoolWorker-2

End 98: 2.348 Use time: 34.55
Start 99: 2.350 1 ForkPoolWorker-2

End 99: 2.350 Use time: 34.46
Results saved to Cv_results.pkl
Wed Dec 25 00:25:12 CST 2024
566
