Tue Dec 24 23:55:55 CST 2024
hgpn13
              total        used        free      shared  buff/cache   available
Mem:          2.0Ti        29Gi       903Gi       5.0Gi       1.1Ti       1.9Ti
Swap:            0B          0B          0B
11 0.01 38 8
Start 0: 2.200 0 ForkPoolWorker-1

Start 4: 2.206 2 ForkPoolWorker-3

Start 8: 2.212 1 ForkPoolWorker-2

Start 12: 2.218 3 ForkPoolWorker-4

Start 16: 2.224 4 ForkPoolWorker-5

Start 20: 2.230 5 ForkPoolWorker-6

Start 24: 2.236 6 ForkPoolWorker-7

Start 28: 2.242 7 ForkPoolWorker-8

/home/u3518384/CompPhys/11020PHYS401200-Ising-Model/torch-V4/Cv_1.py:156: DeprecationWarning: __array__ implementation doesn't accept a copy keyword, so passing copy=False failed. __array__ must implement 'dtype' and 'copy' keyword arguments.
  W[j, :] = eigvals[-2:]
/home/u3518384/CompPhys/11020PHYS401200-Ising-Model/torch-V4/Cv_1.py:156: DeprecationWarning: __array__ implementation doesn't accept a copy keyword, so passing copy=False failed. __array__ must implement 'dtype' and 'copy' keyword arguments.
  W[j, :] = eigvals[-2:]
/home/u3518384/CompPhys/11020PHYS401200-Ising-Model/torch-V4/Cv_1.py:156: DeprecationWarning: __array__ implementation doesn't accept a copy keyword, so passing copy=False failed. __array__ must implement 'dtype' and 'copy' keyword arguments.
  W[j, :] = eigvals[-2:]
/home/u3518384/CompPhys/11020PHYS401200-Ising-Model/torch-V4/Cv_1.py:156: DeprecationWarning: __array__ implementation doesn't accept a copy keyword, so passing copy=False failed. __array__ must implement 'dtype' and 'copy' keyword arguments.
  W[j, :] = eigvals[-2:]
/home/u3518384/CompPhys/11020PHYS401200-Ising-Model/torch-V4/Cv_1.py:156: DeprecationWarning: __array__ implementation doesn't accept a copy keyword, so passing copy=False failed. __array__ must implement 'dtype' and 'copy' keyword arguments.
  W[j, :] = eigvals[-2:]
/home/u3518384/CompPhys/11020PHYS401200-Ising-Model/torch-V4/Cv_1.py:156: DeprecationWarning: __array__ implementation doesn't accept a copy keyword, so passing copy=False failed. __array__ must implement 'dtype' and 'copy' keyword arguments.
  W[j, :] = eigvals[-2:]
/home/u3518384/CompPhys/11020PHYS401200-Ising-Model/torch-V4/Cv_1.py:156: DeprecationWarning: __array__ implementation doesn't accept a copy keyword, so passing copy=False failed. __array__ must implement 'dtype' and 'copy' keyword arguments.
  W[j, :] = eigvals[-2:]
/home/u3518384/CompPhys/11020PHYS401200-Ising-Model/torch-V4/Cv_1.py:156: DeprecationWarning: __array__ implementation doesn't accept a copy keyword, so passing copy=False failed. __array__ must implement 'dtype' and 'copy' keyword arguments.
  W[j, :] = eigvals[-2:]
/home/u3518384/CompPhys/11020PHYS401200-Ising-Model/torch-V4/Cv_1.py:162: RuntimeWarning: divide by zero encountered in log
  E = -np.log(W)
/home/u3518384/CompPhys/11020PHYS401200-Ising-Model/torch-V4/Cv_1.py:163: RuntimeWarning: invalid value encountered in subtract
  Corr_len = 1 / (E[:, -2] - E[:, -1])
/home/u3518384/CompPhys/11020PHYS401200-Ising-Model/torch-V4/Cv_1.py:163: RuntimeWarning: divide by zero encountered in divide
  Corr_len = 1 / (E[:, -2] - E[:, -1])
End 24: 2.236 Use time: 16.46
Start 25: 2.238 6 ForkPoolWorker-7

/home/u3518384/CompPhys/11020PHYS401200-Ising-Model/torch-V4/Cv_1.py:162: RuntimeWarning: divide by zero encountered in log
  E = -np.log(W)
/home/u3518384/CompPhys/11020PHYS401200-Ising-Model/torch-V4/Cv_1.py:163: RuntimeWarning: invalid value encountered in subtract
  Corr_len = 1 / (E[:, -2] - E[:, -1])
End 28: 2.242 Use time: 16.65
Start 29: 2.244 7 ForkPoolWorker-8

End 25: 2.238 Use time: 7.04
Start 26: 2.239 6 ForkPoolWorker-7

End 29: 2.244 Use time: 7.23
Start 30: 2.245 7 ForkPoolWorker-8

End 26: 2.239 Use time: 7.12
Start 27: 2.241 6 ForkPoolWorker-7

End 30: 2.245 Use time: 7.24
Start 31: 2.247 7 ForkPoolWorker-8

End 27: 2.241 Use time: 7.25
Start 32: 2.248 6 ForkPoolWorker-7

End 31: 2.247 Use time: 7.35
Start 36: 2.255 7 ForkPoolWorker-8

End 32: 2.248 Use time: 7.36
Start 33: 2.250 6 ForkPoolWorker-7

End 36: 2.255 Use time: 7.80
Start 37: 2.256 7 ForkPoolWorker-8

End 33: 2.250 Use time: 7.46
Start 34: 2.252 6 ForkPoolWorker-7

End 37: 2.256 Use time: 7.73
Start 38: 2.258 7 ForkPoolWorker-8

End 34: 2.252 Use time: 7.56
Start 35: 2.253 6 ForkPoolWorker-7

End 38: 2.258 Use time: 7.80
Start 39: 2.259 7 ForkPoolWorker-8

End 35: 2.253 Use time: 7.63
Start 40: 2.261 6 ForkPoolWorker-7

End 39: 2.259 Use time: 7.89
Start 44: 2.267 7 ForkPoolWorker-8

End 40: 2.261 Use time: 7.94
Start 41: 2.262 6 ForkPoolWorker-7

End 44: 2.267 Use time: 7.98
Start 45: 2.268 7 ForkPoolWorker-8

End 41: 2.262 Use time: 7.89
Start 42: 2.264 6 ForkPoolWorker-7

End 45: 2.268 Use time: 8.00
Start 46: 2.270 7 ForkPoolWorker-8

End 42: 2.264 Use time: 7.96
Start 43: 2.265 6 ForkPoolWorker-7

End 46: 2.270 Use time: 7.99
Start 47: 2.271 7 ForkPoolWorker-8

End 43: 2.265 Use time: 7.97
Start 48: 2.273 6 ForkPoolWorker-7

End 47: 2.271 Use time: 7.90
Start 52: 2.279 7 ForkPoolWorker-8

End 48: 2.273 Use time: 7.95
Start 49: 2.274 6 ForkPoolWorker-7

End 52: 2.279 Use time: 7.93
Start 53: 2.280 7 ForkPoolWorker-8

End 49: 2.274 Use time: 8.07
Start 50: 2.276 6 ForkPoolWorker-7

End 53: 2.280 Use time: 7.94
Start 54: 2.282 7 ForkPoolWorker-8

End 50: 2.276 Use time: 8.01
Start 51: 2.277 6 ForkPoolWorker-7

End 54: 2.282 Use time: 7.97
Start 55: 2.283 7 ForkPoolWorker-8

End 51: 2.277 Use time: 7.96
Start 56: 2.285 6 ForkPoolWorker-7

End 55: 2.283 Use time: 7.86
Start 60: 2.291 7 ForkPoolWorker-8

End 56: 2.285 Use time: 7.72
Start 57: 2.286 6 ForkPoolWorker-7

End 60: 2.291 Use time: 7.42
Start 61: 2.292 7 ForkPoolWorker-8

End 57: 2.286 Use time: 7.62
Start 58: 2.288 6 ForkPoolWorker-7

End 61: 2.292 Use time: 7.41
Start 62: 2.294 7 ForkPoolWorker-8

End 58: 2.288 Use time: 7.54
Start 59: 2.289 6 ForkPoolWorker-7

End 62: 2.294 Use time: 7.28
Start 63: 2.295 7 ForkPoolWorker-8

End 59: 2.289 Use time: 7.48
Start 64: 2.297 6 ForkPoolWorker-7

End 63: 2.295 Use time: 7.27
Start 68: 2.303 7 ForkPoolWorker-8

End 64: 2.297 Use time: 7.19
Start 65: 2.298 6 ForkPoolWorker-7

slurmstepd-hgpn13: error: *** JOB 6135 ON hgpn13 CANCELLED AT 2024-12-25T00:05:40 ***
