Tue Dec 24 21:34:11 CST 2024
hgpn16
              total        used        free      shared  buff/cache   available
Mem:          2.0Ti        28Gi       726Gi       1.9Gi       1.2Ti       1.9Ti
Swap:            0B          0B          0B
11 0.01 38 8
Start 0: 2.200 0 ForkPoolWorker-1

Start 4: 2.206 1 ForkPoolWorker-2

Start 8: 2.212 2 ForkPoolWorker-3

Start 12: 2.218 3 ForkPoolWorker-4

Start 16: 2.224 5 ForkPoolWorker-6

Start 20: 2.230 4 ForkPoolWorker-5

Start 24: 2.236 6 ForkPoolWorker-7

Start 28: 2.242 7 ForkPoolWorker-8

/home/u3518384/CompPhys/11020PHYS401200-Ising-Model/torch-V4/Cv.py:166: DeprecationWarning: __array__ implementation doesn't accept a copy keyword, so passing copy=False failed. __array__ must implement 'dtype' and 'copy' keyword arguments.
  W[j, :] = eigvals[-2:]
/home/u3518384/CompPhys/11020PHYS401200-Ising-Model/torch-V4/Cv.py:166: DeprecationWarning: __array__ implementation doesn't accept a copy keyword, so passing copy=False failed. __array__ must implement 'dtype' and 'copy' keyword arguments.
  W[j, :] = eigvals[-2:]
/home/u3518384/CompPhys/11020PHYS401200-Ising-Model/torch-V4/Cv.py:166: DeprecationWarning: __array__ implementation doesn't accept a copy keyword, so passing copy=False failed. __array__ must implement 'dtype' and 'copy' keyword arguments.
  W[j, :] = eigvals[-2:]
/home/u3518384/CompPhys/11020PHYS401200-Ising-Model/torch-V4/Cv.py:166: DeprecationWarning: __array__ implementation doesn't accept a copy keyword, so passing copy=False failed. __array__ must implement 'dtype' and 'copy' keyword arguments.
  W[j, :] = eigvals[-2:]
/home/u3518384/CompPhys/11020PHYS401200-Ising-Model/torch-V4/Cv.py:166: DeprecationWarning: __array__ implementation doesn't accept a copy keyword, so passing copy=False failed. __array__ must implement 'dtype' and 'copy' keyword arguments.
  W[j, :] = eigvals[-2:]
/home/u3518384/CompPhys/11020PHYS401200-Ising-Model/torch-V4/Cv.py:166: DeprecationWarning: __array__ implementation doesn't accept a copy keyword, so passing copy=False failed. __array__ must implement 'dtype' and 'copy' keyword arguments.
  W[j, :] = eigvals[-2:]
/home/u3518384/CompPhys/11020PHYS401200-Ising-Model/torch-V4/Cv.py:166: DeprecationWarning: __array__ implementation doesn't accept a copy keyword, so passing copy=False failed. __array__ must implement 'dtype' and 'copy' keyword arguments.
  W[j, :] = eigvals[-2:]
/home/u3518384/CompPhys/11020PHYS401200-Ising-Model/torch-V4/Cv.py:166: DeprecationWarning: __array__ implementation doesn't accept a copy keyword, so passing copy=False failed. __array__ must implement 'dtype' and 'copy' keyword arguments.
  W[j, :] = eigvals[-2:]
slurmstepd-hgpn16: error: *** JOB 6093 ON hgpn16 CANCELLED AT 2024-12-24T21:41:34 ***
