Wed Dec 25 00:11:58 CST 2024
hgpn13
              total        used        free      shared  buff/cache   available
Mem:          2.0Ti        29Gi       903Gi       5.0Gi       1.1Ti       1.9Ti
Swap:            0B          0B          0B
11 0.01 38 8
Start 0: 2.200 0 ForkPoolWorker-1

Start 4: 2.206 1 ForkPoolWorker-2

Start 8: 2.212 4 ForkPoolWorker-5

Start 12: 2.218 2 ForkPoolWorker-3

Start 16: 2.224 3 ForkPoolWorker-4

Start 20: 2.230 6 ForkPoolWorker-7

Start 24: 2.236 5 ForkPoolWorker-6

Start 28: 2.242 7 ForkPoolWorker-8

/home/u3518384/CompPhys/11020PHYS401200-Ising-Model/torch-V4/Cv_1.py:156: DeprecationWarning: __array__ implementation doesn't accept a copy keyword, so passing copy=False failed. __array__ must implement 'dtype' and 'copy' keyword arguments.
  W[j, :] = eigvals[-2:]
/home/u3518384/CompPhys/11020PHYS401200-Ising-Model/torch-V4/Cv_1.py:156: DeprecationWarning: __array__ implementation doesn't accept a copy keyword, so passing copy=False failed. __array__ must implement 'dtype' and 'copy' keyword arguments.
  W[j, :] = eigvals[-2:]
/home/u3518384/CompPhys/11020PHYS401200-Ising-Model/torch-V4/Cv_1.py:156: DeprecationWarning: __array__ implementation doesn't accept a copy keyword, so passing copy=False failed. __array__ must implement 'dtype' and 'copy' keyword arguments.
  W[j, :] = eigvals[-2:]
/home/u3518384/CompPhys/11020PHYS401200-Ising-Model/torch-V4/Cv_1.py:156: DeprecationWarning: __array__ implementation doesn't accept a copy keyword, so passing copy=False failed. __array__ must implement 'dtype' and 'copy' keyword arguments.
  W[j, :] = eigvals[-2:]
/home/u3518384/CompPhys/11020PHYS401200-Ising-Model/torch-V4/Cv_1.py:156: DeprecationWarning: __array__ implementation doesn't accept a copy keyword, so passing copy=False failed. __array__ must implement 'dtype' and 'copy' keyword arguments.
  W[j, :] = eigvals[-2:]
/home/u3518384/CompPhys/11020PHYS401200-Ising-Model/torch-V4/Cv_1.py:156: DeprecationWarning: __array__ implementation doesn't accept a copy keyword, so passing copy=False failed. __array__ must implement 'dtype' and 'copy' keyword arguments.
  W[j, :] = eigvals[-2:]
/home/u3518384/CompPhys/11020PHYS401200-Ising-Model/torch-V4/Cv_1.py:156: DeprecationWarning: __array__ implementation doesn't accept a copy keyword, so passing copy=False failed. __array__ must implement 'dtype' and 'copy' keyword arguments.
  W[j, :] = eigvals[-2:]
/home/u3518384/CompPhys/11020PHYS401200-Ising-Model/torch-V4/Cv_1.py:156: DeprecationWarning: __array__ implementation doesn't accept a copy keyword, so passing copy=False failed. __array__ must implement 'dtype' and 'copy' keyword arguments.
  W[j, :] = eigvals[-2:]
/home/u3518384/CompPhys/11020PHYS401200-Ising-Model/torch-V4/Cv_1.py:169: DeprecationWarning: __array__ implementation doesn't accept a copy keyword, so passing copy=False failed. __array__ must implement 'dtype' and 'copy' keyword arguments.
  W[j, :] = eigvals[-2:]
/home/u3518384/CompPhys/11020PHYS401200-Ising-Model/torch-V4/Cv_1.py:169: DeprecationWarning: __array__ implementation doesn't accept a copy keyword, so passing copy=False failed. __array__ must implement 'dtype' and 'copy' keyword arguments.
  W[j, :] = eigvals[-2:]
/home/u3518384/CompPhys/11020PHYS401200-Ising-Model/torch-V4/Cv_1.py:169: DeprecationWarning: __array__ implementation doesn't accept a copy keyword, so passing copy=False failed. __array__ must implement 'dtype' and 'copy' keyword arguments.
  W[j, :] = eigvals[-2:]
/home/u3518384/CompPhys/11020PHYS401200-Ising-Model/torch-V4/Cv_1.py:169: DeprecationWarning: __array__ implementation doesn't accept a copy keyword, so passing copy=False failed. __array__ must implement 'dtype' and 'copy' keyword arguments.
  W[j, :] = eigvals[-2:]
/home/u3518384/CompPhys/11020PHYS401200-Ising-Model/torch-V4/Cv_1.py:169: DeprecationWarning: __array__ implementation doesn't accept a copy keyword, so passing copy=False failed. __array__ must implement 'dtype' and 'copy' keyword arguments.
  W[j, :] = eigvals[-2:]
/home/u3518384/CompPhys/11020PHYS401200-Ising-Model/torch-V4/Cv_1.py:169: DeprecationWarning: __array__ implementation doesn't accept a copy keyword, so passing copy=False failed. __array__ must implement 'dtype' and 'copy' keyword arguments.
  W[j, :] = eigvals[-2:]
/home/u3518384/CompPhys/11020PHYS401200-Ising-Model/torch-V4/Cv_1.py:169: DeprecationWarning: __array__ implementation doesn't accept a copy keyword, so passing copy=False failed. __array__ must implement 'dtype' and 'copy' keyword arguments.
  W[j, :] = eigvals[-2:]
/home/u3518384/CompPhys/11020PHYS401200-Ising-Model/torch-V4/Cv_1.py:169: DeprecationWarning: __array__ implementation doesn't accept a copy keyword, so passing copy=False failed. __array__ must implement 'dtype' and 'copy' keyword arguments.
  W[j, :] = eigvals[-2:]
/home/u3518384/CompPhys/11020PHYS401200-Ising-Model/torch-V4/Cv_1.py:177: RuntimeWarning: divide by zero encountered in log
  E = -np.log(W)
/home/u3518384/CompPhys/11020PHYS401200-Ising-Model/torch-V4/Cv_1.py:178: RuntimeWarning: invalid value encountered in subtract
  Corr_len = 1 / (E[:, -2] - E[:, -1])
/home/u3518384/CompPhys/11020PHYS401200-Ising-Model/torch-V4/Cv_1.py:178: RuntimeWarning: divide by zero encountered in divide
  Corr_len = 1 / (E[:, -2] - E[:, -1])
End 12: 2.218 Use time: 31.80
Start 13: 2.220 2 ForkPoolWorker-3

/home/u3518384/CompPhys/11020PHYS401200-Ising-Model/torch-V4/Cv_1.py:177: RuntimeWarning: divide by zero encountered in log
  E = -np.log(W)
/home/u3518384/CompPhys/11020PHYS401200-Ising-Model/torch-V4/Cv_1.py:178: RuntimeWarning: invalid value encountered in subtract
  Corr_len = 1 / (E[:, -2] - E[:, -1])
End 16: 2.224 Use time: 31.82
Start 17: 2.226 3 ForkPoolWorker-4

/home/u3518384/CompPhys/11020PHYS401200-Ising-Model/torch-V4/Cv_1.py:177: RuntimeWarning: divide by zero encountered in log
  E = -np.log(W)
/home/u3518384/CompPhys/11020PHYS401200-Ising-Model/torch-V4/Cv_1.py:178: RuntimeWarning: invalid value encountered in subtract
  Corr_len = 1 / (E[:, -2] - E[:, -1])
/home/u3518384/CompPhys/11020PHYS401200-Ising-Model/torch-V4/Cv_1.py:178: RuntimeWarning: divide by zero encountered in divide
  Corr_len = 1 / (E[:, -2] - E[:, -1])
End 8: 2.212 Use time: 32.37
Start 9: 2.214 4 ForkPoolWorker-5

/home/u3518384/CompPhys/11020PHYS401200-Ising-Model/torch-V4/Cv_1.py:177: RuntimeWarning: divide by zero encountered in log
  E = -np.log(W)
/home/u3518384/CompPhys/11020PHYS401200-Ising-Model/torch-V4/Cv_1.py:178: RuntimeWarning: invalid value encountered in subtract
  Corr_len = 1 / (E[:, -2] - E[:, -1])
/home/u3518384/CompPhys/11020PHYS401200-Ising-Model/torch-V4/Cv_1.py:178: RuntimeWarning: divide by zero encountered in divide
  Corr_len = 1 / (E[:, -2] - E[:, -1])
End 20: 2.230 Use time: 32.77
Start 21: 2.232 6 ForkPoolWorker-7

/home/u3518384/CompPhys/11020PHYS401200-Ising-Model/torch-V4/Cv_1.py:177: RuntimeWarning: divide by zero encountered in log
  E = -np.log(W)
/home/u3518384/CompPhys/11020PHYS401200-Ising-Model/torch-V4/Cv_1.py:178: RuntimeWarning: invalid value encountered in subtract
  Corr_len = 1 / (E[:, -2] - E[:, -1])
/home/u3518384/CompPhys/11020PHYS401200-Ising-Model/torch-V4/Cv_1.py:178: RuntimeWarning: divide by zero encountered in divide
  Corr_len = 1 / (E[:, -2] - E[:, -1])
End 4: 2.206 Use time: 33.48
Start 5: 2.208 1 ForkPoolWorker-2

/home/u3518384/CompPhys/11020PHYS401200-Ising-Model/torch-V4/Cv_1.py:177: RuntimeWarning: divide by zero encountered in log
  E = -np.log(W)
/home/u3518384/CompPhys/11020PHYS401200-Ising-Model/torch-V4/Cv_1.py:178: RuntimeWarning: invalid value encountered in subtract
  Corr_len = 1 / (E[:, -2] - E[:, -1])
End 28: 2.242 Use time: 33.49
Start 29: 2.244 7 ForkPoolWorker-8

/home/u3518384/CompPhys/11020PHYS401200-Ising-Model/torch-V4/Cv_1.py:177: RuntimeWarning: divide by zero encountered in log
  E = -np.log(W)
/home/u3518384/CompPhys/11020PHYS401200-Ising-Model/torch-V4/Cv_1.py:178: RuntimeWarning: invalid value encountered in subtract
  Corr_len = 1 / (E[:, -2] - E[:, -1])
End 24: 2.236 Use time: 33.60
Start 25: 2.238 5 ForkPoolWorker-6

/home/u3518384/CompPhys/11020PHYS401200-Ising-Model/torch-V4/Cv_1.py:177: RuntimeWarning: divide by zero encountered in log
  E = -np.log(W)
/home/u3518384/CompPhys/11020PHYS401200-Ising-Model/torch-V4/Cv_1.py:178: RuntimeWarning: invalid value encountered in subtract
  Corr_len = 1 / (E[:, -2] - E[:, -1])
/home/u3518384/CompPhys/11020PHYS401200-Ising-Model/torch-V4/Cv_1.py:178: RuntimeWarning: divide by zero encountered in divide
  Corr_len = 1 / (E[:, -2] - E[:, -1])
End 0: 2.200 Use time: 34.51
Start 1: 2.202 0 ForkPoolWorker-1

End 13: 2.220 Use time: 22.56
Start 14: 2.221 2 ForkPoolWorker-3

/home/u3518384/CompPhys/11020PHYS401200-Ising-Model/torch-V4/Cv_1.py:178: RuntimeWarning: divide by zero encountered in divide
  Corr_len = 1 / (E[:, -2] - E[:, -1])
End 17: 2.226 Use time: 22.78
Start 18: 2.227 3 ForkPoolWorker-4

End 9: 2.214 Use time: 23.11
Start 10: 2.215 4 ForkPoolWorker-5

End 21: 2.232 Use time: 23.70
Start 22: 2.233 6 ForkPoolWorker-7

End 5: 2.208 Use time: 24.06
Start 6: 2.209 1 ForkPoolWorker-2

End 29: 2.244 Use time: 24.07
Start 30: 2.245 7 ForkPoolWorker-8

End 25: 2.238 Use time: 24.45
Start 26: 2.239 5 ForkPoolWorker-6

End 1: 2.202 Use time: 24.91
Start 2: 2.203 0 ForkPoolWorker-1

End 14: 2.221 Use time: 22.55
Start 15: 2.223 2 ForkPoolWorker-3

End 18: 2.227 Use time: 23.07
Start 19: 2.229 3 ForkPoolWorker-4

End 10: 2.215 Use time: 22.55
Start 11: 2.217 4 ForkPoolWorker-5

End 22: 2.233 Use time: 24.08
Start 23: 2.235 6 ForkPoolWorker-7

End 6: 2.209 Use time: 23.80
Start 7: 2.211 1 ForkPoolWorker-2

End 30: 2.245 Use time: 24.10
Start 31: 2.247 7 ForkPoolWorker-8

End 26: 2.239 Use time: 24.32
Start 27: 2.241 5 ForkPoolWorker-6

End 2: 2.203 Use time: 24.81
Start 3: 2.205 0 ForkPoolWorker-1

End 15: 2.223 Use time: 22.41
Start 32: 2.248 2 ForkPoolWorker-3

End 11: 2.217 Use time: 22.49
Start 36: 2.255 4 ForkPoolWorker-5

End 19: 2.229 Use time: 23.47
Start 40: 2.261 3 ForkPoolWorker-4

End 23: 2.235 Use time: 24.38
Start 44: 2.267 6 ForkPoolWorker-7

End 7: 2.211 Use time: 23.64
Start 48: 2.273 1 ForkPoolWorker-2

End 31: 2.247 Use time: 24.11
Start 52: 2.279 7 ForkPoolWorker-8

End 27: 2.241 Use time: 24.34
Start 56: 2.285 5 ForkPoolWorker-6

End 3: 2.205 Use time: 25.02
Start 60: 2.291 0 ForkPoolWorker-1

End 32: 2.248 Use time: 24.01
Start 33: 2.250 2 ForkPoolWorker-3

End 40: 2.261 Use time: 22.42
Start 41: 2.262 3 ForkPoolWorker-4

End 36: 2.255 Use time: 23.25
Start 37: 2.256 4 ForkPoolWorker-5

End 48: 2.273 Use time: 21.49
Start 49: 2.274 1 ForkPoolWorker-2

End 44: 2.267 Use time: 21.83
Start 45: 2.268 6 ForkPoolWorker-7

End 52: 2.279 Use time: 21.96
Start 53: 2.280 7 ForkPoolWorker-8

End 56: 2.285 Use time: 22.25
Start 57: 2.286 5 ForkPoolWorker-6

End 60: 2.291 Use time: 23.15
Start 61: 2.292 0 ForkPoolWorker-1

End 41: 2.262 Use time: 22.27
Start 42: 2.264 3 ForkPoolWorker-4

End 37: 2.256 Use time: 22.92
Start 38: 2.258 4 ForkPoolWorker-5

End 33: 2.250 Use time: 23.98
Start 34: 2.252 2 ForkPoolWorker-3

End 49: 2.274 Use time: 21.57
Start 50: 2.276 1 ForkPoolWorker-2

End 45: 2.268 Use time: 21.67
Start 46: 2.270 6 ForkPoolWorker-7

End 53: 2.280 Use time: 22.07
Start 54: 2.282 7 ForkPoolWorker-8

End 57: 2.286 Use time: 22.55
Start 58: 2.288 5 ForkPoolWorker-6

End 61: 2.292 Use time: 23.26
Start 62: 2.294 0 ForkPoolWorker-1

End 42: 2.264 Use time: 21.92
Start 43: 2.265 3 ForkPoolWorker-4

End 38: 2.258 Use time: 22.73
Start 39: 2.259 4 ForkPoolWorker-5

End 50: 2.276 Use time: 21.72
Start 51: 2.277 1 ForkPoolWorker-2

End 46: 2.270 Use time: 21.36
Start 47: 2.271 6 ForkPoolWorker-7

End 34: 2.252 Use time: 23.87
Start 35: 2.253 2 ForkPoolWorker-3

End 54: 2.282 Use time: 22.29
Start 55: 2.283 7 ForkPoolWorker-8

End 58: 2.288 Use time: 22.76
Start 59: 2.289 5 ForkPoolWorker-6

End 62: 2.294 Use time: 23.27
Start 63: 2.295 0 ForkPoolWorker-1

End 43: 2.265 Use time: 21.84
Start 64: 2.297 3 ForkPoolWorker-4

End 47: 2.271 Use time: 21.26
Start 68: 2.303 6 ForkPoolWorker-7

End 51: 2.277 Use time: 22.02
Start 72: 2.309 1 ForkPoolWorker-2

End 39: 2.259 Use time: 22.43
Start 76: 2.315 4 ForkPoolWorker-5

End 55: 2.283 Use time: 22.11
Start 80: 2.321 7 ForkPoolWorker-8

End 35: 2.253 Use time: 23.71
Start 84: 2.327 2 ForkPoolWorker-3

End 59: 2.289 Use time: 22.85
Start 88: 2.333 5 ForkPoolWorker-6

End 63: 2.295 Use time: 22.97
Start 92: 2.339 0 ForkPoolWorker-1

End 64: 2.297 Use time: 22.86
Start 65: 2.298 3 ForkPoolWorker-4

End 68: 2.303 Use time: 22.79
Start 69: 2.305 6 ForkPoolWorker-7

End 76: 2.315 Use time: 22.63
Start 77: 2.317 4 ForkPoolWorker-5

End 72: 2.309 Use time: 22.76
Start 73: 2.311 1 ForkPoolWorker-2

End 80: 2.321 Use time: 22.77
Start 81: 2.323 7 ForkPoolWorker-8

End 84: 2.327 Use time: 22.79
Start 85: 2.329 2 ForkPoolWorker-3

End 88: 2.333 Use time: 22.74
Start 89: 2.335 5 ForkPoolWorker-6

End 92: 2.339 Use time: 22.81
Start 93: 2.341 0 ForkPoolWorker-1

End 65: 2.298 Use time: 23.10
Start 66: 2.300 3 ForkPoolWorker-4

End 69: 2.305 Use time: 22.70
Start 70: 2.306 6 ForkPoolWorker-7

End 77: 2.317 Use time: 22.55
Start 78: 2.318 4 ForkPoolWorker-5

End 73: 2.311 Use time: 22.60
Start 74: 2.312 1 ForkPoolWorker-2

End 81: 2.323 Use time: 22.76
Start 82: 2.324 7 ForkPoolWorker-8

End 85: 2.329 Use time: 22.85
Start 86: 2.330 2 ForkPoolWorker-3

End 89: 2.335 Use time: 22.70
Start 90: 2.336 5 ForkPoolWorker-6

End 93: 2.341 Use time: 22.84
Start 94: 2.342 0 ForkPoolWorker-1

End 66: 2.300 Use time: 22.75
Start 67: 2.302 3 ForkPoolWorker-4

End 70: 2.306 Use time: 22.64
Start 71: 2.308 6 ForkPoolWorker-7

End 74: 2.312 Use time: 22.43
Start 75: 2.314 1 ForkPoolWorker-2

End 78: 2.318 Use time: 22.76
Start 79: 2.320 4 ForkPoolWorker-5

End 82: 2.324 Use time: 22.75
Start 83: 2.326 7 ForkPoolWorker-8

End 86: 2.330 Use time: 22.93
Start 87: 2.332 2 ForkPoolWorker-3

End 90: 2.336 Use time: 22.78
Start 91: 2.338 5 ForkPoolWorker-6

End 94: 2.342 Use time: 22.91
Start 95: 2.344 0 ForkPoolWorker-1

End 67: 2.302 Use time: 22.80
Start 96: 2.345 3 ForkPoolWorker-4

End 71: 2.308 Use time: 22.73
End 75: 2.314 Use time: 22.70
End 79: 2.320 Use time: 22.64
End 83: 2.326 Use time: 22.59
End 87: 2.332 Use time: 22.66
End 91: 2.338 Use time: 22.66
End 95: 2.344 Use time: 23.18
End 96: 2.345 Use time: 22.93
Start 97: 2.347 3 ForkPoolWorker-4

End 97: 2.347 Use time: 22.89
Start 98: 2.348 3 ForkPoolWorker-4

End 98: 2.348 Use time: 22.79
Start 99: 2.350 3 ForkPoolWorker-4

End 99: 2.350 Use time: 22.70
Results saved to Cv_results.pkl
Wed Dec 25 00:18:14 CST 2024
376
