Tue Dec 24 21:00:25 CST 2024
hgpn08
              total        used        free      shared  buff/cache   available
Mem:          2.0Ti        28Gi       1.7Ti       5.0Gi       216Gi       1.9Ti
Swap:            0B          0B          0B
11 0.01 28 8
Start 0: 2.200 0 ForkPoolWorker-1

Start 4: 2.206 1 ForkPoolWorker-2

Start 8: 2.212 3 ForkPoolWorker-4

Start 12: 2.218 2 ForkPoolWorker-3

Start 16: 2.224 4 ForkPoolWorker-5

Start 20: 2.230 5 ForkPoolWorker-6

Start 24: 2.236 6 ForkPoolWorker-7

Start 28: 2.242 7 ForkPoolWorker-8

/home/u3518384/CompPhys/11020PHYS401200-Ising-Model/torch-V4/Cv.py:166: DeprecationWarning: __array__ implementation doesn't accept a copy keyword, so passing copy=False failed. __array__ must implement 'dtype' and 'copy' keyword arguments.
  W[j, :] = eigvals[-2:]
/home/u3518384/CompPhys/11020PHYS401200-Ising-Model/torch-V4/Cv.py:166: DeprecationWarning: __array__ implementation doesn't accept a copy keyword, so passing copy=False failed. __array__ must implement 'dtype' and 'copy' keyword arguments.
  W[j, :] = eigvals[-2:]
/home/u3518384/CompPhys/11020PHYS401200-Ising-Model/torch-V4/Cv.py:166: DeprecationWarning: __array__ implementation doesn't accept a copy keyword, so passing copy=False failed. __array__ must implement 'dtype' and 'copy' keyword arguments.
  W[j, :] = eigvals[-2:]
/home/u3518384/CompPhys/11020PHYS401200-Ising-Model/torch-V4/Cv.py:166: DeprecationWarning: __array__ implementation doesn't accept a copy keyword, so passing copy=False failed. __array__ must implement 'dtype' and 'copy' keyword arguments.
  W[j, :] = eigvals[-2:]
/home/u3518384/CompPhys/11020PHYS401200-Ising-Model/torch-V4/Cv.py:166: DeprecationWarning: __array__ implementation doesn't accept a copy keyword, so passing copy=False failed. __array__ must implement 'dtype' and 'copy' keyword arguments.
  W[j, :] = eigvals[-2:]
/home/u3518384/CompPhys/11020PHYS401200-Ising-Model/torch-V4/Cv.py:166: DeprecationWarning: __array__ implementation doesn't accept a copy keyword, so passing copy=False failed. __array__ must implement 'dtype' and 'copy' keyword arguments.
  W[j, :] = eigvals[-2:]
/home/u3518384/CompPhys/11020PHYS401200-Ising-Model/torch-V4/Cv.py:166: DeprecationWarning: __array__ implementation doesn't accept a copy keyword, so passing copy=False failed. __array__ must implement 'dtype' and 'copy' keyword arguments.
  W[j, :] = eigvals[-2:]
/home/u3518384/CompPhys/11020PHYS401200-Ising-Model/torch-V4/Cv.py:182: RuntimeWarning: divide by zero encountered in log
  E = -np.log(W)
/home/u3518384/CompPhys/11020PHYS401200-Ising-Model/torch-V4/Cv.py:183: RuntimeWarning: invalid value encountered in subtract
  Corr_len = 1 / (E[:, -2] - E[:, -1])
End 4: 2.206 Use time: 24.73
Start 5: 2.208 1 ForkPoolWorker-2

/home/u3518384/CompPhys/11020PHYS401200-Ising-Model/torch-V4/Cv.py:166: DeprecationWarning: __array__ implementation doesn't accept a copy keyword, so passing copy=False failed. __array__ must implement 'dtype' and 'copy' keyword arguments.
  W[j, :] = eigvals[-2:]
/home/u3518384/CompPhys/11020PHYS401200-Ising-Model/torch-V4/Cv.py:182: RuntimeWarning: divide by zero encountered in log
  E = -np.log(W)
/home/u3518384/CompPhys/11020PHYS401200-Ising-Model/torch-V4/Cv.py:183: RuntimeWarning: invalid value encountered in subtract
  Corr_len = 1 / (E[:, -2] - E[:, -1])
End 20: 2.230 Use time: 25.76
Start 21: 2.232 5 ForkPoolWorker-6

/home/u3518384/CompPhys/11020PHYS401200-Ising-Model/torch-V4/Cv.py:182: RuntimeWarning: divide by zero encountered in log
  E = -np.log(W)
/home/u3518384/CompPhys/11020PHYS401200-Ising-Model/torch-V4/Cv.py:183: RuntimeWarning: invalid value encountered in subtract
  Corr_len = 1 / (E[:, -2] - E[:, -1])
End 12: 2.218 Use time: 26.10
Start 13: 2.220 2 ForkPoolWorker-3

/home/u3518384/CompPhys/11020PHYS401200-Ising-Model/torch-V4/Cv.py:182: RuntimeWarning: divide by zero encountered in log
  E = -np.log(W)
/home/u3518384/CompPhys/11020PHYS401200-Ising-Model/torch-V4/Cv.py:183: RuntimeWarning: invalid value encountered in subtract
  Corr_len = 1 / (E[:, -2] - E[:, -1])
/home/u3518384/CompPhys/11020PHYS401200-Ising-Model/torch-V4/Cv.py:183: RuntimeWarning: divide by zero encountered in divide
  Corr_len = 1 / (E[:, -2] - E[:, -1])
End 8: 2.212 Use time: 26.64
Start 9: 2.214 3 ForkPoolWorker-4

/home/u3518384/CompPhys/11020PHYS401200-Ising-Model/torch-V4/Cv.py:182: RuntimeWarning: divide by zero encountered in log
  E = -np.log(W)
/home/u3518384/CompPhys/11020PHYS401200-Ising-Model/torch-V4/Cv.py:183: RuntimeWarning: invalid value encountered in subtract
  Corr_len = 1 / (E[:, -2] - E[:, -1])
End 16: 2.224 Use time: 26.65
Start 17: 2.226 4 ForkPoolWorker-5

/home/u3518384/CompPhys/11020PHYS401200-Ising-Model/torch-V4/Cv.py:182: RuntimeWarning: divide by zero encountered in log
  E = -np.log(W)
/home/u3518384/CompPhys/11020PHYS401200-Ising-Model/torch-V4/Cv.py:183: RuntimeWarning: invalid value encountered in subtract
  Corr_len = 1 / (E[:, -2] - E[:, -1])
/home/u3518384/CompPhys/11020PHYS401200-Ising-Model/torch-V4/Cv.py:183: RuntimeWarning: divide by zero encountered in divide
  Corr_len = 1 / (E[:, -2] - E[:, -1])
End 0: 2.200 Use time: 26.78
Start 1: 2.202 0 ForkPoolWorker-1

/home/u3518384/CompPhys/11020PHYS401200-Ising-Model/torch-V4/Cv.py:182: RuntimeWarning: divide by zero encountered in log
  E = -np.log(W)
/home/u3518384/CompPhys/11020PHYS401200-Ising-Model/torch-V4/Cv.py:183: RuntimeWarning: invalid value encountered in subtract
  Corr_len = 1 / (E[:, -2] - E[:, -1])
End 28: 2.242 Use time: 28.43
Start 29: 2.244 7 ForkPoolWorker-8

/home/u3518384/CompPhys/11020PHYS401200-Ising-Model/torch-V4/Cv.py:182: RuntimeWarning: divide by zero encountered in log
  E = -np.log(W)
/home/u3518384/CompPhys/11020PHYS401200-Ising-Model/torch-V4/Cv.py:183: RuntimeWarning: invalid value encountered in subtract
  Corr_len = 1 / (E[:, -2] - E[:, -1])
End 24: 2.236 Use time: 31.27
Start 25: 2.238 6 ForkPoolWorker-7

/home/u3518384/CompPhys/11020PHYS401200-Ising-Model/torch-V4/Cv.py:183: RuntimeWarning: divide by zero encountered in divide
  Corr_len = 1 / (E[:, -2] - E[:, -1])
End 5: 2.208 Use time: 17.04
Start 6: 2.209 1 ForkPoolWorker-2

End 21: 2.232 Use time: 18.15
Start 22: 2.233 5 ForkPoolWorker-6

End 9: 2.214 Use time: 17.66
Start 10: 2.215 3 ForkPoolWorker-4

End 13: 2.220 Use time: 18.21
Start 14: 2.221 2 ForkPoolWorker-3

End 1: 2.202 Use time: 18.06
Start 2: 2.203 0 ForkPoolWorker-1

/home/u3518384/CompPhys/11020PHYS401200-Ising-Model/torch-V4/Cv.py:183: RuntimeWarning: divide by zero encountered in divide
  Corr_len = 1 / (E[:, -2] - E[:, -1])
End 17: 2.226 Use time: 18.60
Start 18: 2.227 4 ForkPoolWorker-5

End 29: 2.244 Use time: 17.00
Start 30: 2.245 7 ForkPoolWorker-8

End 25: 2.238 Use time: 16.46
Start 26: 2.239 6 ForkPoolWorker-7

End 22: 2.233 Use time: 14.84
Start 23: 2.235 5 ForkPoolWorker-6

End 6: 2.209 Use time: 19.05
Start 7: 2.211 1 ForkPoolWorker-2

End 14: 2.221 Use time: 17.74
Start 15: 2.223 2 ForkPoolWorker-3

End 18: 2.227 Use time: 17.19
Start 19: 2.229 4 ForkPoolWorker-5

End 2: 2.203 Use time: 18.50
Start 3: 2.205 0 ForkPoolWorker-1

End 26: 2.239 Use time: 17.45
Start 27: 2.241 6 ForkPoolWorker-7

End 30: 2.245 Use time: 21.34
Start 31: 2.247 7 ForkPoolWorker-8

End 10: 2.215 Use time: 22.73
Start 11: 2.217 3 ForkPoolWorker-4

End 23: 2.235 Use time: 13.56
Start 32: 2.248 5 ForkPoolWorker-6

End 19: 2.229 Use time: 15.79
Start 36: 2.255 4 ForkPoolWorker-5

End 7: 2.211 Use time: 18.19
Start 40: 2.261 1 ForkPoolWorker-2

End 15: 2.223 Use time: 17.94
Start 44: 2.267 2 ForkPoolWorker-3

End 3: 2.205 Use time: 19.18
Start 48: 2.273 0 ForkPoolWorker-1

End 27: 2.241 Use time: 19.17
Start 52: 2.279 6 ForkPoolWorker-7

End 31: 2.247 Use time: 18.63
Start 56: 2.285 7 ForkPoolWorker-8

End 11: 2.217 Use time: 22.11
Start 60: 2.291 3 ForkPoolWorker-4

End 32: 2.248 Use time: 17.26
Start 33: 2.250 5 ForkPoolWorker-6

End 36: 2.255 Use time: 16.83
Start 37: 2.256 4 ForkPoolWorker-5

End 40: 2.261 Use time: 16.90
Start 41: 2.262 1 ForkPoolWorker-2

End 48: 2.273 Use time: 16.52
Start 49: 2.274 0 ForkPoolWorker-1

End 44: 2.267 Use time: 19.61
Start 45: 2.268 2 ForkPoolWorker-3

End 52: 2.279 Use time: 18.86
Start 53: 2.280 6 ForkPoolWorker-7

End 56: 2.285 Use time: 18.38
Start 57: 2.286 7 ForkPoolWorker-8

End 60: 2.291 Use time: 15.45
Start 61: 2.292 3 ForkPoolWorker-4

End 33: 2.250 Use time: 16.45
Start 34: 2.252 5 ForkPoolWorker-6

End 41: 2.262 Use time: 14.86
Start 42: 2.264 1 ForkPoolWorker-2

End 37: 2.256 Use time: 16.31
Start 38: 2.258 4 ForkPoolWorker-5

End 49: 2.274 Use time: 13.81
Start 50: 2.276 0 ForkPoolWorker-1

End 45: 2.268 Use time: 18.63
Start 46: 2.270 2 ForkPoolWorker-3

End 53: 2.280 Use time: 17.47
Start 54: 2.282 6 ForkPoolWorker-7

End 57: 2.286 Use time: 17.79
Start 58: 2.288 7 ForkPoolWorker-8

End 61: 2.292 Use time: 18.52
Start 62: 2.294 3 ForkPoolWorker-4

End 34: 2.252 Use time: 17.59
Start 35: 2.253 5 ForkPoolWorker-6

End 42: 2.264 Use time: 14.07
Start 43: 2.265 1 ForkPoolWorker-2

End 50: 2.276 Use time: 13.64
Start 51: 2.277 0 ForkPoolWorker-1

End 38: 2.258 Use time: 15.87
Start 39: 2.259 4 ForkPoolWorker-5

End 54: 2.282 Use time: 13.07
Start 55: 2.283 6 ForkPoolWorker-7

End 46: 2.270 Use time: 19.76
Start 47: 2.271 2 ForkPoolWorker-3

End 51: 2.277 Use time: 14.09
Start 64: 2.297 0 ForkPoolWorker-1

End 58: 2.288 Use time: 19.33
Start 59: 2.289 7 ForkPoolWorker-8

End 62: 2.294 Use time: 17.99
Start 63: 2.295 3 ForkPoolWorker-4

End 35: 2.253 Use time: 18.39
Start 68: 2.303 5 ForkPoolWorker-6

End 39: 2.259 Use time: 14.97
Start 72: 2.309 4 ForkPoolWorker-5

End 43: 2.265 Use time: 17.45
Start 76: 2.315 1 ForkPoolWorker-2

End 55: 2.283 Use time: 15.03
Start 80: 2.321 6 ForkPoolWorker-7

End 47: 2.271 Use time: 14.97
Start 84: 2.327 2 ForkPoolWorker-3

End 59: 2.289 Use time: 13.49
Start 88: 2.333 7 ForkPoolWorker-8

End 64: 2.297 Use time: 14.83
Start 65: 2.298 0 ForkPoolWorker-1

End 72: 2.309 Use time: 14.77
Start 73: 2.311 4 ForkPoolWorker-5

End 63: 2.295 Use time: 17.81
Start 92: 2.339 3 ForkPoolWorker-4

End 68: 2.303 Use time: 17.55
Start 69: 2.305 5 ForkPoolWorker-6

End 76: 2.315 Use time: 17.42
Start 77: 2.317 1 ForkPoolWorker-2

End 80: 2.321 Use time: 18.34
Start 81: 2.323 6 ForkPoolWorker-7

End 84: 2.327 Use time: 15.27
Start 85: 2.329 2 ForkPoolWorker-3

End 65: 2.298 Use time: 13.63
Start 66: 2.300 0 ForkPoolWorker-1

End 88: 2.333 Use time: 15.47
Start 89: 2.335 7 ForkPoolWorker-8

End 73: 2.311 Use time: 16.41
Start 74: 2.312 4 ForkPoolWorker-5

End 69: 2.305 Use time: 16.77
Start 70: 2.306 5 ForkPoolWorker-6

End 92: 2.339 Use time: 18.16
Start 93: 2.341 3 ForkPoolWorker-4

End 85: 2.329 Use time: 10.66
Start 86: 2.330 2 ForkPoolWorker-3

End 77: 2.317 Use time: 20.29
Start 78: 2.318 1 ForkPoolWorker-2

End 66: 2.300 Use time: 13.41
Start 67: 2.302 0 ForkPoolWorker-1

End 81: 2.323 Use time: 15.98
Start 82: 2.324 6 ForkPoolWorker-7

End 89: 2.335 Use time: 16.08
Start 90: 2.336 7 ForkPoolWorker-8

End 74: 2.312 Use time: 13.19
Start 75: 2.314 4 ForkPoolWorker-5

End 70: 2.306 Use time: 11.42
Start 71: 2.308 5 ForkPoolWorker-6

End 93: 2.341 Use time: 13.58
Start 94: 2.342 3 ForkPoolWorker-4

End 78: 2.318 Use time: 13.73
Start 79: 2.320 1 ForkPoolWorker-2

End 86: 2.330 Use time: 15.05
Start 87: 2.332 2 ForkPoolWorker-3

End 82: 2.324 Use time: 15.17
Start 83: 2.326 6 ForkPoolWorker-7

End 67: 2.302 Use time: 16.68
Start 96: 2.345 0 ForkPoolWorker-1

End 90: 2.336 Use time: 14.86
Start 91: 2.338 7 ForkPoolWorker-8

End 75: 2.314 Use time: 15.43
End 94: 2.342 Use time: 11.81
Start 95: 2.344 3 ForkPoolWorker-4

End 71: 2.308 Use time: 16.02
End 79: 2.320 Use time: 11.82
End 87: 2.332 Use time: 14.25
End 96: 2.345 Use time: 10.12
Start 97: 2.347 0 ForkPoolWorker-1

End 83: 2.326 Use time: 11.12
End 95: 2.344 Use time: 8.16
End 91: 2.338 Use time: 10.19
End 97: 2.347 Use time: 3.98
Start 98: 2.348 0 ForkPoolWorker-1

End 98: 2.348 Use time: 3.97
Start 99: 2.350 0 ForkPoolWorker-1

End 99: 2.350 Use time: 3.90
Results saved to Cv_results.pkl
Tue Dec 24 21:04:09 CST 2024
224
