Tue Dec 24 21:04:10 CST 2024
hgpn08
              total        used        free      shared  buff/cache   available
Mem:          2.0Ti        28Gi       1.7Ti       5.0Gi       216Gi       1.9Ti
Swap:            0B          0B          0B
11 0.01 32 8
Start 0: 2.200 0 ForkPoolWorker-1

Start 4: 2.206 1 ForkPoolWorker-2

Start 8: 2.212 2 ForkPoolWorker-3

Start 12: 2.218 5 ForkPoolWorker-6

Start 16: 2.224 3 ForkPoolWorker-4

Start 20: 2.230 4 ForkPoolWorker-5

Start 24: 2.236 6 ForkPoolWorker-7

Start 28: 2.242 7 ForkPoolWorker-8

/home/u3518384/CompPhys/11020PHYS401200-Ising-Model/torch-V4/Cv.py:166: DeprecationWarning: __array__ implementation doesn't accept a copy keyword, so passing copy=False failed. __array__ must implement 'dtype' and 'copy' keyword arguments.
  W[j, :] = eigvals[-2:]
/home/u3518384/CompPhys/11020PHYS401200-Ising-Model/torch-V4/Cv.py:166: DeprecationWarning: __array__ implementation doesn't accept a copy keyword, so passing copy=False failed. __array__ must implement 'dtype' and 'copy' keyword arguments.
  W[j, :] = eigvals[-2:]
/home/u3518384/CompPhys/11020PHYS401200-Ising-Model/torch-V4/Cv.py:166: DeprecationWarning: __array__ implementation doesn't accept a copy keyword, so passing copy=False failed. __array__ must implement 'dtype' and 'copy' keyword arguments.
  W[j, :] = eigvals[-2:]
/home/u3518384/CompPhys/11020PHYS401200-Ising-Model/torch-V4/Cv.py:166: DeprecationWarning: __array__ implementation doesn't accept a copy keyword, so passing copy=False failed. __array__ must implement 'dtype' and 'copy' keyword arguments.
  W[j, :] = eigvals[-2:]
/home/u3518384/CompPhys/11020PHYS401200-Ising-Model/torch-V4/Cv.py:166: DeprecationWarning: __array__ implementation doesn't accept a copy keyword, so passing copy=False failed. __array__ must implement 'dtype' and 'copy' keyword arguments.
  W[j, :] = eigvals[-2:]
/home/u3518384/CompPhys/11020PHYS401200-Ising-Model/torch-V4/Cv.py:166: DeprecationWarning: __array__ implementation doesn't accept a copy keyword, so passing copy=False failed. __array__ must implement 'dtype' and 'copy' keyword arguments.
  W[j, :] = eigvals[-2:]
/home/u3518384/CompPhys/11020PHYS401200-Ising-Model/torch-V4/Cv.py:166: DeprecationWarning: __array__ implementation doesn't accept a copy keyword, so passing copy=False failed. __array__ must implement 'dtype' and 'copy' keyword arguments.
  W[j, :] = eigvals[-2:]
/home/u3518384/CompPhys/11020PHYS401200-Ising-Model/torch-V4/Cv.py:166: DeprecationWarning: __array__ implementation doesn't accept a copy keyword, so passing copy=False failed. __array__ must implement 'dtype' and 'copy' keyword arguments.
  W[j, :] = eigvals[-2:]
/home/u3518384/CompPhys/11020PHYS401200-Ising-Model/torch-V4/Cv.py:182: RuntimeWarning: divide by zero encountered in log
  E = -np.log(W)
/home/u3518384/CompPhys/11020PHYS401200-Ising-Model/torch-V4/Cv.py:183: RuntimeWarning: invalid value encountered in subtract
  Corr_len = 1 / (E[:, -2] - E[:, -1])
End 16: 2.224 Use time: 31.03
Start 17: 2.226 3 ForkPoolWorker-4

/home/u3518384/CompPhys/11020PHYS401200-Ising-Model/torch-V4/Cv.py:182: RuntimeWarning: divide by zero encountered in log
  E = -np.log(W)
/home/u3518384/CompPhys/11020PHYS401200-Ising-Model/torch-V4/Cv.py:183: RuntimeWarning: invalid value encountered in subtract
  Corr_len = 1 / (E[:, -2] - E[:, -1])
/home/u3518384/CompPhys/11020PHYS401200-Ising-Model/torch-V4/Cv.py:183: RuntimeWarning: divide by zero encountered in divide
  Corr_len = 1 / (E[:, -2] - E[:, -1])
End 8: 2.212 Use time: 31.82
Start 9: 2.214 2 ForkPoolWorker-3

/home/u3518384/CompPhys/11020PHYS401200-Ising-Model/torch-V4/Cv.py:182: RuntimeWarning: divide by zero encountered in log
  E = -np.log(W)
/home/u3518384/CompPhys/11020PHYS401200-Ising-Model/torch-V4/Cv.py:183: RuntimeWarning: invalid value encountered in subtract
  Corr_len = 1 / (E[:, -2] - E[:, -1])
End 20: 2.230 Use time: 32.63
Start 21: 2.232 4 ForkPoolWorker-5

/home/u3518384/CompPhys/11020PHYS401200-Ising-Model/torch-V4/Cv.py:182: RuntimeWarning: divide by zero encountered in log
  E = -np.log(W)
/home/u3518384/CompPhys/11020PHYS401200-Ising-Model/torch-V4/Cv.py:183: RuntimeWarning: invalid value encountered in subtract
  Corr_len = 1 / (E[:, -2] - E[:, -1])
End 28: 2.242 Use time: 32.73
Start 29: 2.244 7 ForkPoolWorker-8

/home/u3518384/CompPhys/11020PHYS401200-Ising-Model/torch-V4/Cv.py:182: RuntimeWarning: divide by zero encountered in log
  E = -np.log(W)
/home/u3518384/CompPhys/11020PHYS401200-Ising-Model/torch-V4/Cv.py:183: RuntimeWarning: invalid value encountered in subtract
  Corr_len = 1 / (E[:, -2] - E[:, -1])
/home/u3518384/CompPhys/11020PHYS401200-Ising-Model/torch-V4/Cv.py:183: RuntimeWarning: divide by zero encountered in divide
  Corr_len = 1 / (E[:, -2] - E[:, -1])
End 24: 2.236 Use time: 32.84
Start 25: 2.238 6 ForkPoolWorker-7

/home/u3518384/CompPhys/11020PHYS401200-Ising-Model/torch-V4/Cv.py:182: RuntimeWarning: divide by zero encountered in log
  E = -np.log(W)
/home/u3518384/CompPhys/11020PHYS401200-Ising-Model/torch-V4/Cv.py:183: RuntimeWarning: invalid value encountered in subtract
  Corr_len = 1 / (E[:, -2] - E[:, -1])
/home/u3518384/CompPhys/11020PHYS401200-Ising-Model/torch-V4/Cv.py:183: RuntimeWarning: divide by zero encountered in divide
  Corr_len = 1 / (E[:, -2] - E[:, -1])
End 12: 2.218 Use time: 33.29
Start 13: 2.220 5 ForkPoolWorker-6

End 17: 2.226 Use time: 19.59
Start 18: 2.227 3 ForkPoolWorker-4

End 9: 2.214 Use time: 19.38
Start 10: 2.215 2 ForkPoolWorker-3

End 25: 2.238 Use time: 18.66
Start 26: 2.239 6 ForkPoolWorker-7

End 29: 2.244 Use time: 20.52
Start 30: 2.245 7 ForkPoolWorker-8

End 21: 2.232 Use time: 20.78
Start 22: 2.233 4 ForkPoolWorker-5

End 13: 2.220 Use time: 20.13
Start 14: 2.221 5 ForkPoolWorker-6

End 18: 2.227 Use time: 20.38
Start 19: 2.229 3 ForkPoolWorker-4

End 10: 2.215 Use time: 21.32
Start 11: 2.217 2 ForkPoolWorker-3

End 26: 2.239 Use time: 21.02
Start 27: 2.241 6 ForkPoolWorker-7

/home/u3518384/CompPhys/11020PHYS401200-Ising-Model/torch-V4/Cv.py:183: RuntimeWarning: divide by zero encountered in divide
  Corr_len = 1 / (E[:, -2] - E[:, -1])
End 22: 2.233 Use time: 19.27
Start 23: 2.235 4 ForkPoolWorker-5

End 30: 2.245 Use time: 20.29
Start 31: 2.247 7 ForkPoolWorker-8

End 14: 2.221 Use time: 20.26
Start 15: 2.223 5 ForkPoolWorker-6

End 19: 2.229 Use time: 18.89
Start 32: 2.248 3 ForkPoolWorker-4

End 23: 2.235 Use time: 20.05
Start 36: 2.255 4 ForkPoolWorker-5

End 27: 2.241 Use time: 20.35
Start 40: 2.261 6 ForkPoolWorker-7

End 31: 2.247 Use time: 19.65
Start 44: 2.267 7 ForkPoolWorker-8

End 11: 2.217 Use time: 22.10
Start 48: 2.273 2 ForkPoolWorker-3

End 15: 2.223 Use time: 24.20
Start 52: 2.279 5 ForkPoolWorker-6

End 32: 2.248 Use time: 16.14
Start 33: 2.250 3 ForkPoolWorker-4

End 44: 2.267 Use time: 17.41
Start 45: 2.268 7 ForkPoolWorker-8

End 36: 2.255 Use time: 18.41
Start 37: 2.256 4 ForkPoolWorker-5

End 40: 2.261 Use time: 24.62
Start 41: 2.262 6 ForkPoolWorker-7

End 33: 2.250 Use time: 19.30
Start 34: 2.252 3 ForkPoolWorker-4

End 45: 2.268 Use time: 16.24
Start 46: 2.270 7 ForkPoolWorker-8

End 37: 2.256 Use time: 16.73
Start 38: 2.258 4 ForkPoolWorker-5

End 41: 2.262 Use time: 15.93
Start 42: 2.264 6 ForkPoolWorker-7

End 38: 2.258 Use time: 13.12
Start 39: 2.259 4 ForkPoolWorker-5

End 34: 2.252 Use time: 16.48
Start 35: 2.253 3 ForkPoolWorker-4

End 42: 2.264 Use time: 11.06
Start 43: 2.265 6 ForkPoolWorker-7

End 39: 2.259 Use time: 10.20
Start 56: 2.285 4 ForkPoolWorker-5

End 35: 2.253 Use time: 10.82
Start 60: 2.291 3 ForkPoolWorker-4

End 43: 2.265 Use time: 10.05
Start 64: 2.297 6 ForkPoolWorker-7

/home/u3518384/CompPhys/11020PHYS401200-Ising-Model/torch-V4/Cv.py:95: UserWarning: torch.linalg.svd: During SVD computation with the selected cusolver driver, batches 0 failed to converge. A more accurate method will be used to compute the SVD as a fallback. Check doc at https://pytorch.org/docs/stable/generated/torch.linalg.svd.html (Triggered internally at /opt/conda/conda-bld/pytorch_1729647378361/work/aten/src/ATen/native/cuda/linalg/BatchLinearAlgebraLib.cpp:697.)
  U, S, V = torch.svd(Tmerge_pure)
Start 68: 2.303 1 ForkPoolWorker-2

/home/u3518384/CompPhys/11020PHYS401200-Ising-Model/torch-V4/Cv.py:95: UserWarning: torch.linalg.svd: During SVD computation with the selected cusolver driver, batches 0 failed to converge. A more accurate method will be used to compute the SVD as a fallback. Check doc at https://pytorch.org/docs/stable/generated/torch.linalg.svd.html (Triggered internally at /opt/conda/conda-bld/pytorch_1729647378361/work/aten/src/ATen/native/cuda/linalg/BatchLinearAlgebraLib.cpp:697.)
  U, S, V = torch.svd(Tmerge_pure)
Start 72: 2.309 0 ForkPoolWorker-1

/home/u3518384/CompPhys/11020PHYS401200-Ising-Model/torch-V4/Cv.py:95: UserWarning: torch.linalg.svd: During SVD computation with the selected cusolver driver, batches 0 failed to converge. A more accurate method will be used to compute the SVD as a fallback. Check doc at https://pytorch.org/docs/stable/generated/torch.linalg.svd.html (Triggered internally at /opt/conda/conda-bld/pytorch_1729647378361/work/aten/src/ATen/native/cuda/linalg/BatchLinearAlgebraLib.cpp:697.)
  U, S, V = torch.svd(Tmerge_pure)
Start 76: 2.315 2 ForkPoolWorker-3

/home/u3518384/CompPhys/11020PHYS401200-Ising-Model/torch-V4/Cv.py:95: UserWarning: torch.linalg.svd: During SVD computation with the selected cusolver driver, batches 0 failed to converge. A more accurate method will be used to compute the SVD as a fallback. Check doc at https://pytorch.org/docs/stable/generated/torch.linalg.svd.html (Triggered internally at /opt/conda/conda-bld/pytorch_1729647378361/work/aten/src/ATen/native/cuda/linalg/BatchLinearAlgebraLib.cpp:697.)
  U, S, V = torch.svd(Tmerge_pure)
Start 80: 2.321 4 ForkPoolWorker-5

/home/u3518384/CompPhys/11020PHYS401200-Ising-Model/torch-V4/Cv.py:95: UserWarning: torch.linalg.svd: During SVD computation with the selected cusolver driver, batches 0 failed to converge. A more accurate method will be used to compute the SVD as a fallback. Check doc at https://pytorch.org/docs/stable/generated/torch.linalg.svd.html (Triggered internally at /opt/conda/conda-bld/pytorch_1729647378361/work/aten/src/ATen/native/cuda/linalg/BatchLinearAlgebraLib.cpp:697.)
  U, S, V = torch.svd(Tmerge_pure)
Start 84: 2.327 5 ForkPoolWorker-6

/home/u3518384/CompPhys/11020PHYS401200-Ising-Model/torch-V4/Cv.py:95: UserWarning: torch.linalg.svd: During SVD computation with the selected cusolver driver, batches 0 failed to converge. A more accurate method will be used to compute the SVD as a fallback. Check doc at https://pytorch.org/docs/stable/generated/torch.linalg.svd.html (Triggered internally at /opt/conda/conda-bld/pytorch_1729647378361/work/aten/src/ATen/native/cuda/linalg/BatchLinearAlgebraLib.cpp:697.)
  U, S, V = torch.svd(Tmerge_pure)
Start 88: 2.333 7 ForkPoolWorker-8

/home/u3518384/CompPhys/11020PHYS401200-Ising-Model/torch-V4/Cv.py:95: UserWarning: torch.linalg.svd: During SVD computation with the selected cusolver driver, batches 0 failed to converge. A more accurate method will be used to compute the SVD as a fallback. Check doc at https://pytorch.org/docs/stable/generated/torch.linalg.svd.html (Triggered internally at /opt/conda/conda-bld/pytorch_1729647378361/work/aten/src/ATen/native/cuda/linalg/BatchLinearAlgebraLib.cpp:697.)
  U, S, V = torch.svd(Tmerge_pure)
Start 92: 2.339 6 ForkPoolWorker-7

/home/u3518384/CompPhys/11020PHYS401200-Ising-Model/torch-V4/Cv.py:95: UserWarning: torch.linalg.svd: During SVD computation with the selected cusolver driver, batches 0 failed to converge. A more accurate method will be used to compute the SVD as a fallback. Check doc at https://pytorch.org/docs/stable/generated/torch.linalg.svd.html (Triggered internally at /opt/conda/conda-bld/pytorch_1729647378361/work/aten/src/ATen/native/cuda/linalg/BatchLinearAlgebraLib.cpp:697.)
  U, S, V = torch.svd(Tmerge_pure)
Start 96: 2.345 3 ForkPoolWorker-4

multiprocessing.pool.RemoteTraceback: 
"""
Traceback (most recent call last):
  File "/home/u3518384/anaconda3/envs/py312-torch/lib/python3.12/multiprocessing/pool.py", line 125, in worker
    result = (True, func(*args, **kwds))
                    ^^^^^^^^^^^^^^^^^^^
  File "/home/u3518384/anaconda3/envs/py312-torch/lib/python3.12/multiprocessing/pool.py", line 51, in starmapstar
    return list(itertools.starmap(args[0], args[1]))
           ^^^^^^^^^^^^^^^^^^^^^^^^^^^^^^^^^^^^^^^^^
  File "/home/u3518384/CompPhys/11020PHYS401200-Ising-Model/torch-V4/Cv.py", line 177, in compute_Cv_for_temp_cuda
    TL = merge_y_truncate(TLx, TLx, dcut)
         ^^^^^^^^^^^^^^^^^^^^^^^^^^^^^^^^
  File "/home/u3518384/CompPhys/11020PHYS401200-Ising-Model/torch-V4/Cv.py", line 95, in merge_y_truncate
    U, S, V = torch.svd(Tmerge_pure)
              ^^^^^^^^^^^^^^^^^^^^^^
torch._C._LinAlgError: linalg.svd: The algorithm failed to converge because the input matrix is ill-conditioned or has too many repeated singular values (error code: 1024).
"""

The above exception was the direct cause of the following exception:

Traceback (most recent call last):
  File "/home/u3518384/CompPhys/11020PHYS401200-Ising-Model/torch-V4/Cv.py", line 192, in <module>
    results = pool.starmap(compute_Cv_for_temp_cuda, [(i, temp) for i, temp in enumerate(Temp)])
              ^^^^^^^^^^^^^^^^^^^^^^^^^^^^^^^^^^^^^^^^^^^^^^^^^^^^^^^^^^^^^^^^^^^^^^^^^^^^^^^^^^
  File "/home/u3518384/anaconda3/envs/py312-torch/lib/python3.12/multiprocessing/pool.py", line 375, in starmap
    return self._map_async(func, iterable, starmapstar, chunksize).get()
           ^^^^^^^^^^^^^^^^^^^^^^^^^^^^^^^^^^^^^^^^^^^^^^^^^^^^^^^^^^^^^
  File "/home/u3518384/anaconda3/envs/py312-torch/lib/python3.12/multiprocessing/pool.py", line 774, in get
    raise self._value
torch._C._LinAlgError: linalg.svd: The algorithm failed to converge because the input matrix is ill-conditioned or has too many repeated singular values (error code: 1024).
Tue Dec 24 22:16:23 CST 2024
4333
