Tue Dec 24 20:56:04 CST 2024
hgpn08
              total        used        free      shared  buff/cache   available
Mem:          2.0Ti        28Gi       1.7Ti       5.0Gi       216Gi       1.9Ti
Swap:            0B          0B          0B
11 0.01 20 8
Start 0: 2.200 0 ForkPoolWorker-1

Start 4: 2.206 1 ForkPoolWorker-2

Start 8: 2.212 4 ForkPoolWorker-5

Start 12: 2.218 2 ForkPoolWorker-3

Start 16: 2.224 3 ForkPoolWorker-4

Start 20: 2.230 6 ForkPoolWorker-7

Start 24: 2.236 5 ForkPoolWorker-6

Start 28: 2.242 7 ForkPoolWorker-8

/home/u3518384/CompPhys/11020PHYS401200-Ising-Model/torch-V4/Cv.py:166: DeprecationWarning: __array__ implementation doesn't accept a copy keyword, so passing copy=False failed. __array__ must implement 'dtype' and 'copy' keyword arguments.
  W[j, :] = eigvals[-2:]
/home/u3518384/CompPhys/11020PHYS401200-Ising-Model/torch-V4/Cv.py:182: RuntimeWarning: divide by zero encountered in log
  E = -np.log(W)
/home/u3518384/CompPhys/11020PHYS401200-Ising-Model/torch-V4/Cv.py:183: RuntimeWarning: invalid value encountered in subtract
  Corr_len = 1 / (E[:, -2] - E[:, -1])
End 4: 2.206 Use time: 12.41
Start 5: 2.208 1 ForkPoolWorker-2

/home/u3518384/CompPhys/11020PHYS401200-Ising-Model/torch-V4/Cv.py:166: DeprecationWarning: __array__ implementation doesn't accept a copy keyword, so passing copy=False failed. __array__ must implement 'dtype' and 'copy' keyword arguments.
  W[j, :] = eigvals[-2:]
/home/u3518384/CompPhys/11020PHYS401200-Ising-Model/torch-V4/Cv.py:166: DeprecationWarning: __array__ implementation doesn't accept a copy keyword, so passing copy=False failed. __array__ must implement 'dtype' and 'copy' keyword arguments.
  W[j, :] = eigvals[-2:]
/home/u3518384/CompPhys/11020PHYS401200-Ising-Model/torch-V4/Cv.py:182: RuntimeWarning: divide by zero encountered in log
  E = -np.log(W)
/home/u3518384/CompPhys/11020PHYS401200-Ising-Model/torch-V4/Cv.py:183: RuntimeWarning: invalid value encountered in subtract
  Corr_len = 1 / (E[:, -2] - E[:, -1])
End 12: 2.218 Use time: 13.88
Start 13: 2.220 2 ForkPoolWorker-3

/home/u3518384/CompPhys/11020PHYS401200-Ising-Model/torch-V4/Cv.py:166: DeprecationWarning: __array__ implementation doesn't accept a copy keyword, so passing copy=False failed. __array__ must implement 'dtype' and 'copy' keyword arguments.
  W[j, :] = eigvals[-2:]
/home/u3518384/CompPhys/11020PHYS401200-Ising-Model/torch-V4/Cv.py:166: DeprecationWarning: __array__ implementation doesn't accept a copy keyword, so passing copy=False failed. __array__ must implement 'dtype' and 'copy' keyword arguments.
  W[j, :] = eigvals[-2:]
/home/u3518384/CompPhys/11020PHYS401200-Ising-Model/torch-V4/Cv.py:166: DeprecationWarning: __array__ implementation doesn't accept a copy keyword, so passing copy=False failed. __array__ must implement 'dtype' and 'copy' keyword arguments.
  W[j, :] = eigvals[-2:]
/home/u3518384/CompPhys/11020PHYS401200-Ising-Model/torch-V4/Cv.py:166: DeprecationWarning: __array__ implementation doesn't accept a copy keyword, so passing copy=False failed. __array__ must implement 'dtype' and 'copy' keyword arguments.
  W[j, :] = eigvals[-2:]
/home/u3518384/CompPhys/11020PHYS401200-Ising-Model/torch-V4/Cv.py:166: DeprecationWarning: __array__ implementation doesn't accept a copy keyword, so passing copy=False failed. __array__ must implement 'dtype' and 'copy' keyword arguments.
  W[j, :] = eigvals[-2:]
/home/u3518384/CompPhys/11020PHYS401200-Ising-Model/torch-V4/Cv.py:182: RuntimeWarning: divide by zero encountered in log
  E = -np.log(W)
/home/u3518384/CompPhys/11020PHYS401200-Ising-Model/torch-V4/Cv.py:183: RuntimeWarning: invalid value encountered in subtract
  Corr_len = 1 / (E[:, -2] - E[:, -1])
End 0: 2.200 Use time: 14.49
Start 1: 2.202 0 ForkPoolWorker-1

/home/u3518384/CompPhys/11020PHYS401200-Ising-Model/torch-V4/Cv.py:182: RuntimeWarning: divide by zero encountered in log
  E = -np.log(W)
/home/u3518384/CompPhys/11020PHYS401200-Ising-Model/torch-V4/Cv.py:183: RuntimeWarning: invalid value encountered in subtract
  Corr_len = 1 / (E[:, -2] - E[:, -1])
End 20: 2.230 Use time: 14.73
Start 21: 2.232 6 ForkPoolWorker-7

/home/u3518384/CompPhys/11020PHYS401200-Ising-Model/torch-V4/Cv.py:182: RuntimeWarning: divide by zero encountered in log
  E = -np.log(W)
/home/u3518384/CompPhys/11020PHYS401200-Ising-Model/torch-V4/Cv.py:183: RuntimeWarning: invalid value encountered in subtract
  Corr_len = 1 / (E[:, -2] - E[:, -1])
End 24: 2.236 Use time: 14.80
Start 25: 2.238 5 ForkPoolWorker-6

/home/u3518384/CompPhys/11020PHYS401200-Ising-Model/torch-V4/Cv.py:182: RuntimeWarning: divide by zero encountered in log
  E = -np.log(W)
/home/u3518384/CompPhys/11020PHYS401200-Ising-Model/torch-V4/Cv.py:183: RuntimeWarning: invalid value encountered in subtract
  Corr_len = 1 / (E[:, -2] - E[:, -1])
End 16: 2.224 Use time: 14.95
Start 17: 2.226 3 ForkPoolWorker-4

/home/u3518384/CompPhys/11020PHYS401200-Ising-Model/torch-V4/Cv.py:182: RuntimeWarning: divide by zero encountered in log
  E = -np.log(W)
/home/u3518384/CompPhys/11020PHYS401200-Ising-Model/torch-V4/Cv.py:183: RuntimeWarning: invalid value encountered in subtract
  Corr_len = 1 / (E[:, -2] - E[:, -1])
End 8: 2.212 Use time: 15.22
Start 9: 2.214 4 ForkPoolWorker-5

/home/u3518384/CompPhys/11020PHYS401200-Ising-Model/torch-V4/Cv.py:182: RuntimeWarning: divide by zero encountered in log
  E = -np.log(W)
/home/u3518384/CompPhys/11020PHYS401200-Ising-Model/torch-V4/Cv.py:183: RuntimeWarning: invalid value encountered in subtract
  Corr_len = 1 / (E[:, -2] - E[:, -1])
End 28: 2.242 Use time: 17.06
Start 29: 2.244 7 ForkPoolWorker-8

End 5: 2.208 Use time: 6.94
Start 6: 2.209 1 ForkPoolWorker-2

End 13: 2.220 Use time: 6.61
Start 14: 2.221 2 ForkPoolWorker-3

End 25: 2.238 Use time: 6.25
Start 26: 2.239 5 ForkPoolWorker-6

End 9: 2.214 Use time: 6.24
Start 10: 2.215 4 ForkPoolWorker-5

End 17: 2.226 Use time: 6.53
Start 18: 2.227 3 ForkPoolWorker-4

End 1: 2.202 Use time: 7.11
Start 2: 2.203 0 ForkPoolWorker-1

End 21: 2.232 Use time: 7.23
Start 22: 2.233 6 ForkPoolWorker-7

End 29: 2.244 Use time: 7.46
Start 30: 2.245 7 ForkPoolWorker-8

End 6: 2.209 Use time: 6.64
Start 7: 2.211 1 ForkPoolWorker-2

End 26: 2.239 Use time: 5.77
Start 27: 2.241 5 ForkPoolWorker-6

End 22: 2.233 Use time: 5.04
Start 23: 2.235 6 ForkPoolWorker-7

End 2: 2.203 Use time: 6.65
Start 3: 2.205 0 ForkPoolWorker-1

End 10: 2.215 Use time: 6.81
Start 11: 2.217 4 ForkPoolWorker-5

/home/u3518384/CompPhys/11020PHYS401200-Ising-Model/torch-V4/Cv.py:183: RuntimeWarning: divide by zero encountered in divide
  Corr_len = 1 / (E[:, -2] - E[:, -1])
End 14: 2.221 Use time: 7.83
Start 15: 2.223 2 ForkPoolWorker-3

End 18: 2.227 Use time: 8.19
Start 19: 2.229 3 ForkPoolWorker-4

End 30: 2.245 Use time: 5.56
Start 31: 2.247 7 ForkPoolWorker-8

End 7: 2.211 Use time: 5.71
Start 32: 2.248 1 ForkPoolWorker-2

End 27: 2.241 Use time: 6.67
Start 36: 2.255 5 ForkPoolWorker-6

End 11: 2.217 Use time: 6.42
Start 40: 2.261 4 ForkPoolWorker-5

End 3: 2.205 Use time: 6.58
Start 44: 2.267 0 ForkPoolWorker-1

End 23: 2.235 Use time: 7.84
Start 48: 2.273 6 ForkPoolWorker-7

End 19: 2.229 Use time: 7.04
Start 52: 2.279 3 ForkPoolWorker-4

End 32: 2.248 Use time: 5.48
Start 33: 2.250 1 ForkPoolWorker-2

End 31: 2.247 Use time: 7.36
Start 56: 2.285 7 ForkPoolWorker-8

End 15: 2.223 Use time: 9.83
Start 60: 2.291 2 ForkPoolWorker-3

End 40: 2.261 Use time: 5.36
Start 41: 2.262 4 ForkPoolWorker-5

End 36: 2.255 Use time: 7.70
Start 37: 2.256 5 ForkPoolWorker-6

End 33: 2.250 Use time: 4.84
Start 34: 2.252 1 ForkPoolWorker-2

End 44: 2.267 Use time: 8.03
Start 45: 2.268 0 ForkPoolWorker-1

End 48: 2.273 Use time: 8.11
Start 49: 2.274 6 ForkPoolWorker-7

End 60: 2.291 Use time: 5.34
Start 61: 2.292 2 ForkPoolWorker-3

End 52: 2.279 Use time: 6.87
Start 53: 2.280 3 ForkPoolWorker-4

End 56: 2.285 Use time: 7.58
Start 57: 2.286 7 ForkPoolWorker-8

End 41: 2.262 Use time: 6.17
Start 42: 2.264 4 ForkPoolWorker-5

End 37: 2.256 Use time: 7.29
Start 38: 2.258 5 ForkPoolWorker-6

End 49: 2.274 Use time: 5.74
Start 50: 2.276 6 ForkPoolWorker-7

End 45: 2.268 Use time: 5.96
Start 46: 2.270 0 ForkPoolWorker-1

End 34: 2.252 Use time: 7.71
Start 35: 2.253 1 ForkPoolWorker-2

End 53: 2.280 Use time: 6.52
Start 54: 2.282 3 ForkPoolWorker-4

End 57: 2.286 Use time: 5.35
Start 58: 2.288 7 ForkPoolWorker-8

End 61: 2.292 Use time: 8.70
Start 62: 2.294 2 ForkPoolWorker-3

End 46: 2.270 Use time: 4.24
Start 47: 2.271 0 ForkPoolWorker-1

End 42: 2.264 Use time: 6.86
Start 43: 2.265 4 ForkPoolWorker-5

End 54: 2.282 Use time: 4.37
Start 55: 2.283 3 ForkPoolWorker-4

End 38: 2.258 Use time: 6.00
Start 39: 2.259 5 ForkPoolWorker-6

End 50: 2.276 Use time: 6.56
Start 51: 2.277 6 ForkPoolWorker-7

End 58: 2.288 Use time: 5.28
Start 59: 2.289 7 ForkPoolWorker-8

End 35: 2.253 Use time: 6.43
Start 64: 2.297 1 ForkPoolWorker-2

End 62: 2.294 Use time: 6.70
Start 63: 2.295 2 ForkPoolWorker-3

End 47: 2.271 Use time: 6.35
Start 68: 2.303 0 ForkPoolWorker-1

End 43: 2.265 Use time: 6.60
Start 72: 2.309 4 ForkPoolWorker-5

End 64: 2.297 Use time: 5.13
Start 65: 2.298 1 ForkPoolWorker-2

End 55: 2.283 Use time: 7.24
Start 76: 2.315 3 ForkPoolWorker-4

End 39: 2.259 Use time: 7.26
Start 80: 2.321 5 ForkPoolWorker-6

End 59: 2.289 Use time: 6.44
Start 84: 2.327 7 ForkPoolWorker-8

End 51: 2.277 Use time: 7.15
Start 88: 2.333 6 ForkPoolWorker-7

End 63: 2.295 Use time: 7.12
Start 92: 2.339 2 ForkPoolWorker-3

End 68: 2.303 Use time: 6.71
Start 69: 2.305 0 ForkPoolWorker-1

End 84: 2.327 Use time: 4.81
Start 85: 2.329 7 ForkPoolWorker-8

End 72: 2.309 Use time: 7.80
Start 73: 2.311 4 ForkPoolWorker-5

End 88: 2.333 Use time: 5.85
Start 89: 2.335 6 ForkPoolWorker-7

End 65: 2.298 Use time: 7.82
Start 66: 2.300 1 ForkPoolWorker-2

End 80: 2.321 Use time: 8.22
Start 81: 2.323 5 ForkPoolWorker-6

End 76: 2.315 Use time: 8.67
Start 77: 2.317 3 ForkPoolWorker-4

End 85: 2.329 Use time: 5.37
Start 86: 2.330 7 ForkPoolWorker-8

End 69: 2.305 Use time: 6.20
Start 70: 2.306 0 ForkPoolWorker-1

End 92: 2.339 Use time: 6.30
Start 93: 2.341 2 ForkPoolWorker-3

End 73: 2.311 Use time: 5.13
Start 74: 2.312 4 ForkPoolWorker-5

End 89: 2.335 Use time: 5.95
Start 90: 2.336 6 ForkPoolWorker-7

End 77: 2.317 Use time: 5.09
Start 78: 2.318 3 ForkPoolWorker-4

End 81: 2.323 Use time: 6.32
Start 82: 2.324 5 ForkPoolWorker-6

End 66: 2.300 Use time: 7.31
Start 67: 2.302 1 ForkPoolWorker-2

End 86: 2.330 Use time: 6.38
Start 87: 2.332 7 ForkPoolWorker-8

End 70: 2.306 Use time: 6.70
Start 71: 2.308 0 ForkPoolWorker-1

End 93: 2.341 Use time: 6.77
Start 94: 2.342 2 ForkPoolWorker-3

End 90: 2.336 Use time: 5.43
Start 91: 2.338 6 ForkPoolWorker-7

End 74: 2.312 Use time: 7.54
Start 75: 2.314 4 ForkPoolWorker-5

End 82: 2.324 Use time: 5.66
Start 83: 2.326 5 ForkPoolWorker-6

End 78: 2.318 Use time: 7.01
Start 79: 2.320 3 ForkPoolWorker-4

End 67: 2.302 Use time: 6.54
Start 96: 2.345 1 ForkPoolWorker-2

End 87: 2.332 Use time: 5.72
End 75: 2.314 Use time: 4.62
End 71: 2.308 Use time: 5.99
End 94: 2.342 Use time: 6.13
Start 95: 2.344 2 ForkPoolWorker-3

End 91: 2.338 Use time: 5.64
End 96: 2.345 Use time: 3.24
Start 97: 2.347 1 ForkPoolWorker-2

End 83: 2.326 Use time: 4.27
End 79: 2.320 Use time: 3.88
End 95: 2.344 Use time: 1.41
End 97: 2.347 Use time: 1.04
Start 98: 2.348 1 ForkPoolWorker-2

End 98: 2.348 Use time: 0.93
Start 99: 2.350 1 ForkPoolWorker-2

End 99: 2.350 Use time: 0.93
Results saved to Cv_results.pkl
Tue Dec 24 20:57:36 CST 2024
92
